2018-03-30 00:54:37.419 94 DEBUG nova.openstack.common.service [-] rabbit_ha_queues               = False log_opt_values /usr/lib/python2.7/dist-packages/oslo/config/cfg.py:1992
2018-03-30 00:54:37.419 94 DEBUG nova.openstack.common.service [-] rabbit_host                    = 127.0.0.1 log_opt_values /usr/lib/python2.7/dist-packages/oslo/config/cfg.py:1992
2018-03-30 00:54:37.419 94 DEBUG nova.openstack.common.service [-] rabbit_hosts                   = ['127.0.0.1:5672'] log_opt_values /usr/lib/python2.7/dist-packages/oslo/config/cfg.py:1992
2018-03-30 00:54:37.419 94 DEBUG nova.openstack.common.service [-] rabbit_login_method            = AMQPLAIN log_opt_values /usr/lib/python2.7/dist-packages/oslo/config/cfg.py:1992
2018-03-30 00:54:37.419 94 DEBUG nova.openstack.common.service [-] rabbit_max_retries             = 0 log_opt_values /usr/lib/python2.7/dist-packages/oslo/config/cfg.py:1992
2018-03-30 00:54:37.419 94 DEBUG nova.openstack.common.service [-] rabbit_password                = **** log_opt_values /usr/lib/python2.7/dist-packages/oslo/config/cfg.py:1992
2018-03-30 00:54:37.419 94 DEBUG nova.openstack.common.service [-] rabbit_port                    = 5672 log_opt_values /usr/lib/python2.7/dist-packages/oslo/config/cfg.py:1992
2018-03-30 00:54:37.419 94 DEBUG nova.openstack.common.service [-] rabbit_retry_backoff           = 2 log_opt_values /usr/lib/python2.7/dist-packages/oslo/config/cfg.py:1992
2018-03-30 00:54:37.420 94 DEBUG nova.openstack.common.service [-] rabbit_retry_interval          = 1 log_opt_values /usr/lib/python2.7/dist-packages/oslo/config/cfg.py:1992
2018-03-30 00:54:37.420 94 DEBUG nova.openstack.common.service [-] rabbit_use_ssl                 = False log_opt_values /usr/lib/python2.7/dist-packages/oslo/config/cfg.py:1992
2018-03-30 00:54:37.420 94 DEBUG nova.openstack.common.service [-] rabbit_userid                  = guest log_opt_values /usr/lib/python2.7/dist-packages/oslo/config/cfg.py:1992
2018-03-30 00:54:37.420 94 DEBUG nova.openstack.common.service [-] rabbit_virtual_host            = / log_opt_values /usr/lib/python2.7/dist-packages/oslo/config/cfg.py:1992
2018-03-30 00:54:37.420 94 DEBUG nova.openstack.common.service [-] reboot_timeout                 = 0 log_opt_values /usr/lib/python2.7/dist-packages/oslo/config/cfg.py:1992
2018-03-30 00:54:37.420 94 DEBUG nova.openstack.common.service [-] reclaim_instance_interval      = 0 log_opt_values /usr/lib/python2.7/dist-packages/oslo/config/cfg.py:1992
2018-03-30 00:54:37.420 94 DEBUG nova.openstack.common.service [-] remove_unused_base_images      = True log_opt_values /usr/lib/python2.7/dist-packages/oslo/config/cfg.py:1992
2018-03-30 00:54:37.420 94 DEBUG nova.openstack.common.service [-] remove_unused_original_minimum_age_seconds = 86400 log_opt_values /usr/lib/python2.7/dist-packages/oslo/config/cfg.py:1992
2018-03-30 00:54:37.420 94 DEBUG nova.openstack.common.service [-] report_interval                = 10 log_opt_values /usr/lib/python2.7/dist-packages/oslo/config/cfg.py:1992
2018-03-30 00:54:37.421 94 DEBUG nova.openstack.common.service [-] rescue_timeout                 = 0 log_opt_values /usr/lib/python2.7/dist-packages/oslo/config/cfg.py:1992
2018-03-30 00:54:37.421 94 DEBUG nova.openstack.common.service [-] reservation_expire             = 86400 log_opt_values /usr/lib/python2.7/dist-packages/oslo/config/cfg.py:1992
2018-03-30 00:54:37.421 94 DEBUG nova.openstack.common.service [-] reserved_host_disk_mb          = 0 log_opt_values /usr/lib/python2.7/dist-packages/oslo/config/cfg.py:1992
2018-03-30 00:54:37.421 94 DEBUG nova.openstack.common.service [-] reserved_host_memory_mb        = 512 log_opt_values /usr/lib/python2.7/dist-packages/oslo/config/cfg.py:1992
2018-03-30 00:54:37.421 94 DEBUG nova.openstack.common.service [-] resize_confirm_window          = 0 log_opt_values /usr/lib/python2.7/dist-packages/oslo/config/cfg.py:1992
2018-03-30 00:54:37.421 94 DEBUG nova.openstack.common.service [-] resume_guests_state_on_host_boot = False log_opt_values /usr/lib/python2.7/dist-packages/oslo/config/cfg.py:1992
2018-03-30 00:54:37.421 94 DEBUG nova.openstack.common.service [-] rootwrap_config                = /etc/nova/rootwrap.conf log_opt_values /usr/lib/python2.7/dist-packages/oslo/config/cfg.py:1992
2018-03-30 00:54:37.421 94 DEBUG nova.openstack.common.service [-] rpc_backend                    = rabbit log_opt_values /usr/lib/python2.7/dist-packages/oslo/config/cfg.py:1992
2018-03-30 00:54:37.421 94 DEBUG nova.openstack.common.service [-] rpc_conn_pool_size             = 30 log_opt_values /usr/lib/python2.7/dist-packages/oslo/config/cfg.py:1992
2018-03-30 00:54:37.422 94 DEBUG nova.openstack.common.service [-] rpc_response_timeout           = 60 log_opt_values /usr/lib/python2.7/dist-packages/oslo/config/cfg.py:1992
2018-03-30 00:54:37.422 94 DEBUG nova.openstack.common.service [-] run_external_periodic_tasks    = True log_opt_values /usr/lib/python2.7/dist-packages/oslo/config/cfg.py:1992
2018-03-30 00:54:37.422 94 DEBUG nova.openstack.common.service [-] running_deleted_instance_action = reap log_opt_values /usr/lib/python2.7/dist-packages/oslo/config/cfg.py:1992
2018-03-30 00:54:37.422 94 DEBUG nova.openstack.common.service [-] running_deleted_instance_poll_interval = 1800 log_opt_values /usr/lib/python2.7/dist-packages/oslo/config/cfg.py:1992
2018-03-30 00:54:37.422 94 DEBUG nova.openstack.common.service [-] running_deleted_instance_timeout = 0 log_opt_values /usr/lib/python2.7/dist-packages/oslo/config/cfg.py:1992
2018-03-30 00:54:37.422 94 DEBUG nova.openstack.common.service [-] scheduler_host_manager         = nova.scheduler.host_manager.HostManager log_opt_values /usr/lib/python2.7/dist-packages/oslo/config/cfg.py:1992
2018-03-30 00:54:37.422 94 DEBUG nova.openstack.common.service [-] scheduler_manager              = nova.scheduler.manager.SchedulerManager log_opt_values /usr/lib/python2.7/dist-packages/oslo/config/cfg.py:1992
2018-03-30 00:54:37.422 94 DEBUG nova.openstack.common.service [-] scheduler_max_attempts         = 3 log_opt_values /usr/lib/python2.7/dist-packages/oslo/config/cfg.py:1992
2018-03-30 00:54:37.422 94 DEBUG nova.openstack.common.service [-] scheduler_topic                = scheduler log_opt_values /usr/lib/python2.7/dist-packages/oslo/config/cfg.py:1992
2018-03-30 00:54:37.423 94 DEBUG nova.openstack.common.service [-] security_group_api             = nova log_opt_values /usr/lib/python2.7/dist-packages/oslo/config/cfg.py:1992
2018-03-30 00:54:37.423 94 DEBUG nova.openstack.common.service [-] service_down_time              = 60 log_opt_values /usr/lib/python2.7/dist-packages/oslo/config/cfg.py:1992
2018-03-30 00:54:37.423 94 DEBUG nova.openstack.common.service [-] servicegroup_driver            = db log_opt_values /usr/lib/python2.7/dist-packages/oslo/config/cfg.py:1992
2018-03-30 00:54:37.423 94 DEBUG nova.openstack.common.service [-] share_dhcp_address             = False log_opt_values /usr/lib/python2.7/dist-packages/oslo/config/cfg.py:1992
2018-03-30 00:54:37.423 94 DEBUG nova.openstack.common.service [-] shelved_offload_time           = 0 log_opt_values /usr/lib/python2.7/dist-packages/oslo/config/cfg.py:1992
2018-03-30 00:54:37.423 94 DEBUG nova.openstack.common.service [-] shelved_poll_interval          = 3600 log_opt_values /usr/lib/python2.7/dist-packages/oslo/config/cfg.py:1992
2018-03-30 00:54:37.423 94 DEBUG nova.openstack.common.service [-] shutdown_timeout               = 60 log_opt_values /usr/lib/python2.7/dist-packages/oslo/config/cfg.py:1992
2018-03-30 00:54:37.424 94 DEBUG nova.openstack.common.service [-] snapshot_name_template         = snapshot-%s log_opt_values /usr/lib/python2.7/dist-packages/oslo/config/cfg.py:1992
2018-03-30 00:54:37.424 94 DEBUG nova.openstack.common.service [-] ssl_ca_file                    = None log_opt_values /usr/lib/python2.7/dist-packages/oslo/config/cfg.py:1992
2018-03-30 00:54:37.424 94 DEBUG nova.openstack.common.service [-] ssl_cert_file                  = None log_opt_values /usr/lib/python2.7/dist-packages/oslo/config/cfg.py:1992
2018-03-30 00:54:37.424 223 AUDIT nova.service [-] Starting conductor node (version 2014.2.4)
2018-03-30 00:54:37.424 94 DEBUG nova.openstack.common.service [-] ssl_key_file                   = None log_opt_values /usr/lib/python2.7/dist-packages/oslo/config/cfg.py:1992
2018-03-30 00:54:37.424 94 DEBUG nova.openstack.common.service [-] state_path                     = /usr/lib/python2.7/dist-packages log_opt_values /usr/lib/python2.7/dist-packages/oslo/config/cfg.py:1992
2018-03-30 00:54:37.424 94 DEBUG nova.openstack.common.service [-] sync_power_state_concurrency   = 20 log_opt_values /usr/lib/python2.7/dist-packages/oslo/config/cfg.py:1992
2018-03-30 00:54:37.424 94 DEBUG nova.openstack.common.service [-] sync_power_state_interval      = 600 log_opt_values /usr/lib/python2.7/dist-packages/oslo/config/cfg.py:1992
2018-03-30 00:54:37.424 94 DEBUG nova.openstack.common.service [-] syslog_connect_retries         = 3 log_opt_values /usr/lib/python2.7/dist-packages/oslo/config/cfg.py:1992
2018-03-30 00:54:37.424 94 DEBUG nova.openstack.common.service [-] syslog_log_facility            = LOG_USER log_opt_values /usr/lib/python2.7/dist-packages/oslo/config/cfg.py:1992
2018-03-30 00:54:37.425 94 DEBUG nova.openstack.common.service [-] tcp_keepidle                   = 600 log_opt_values /usr/lib/python2.7/dist-packages/oslo/config/cfg.py:1992
2018-03-30 00:54:37.425 94 DEBUG nova.openstack.common.service [-] tempdir                        = None log_opt_values /usr/lib/python2.7/dist-packages/oslo/config/cfg.py:1992
2018-03-30 00:54:37.425 94 DEBUG nova.openstack.common.service [-] transport_url                  = None log_opt_values /usr/lib/python2.7/dist-packages/oslo/config/cfg.py:1992
2018-03-30 00:54:37.425 94 DEBUG nova.openstack.common.service [-] until_refresh                  = 0 log_opt_values /usr/lib/python2.7/dist-packages/oslo/config/cfg.py:1992
2018-03-30 00:54:37.425 94 DEBUG nova.openstack.common.service [-] use_cow_images                 = True log_opt_values /usr/lib/python2.7/dist-packages/oslo/config/cfg.py:1992
2018-03-30 00:54:37.425 94 DEBUG nova.openstack.common.service [-] use_forwarded_for              = False log_opt_values /usr/lib/python2.7/dist-packages/oslo/config/cfg.py:1992
2018-03-30 00:54:37.425 94 DEBUG nova.openstack.common.service [-] use_ipv6                       = False log_opt_values /usr/lib/python2.7/dist-packages/oslo/config/cfg.py:1992
2018-03-30 00:54:37.425 94 DEBUG nova.openstack.common.service [-] use_project_ca                 = False log_opt_values /usr/lib/python2.7/dist-packages/oslo/config/cfg.py:1992
2018-03-30 00:54:37.426 94 DEBUG nova.openstack.common.service [-] use_stderr                     = True log_opt_values /usr/lib/python2.7/dist-packages/oslo/config/cfg.py:1992
2018-03-30 00:54:37.426 94 DEBUG nova.openstack.common.service [-] use_syslog                     = False log_opt_values /usr/lib/python2.7/dist-packages/oslo/config/cfg.py:1992
2018-03-30 00:54:37.426 94 DEBUG nova.openstack.common.service [-] use_syslog_rfc_format          = False log_opt_values /usr/lib/python2.7/dist-packages/oslo/config/cfg.py:1992
2018-03-30 00:54:37.426 94 DEBUG nova.openstack.common.service [-] user_cert_subject              = /C=US/ST=California/O=OpenStack/OU=NovaDev/CN=%.16s-%.16s-%s log_opt_values /usr/lib/python2.7/dist-packages/oslo/config/cfg.py:1992
2018-03-30 00:54:37.426 94 DEBUG nova.openstack.common.service [-] vcpu_pin_set                   = None log_opt_values /usr/lib/python2.7/dist-packages/oslo/config/cfg.py:1992
2018-03-30 00:54:37.426 94 DEBUG nova.openstack.common.service [-] verbose                        = True log_opt_values /usr/lib/python2.7/dist-packages/oslo/config/cfg.py:1992
2018-03-30 00:54:37.426 94 DEBUG nova.openstack.common.service [-] vif_plugging_is_fatal          = True log_opt_values /usr/lib/python2.7/dist-packages/oslo/config/cfg.py:1992
2018-03-30 00:54:37.426 94 DEBUG nova.openstack.common.service [-] vif_plugging_timeout           = 300 log_opt_values /usr/lib/python2.7/dist-packages/oslo/config/cfg.py:1992
2018-03-30 00:54:37.427 94 DEBUG nova.openstack.common.service [-] vnc_enabled                    = True log_opt_values /usr/lib/python2.7/dist-packages/oslo/config/cfg.py:1992
2018-03-30 00:54:37.427 94 DEBUG nova.openstack.common.service [-] vnc_keymap                     = en-us log_opt_values /usr/lib/python2.7/dist-packages/oslo/config/cfg.py:1992
2018-03-30 00:54:37.427 94 DEBUG nova.openstack.common.service [-] vncserver_listen               = 127.0.0.1 log_opt_values /usr/lib/python2.7/dist-packages/oslo/config/cfg.py:1992
2018-03-30 00:54:37.427 94 DEBUG nova.openstack.common.service [-] vncserver_proxyclient_address  = 127.0.0.1 log_opt_values /usr/lib/python2.7/dist-packages/oslo/config/cfg.py:1992
2018-03-30 00:54:37.427 94 DEBUG nova.openstack.common.service [-] volume_api_class               = nova.volume.cinder.API log_opt_values /usr/lib/python2.7/dist-packages/oslo/config/cfg.py:1992
2018-03-30 00:54:37.427 94 DEBUG nova.openstack.common.service [-] volume_usage_poll_interval     = 0 log_opt_values /usr/lib/python2.7/dist-packages/oslo/config/cfg.py:1992
2018-03-30 00:54:37.427 94 DEBUG nova.openstack.common.service [-] vpn_flavor                     = m1.tiny log_opt_values /usr/lib/python2.7/dist-packages/oslo/config/cfg.py:1992
2018-03-30 00:54:37.428 94 DEBUG nova.openstack.common.service [-] vpn_image_id                   = 0 log_opt_values /usr/lib/python2.7/dist-packages/oslo/config/cfg.py:1992
2018-03-30 00:54:37.428 94 DEBUG nova.openstack.common.service [-] vpn_key_suffix                 = -vpn log_opt_values /usr/lib/python2.7/dist-packages/oslo/config/cfg.py:1992
2018-03-30 00:54:37.428 94 DEBUG nova.openstack.common.service [-] wsgi_default_pool_size         = 1000 log_opt_values /usr/lib/python2.7/dist-packages/oslo/config/cfg.py:1992
2018-03-30 00:54:37.428 94 DEBUG nova.openstack.common.service [-] wsgi_keep_alive                = True log_opt_values /usr/lib/python2.7/dist-packages/oslo/config/cfg.py:1992
2018-03-30 00:54:37.428 94 DEBUG nova.openstack.common.service [-] wsgi_log_format                = %(client_ip)s "%(request_line)s" status: %(status_code)s len: %(body_length)s time: %(wall_seconds).7f log_opt_values /usr/lib/python2.7/dist-packages/oslo/config/cfg.py:1992
2018-03-30 00:54:37.428 94 DEBUG nova.openstack.common.service [-] xvpvncproxy_base_url           = http://127.0.0.1:6081/console log_opt_values /usr/lib/python2.7/dist-packages/oslo/config/cfg.py:1992
2018-03-30 00:54:37.429 94 DEBUG nova.openstack.common.service [-] ephemeral_storage_encryption.cipher = aes-xts-plain64 log_opt_values /usr/lib/python2.7/dist-packages/oslo/config/cfg.py:2000
2018-03-30 00:54:37.429 94 DEBUG nova.openstack.common.service [-] ephemeral_storage_encryption.enabled = False log_opt_values /usr/lib/python2.7/dist-packages/oslo/config/cfg.py:2000
2018-03-30 00:54:37.433 94 DEBUG nova.openstack.common.service [-] ephemeral_storage_encryption.key_size = 512 log_opt_values /usr/lib/python2.7/dist-packages/oslo/config/cfg.py:2000
2018-03-30 00:54:37.433 94 DEBUG nova.openstack.common.service [-] osapi_v3.enabled               = False log_opt_values /usr/lib/python2.7/dist-packages/oslo/config/cfg.py:2000
2018-03-30 00:54:37.434 94 DEBUG nova.openstack.common.service [-] osapi_v3.extensions_blacklist  = [] log_opt_values /usr/lib/python2.7/dist-packages/oslo/config/cfg.py:2000
2018-03-30 00:54:37.434 94 DEBUG nova.openstack.common.service [-] osapi_v3.extensions_whitelist  = [] log_opt_values /usr/lib/python2.7/dist-packages/oslo/config/cfg.py:2000
2018-03-30 00:54:37.434 94 DEBUG nova.openstack.common.service [-] rdp.enabled                    = False log_opt_values /usr/lib/python2.7/dist-packages/oslo/config/cfg.py:2000
2018-03-30 00:54:37.434 94 DEBUG nova.openstack.common.service [-] rdp.html5_proxy_base_url       = http://127.0.0.1:6083/ log_opt_values /usr/lib/python2.7/dist-packages/oslo/config/cfg.py:2000
2018-03-30 00:54:37.434 94 DEBUG nova.openstack.common.service [-] conductor.manager              = nova.conductor.manager.ConductorManager log_opt_values /usr/lib/python2.7/dist-packages/oslo/config/cfg.py:2000
2018-03-30 00:54:37.434 94 DEBUG nova.openstack.common.service [-] conductor.topic                = conductor log_opt_values /usr/lib/python2.7/dist-packages/oslo/config/cfg.py:2000
2018-03-30 00:54:37.434 94 DEBUG nova.openstack.common.service [-] conductor.use_local            = False log_opt_values /usr/lib/python2.7/dist-packages/oslo/config/cfg.py:2000
2018-03-30 00:54:37.434 94 DEBUG nova.openstack.common.service [-] conductor.workers              = 4 log_opt_values /usr/lib/python2.7/dist-packages/oslo/config/cfg.py:2000
2018-03-30 00:54:37.435 94 DEBUG nova.openstack.common.service [-] database.backend               = sqlalchemy log_opt_values /usr/lib/python2.7/dist-packages/oslo/config/cfg.py:2000
2018-03-30 00:54:37.435 94 DEBUG nova.openstack.common.service [-] database.connection            = **** log_opt_values /usr/lib/python2.7/dist-packages/oslo/config/cfg.py:2000
2018-03-30 00:54:37.435 94 DEBUG nova.openstack.common.service [-] database.connection_debug      = 0 log_opt_values /usr/lib/python2.7/dist-packages/oslo/config/cfg.py:2000
2018-03-30 00:54:37.435 94 DEBUG nova.openstack.common.service [-] database.connection_trace      = False log_opt_values /usr/lib/python2.7/dist-packages/oslo/config/cfg.py:2000
2018-03-30 00:54:37.438 222 AUDIT nova.service [-] Starting conductor node (version 2014.2.4)
2018-03-30 00:54:37.435 94 DEBUG nova.openstack.common.service [-] database.db_inc_retry_interval = True log_opt_values /usr/lib/python2.7/dist-packages/oslo/config/cfg.py:2000
2018-03-30 00:54:37.438 94 DEBUG nova.openstack.common.service [-] database.db_max_retries        = 20 log_opt_values /usr/lib/python2.7/dist-packages/oslo/config/cfg.py:2000
2018-03-30 00:54:37.438 94 DEBUG nova.openstack.common.service [-] database.db_max_retry_interval = 10 log_opt_values /usr/lib/python2.7/dist-packages/oslo/config/cfg.py:2000
2018-03-30 00:54:37.447 94 DEBUG nova.openstack.common.service [-] database.db_retry_interval     = 1 log_opt_values /usr/lib/python2.7/dist-packages/oslo/config/cfg.py:2000
2018-03-30 00:54:37.447 94 DEBUG nova.openstack.common.service [-] database.idle_timeout          = 3600 log_opt_values /usr/lib/python2.7/dist-packages/oslo/config/cfg.py:2000
2018-03-30 00:54:37.447 94 DEBUG nova.openstack.common.service [-] database.max_overflow          = None log_opt_values /usr/lib/python2.7/dist-packages/oslo/config/cfg.py:2000
2018-03-30 00:54:37.447 94 DEBUG nova.openstack.common.service [-] database.max_pool_size         = None log_opt_values /usr/lib/python2.7/dist-packages/oslo/config/cfg.py:2000
2018-03-30 00:54:37.447 94 DEBUG nova.openstack.common.service [-] database.max_retries           = 10 log_opt_values /usr/lib/python2.7/dist-packages/oslo/config/cfg.py:2000
2018-03-30 00:54:37.447 94 DEBUG nova.openstack.common.service [-] database.min_pool_size         = 1 log_opt_values /usr/lib/python2.7/dist-packages/oslo/config/cfg.py:2000
2018-03-30 00:54:37.448 94 DEBUG nova.openstack.common.service [-] database.mysql_sql_mode        = TRADITIONAL log_opt_values /usr/lib/python2.7/dist-packages/oslo/config/cfg.py:2000
2018-03-30 00:54:37.448 94 DEBUG nova.openstack.common.service [-] database.pool_timeout          = None log_opt_values /usr/lib/python2.7/dist-packages/oslo/config/cfg.py:2000
2018-03-30 00:54:37.448 94 DEBUG nova.openstack.common.service [-] database.retry_interval        = 10 log_opt_values /usr/lib/python2.7/dist-packages/oslo/config/cfg.py:2000
2018-03-30 00:54:37.448 94 DEBUG nova.openstack.common.service [-] database.slave_connection      = **** log_opt_values /usr/lib/python2.7/dist-packages/oslo/config/cfg.py:2000
2018-03-30 00:54:37.448 94 DEBUG nova.openstack.common.service [-] database.sqlite_db             = nova.sqlite log_opt_values /usr/lib/python2.7/dist-packages/oslo/config/cfg.py:2000
2018-03-30 00:54:37.448 94 DEBUG nova.openstack.common.service [-] database.sqlite_synchronous    = True log_opt_values /usr/lib/python2.7/dist-packages/oslo/config/cfg.py:2000
2018-03-30 00:54:37.448 94 DEBUG nova.openstack.common.service [-] database.use_db_reconnect      = False log_opt_values /usr/lib/python2.7/dist-packages/oslo/config/cfg.py:2000
2018-03-30 00:54:37.449 94 DEBUG nova.openstack.common.service [-] database.use_tpool             = False log_opt_values /usr/lib/python2.7/dist-packages/oslo/config/cfg.py:2000
2018-03-30 00:54:37.449 94 DEBUG nova.openstack.common.service [-] upgrade_levels.baseapi         = None log_opt_values /usr/lib/python2.7/dist-packages/oslo/config/cfg.py:2000
2018-03-30 00:54:37.449 94 DEBUG nova.openstack.common.service [-] upgrade_levels.cells           = None log_opt_values /usr/lib/python2.7/dist-packages/oslo/config/cfg.py:2000
2018-03-30 00:54:37.449 94 DEBUG nova.openstack.common.service [-] upgrade_levels.compute         = None log_opt_values /usr/lib/python2.7/dist-packages/oslo/config/cfg.py:2000
2018-03-30 00:54:37.449 94 DEBUG nova.openstack.common.service [-] upgrade_levels.conductor       = None log_opt_values /usr/lib/python2.7/dist-packages/oslo/config/cfg.py:2000
2018-03-30 00:54:37.449 94 DEBUG nova.openstack.common.service [-] upgrade_levels.console         = None log_opt_values /usr/lib/python2.7/dist-packages/oslo/config/cfg.py:2000
2018-03-30 00:54:37.449 94 DEBUG nova.openstack.common.service [-] upgrade_levels.consoleauth     = None log_opt_values /usr/lib/python2.7/dist-packages/oslo/config/cfg.py:2000
2018-03-30 00:54:37.449 94 DEBUG nova.openstack.common.service [-] upgrade_levels.scheduler       = None log_opt_values /usr/lib/python2.7/dist-packages/oslo/config/cfg.py:2000
2018-03-30 00:54:37.450 94 DEBUG nova.openstack.common.service [-] cells.bandwidth_update_interval = 600 log_opt_values /usr/lib/python2.7/dist-packages/oslo/config/cfg.py:2000
2018-03-30 00:54:37.450 94 DEBUG nova.openstack.common.service [-] cells.call_timeout             = 60 log_opt_values /usr/lib/python2.7/dist-packages/oslo/config/cfg.py:2000
2018-03-30 00:54:37.450 94 DEBUG nova.openstack.common.service [-] cells.capabilities             = ['hypervisor=xenserver;kvm', 'os=linux;windows'] log_opt_values /usr/lib/python2.7/dist-packages/oslo/config/cfg.py:2000
2018-03-30 00:54:37.450 94 DEBUG nova.openstack.common.service [-] cells.cell_type                = compute log_opt_values /usr/lib/python2.7/dist-packages/oslo/config/cfg.py:2000
2018-03-30 00:54:37.450 94 DEBUG nova.openstack.common.service [-] cells.enable                   = False log_opt_values /usr/lib/python2.7/dist-packages/oslo/config/cfg.py:2000
2018-03-30 00:54:37.450 94 DEBUG nova.openstack.common.service [-] cells.manager                  = nova.cells.manager.CellsManager log_opt_values /usr/lib/python2.7/dist-packages/oslo/config/cfg.py:2000
2018-03-30 00:54:37.450 94 DEBUG nova.openstack.common.service [-] cells.mute_child_interval      = 300 log_opt_values /usr/lib/python2.7/dist-packages/oslo/config/cfg.py:2000
2018-03-30 00:54:37.451 94 DEBUG nova.openstack.common.service [-] cells.name                     = nova log_opt_values /usr/lib/python2.7/dist-packages/oslo/config/cfg.py:2000
2018-03-30 00:54:37.451 94 DEBUG nova.openstack.common.service [-] cells.reserve_percent          = 10.0 log_opt_values /usr/lib/python2.7/dist-packages/oslo/config/cfg.py:2000
2018-03-30 00:54:37.451 94 DEBUG nova.openstack.common.service [-] cells.topic                    = cells log_opt_values /usr/lib/python2.7/dist-packages/oslo/config/cfg.py:2000
2018-03-30 00:54:37.451 94 DEBUG nova.openstack.common.service [-] keymgr.api_class               = nova.keymgr.conf_key_mgr.ConfKeyManager log_opt_values /usr/lib/python2.7/dist-packages/oslo/config/cfg.py:2000
2018-03-30 00:54:37.451 94 DEBUG nova.openstack.common.service [-] serial_console.base_url        = ws://127.0.0.1:6083/ log_opt_values /usr/lib/python2.7/dist-packages/oslo/config/cfg.py:2000
2018-03-30 00:54:37.452 94 DEBUG nova.openstack.common.service [-] serial_console.enabled         = False log_opt_values /usr/lib/python2.7/dist-packages/oslo/config/cfg.py:2000
2018-03-30 00:54:37.453 94 DEBUG nova.openstack.common.service [-] serial_console.listen          = 127.0.0.1 log_opt_values /usr/lib/python2.7/dist-packages/oslo/config/cfg.py:2000
2018-03-30 00:54:37.453 94 DEBUG nova.openstack.common.service [-] serial_console.port_range      = 10000:20000 log_opt_values /usr/lib/python2.7/dist-packages/oslo/config/cfg.py:2000
2018-03-30 00:54:37.453 94 DEBUG nova.openstack.common.service [-] serial_console.proxyclient_address = 127.0.0.1 log_opt_values /usr/lib/python2.7/dist-packages/oslo/config/cfg.py:2000
2018-03-30 00:54:37.453 94 DEBUG nova.openstack.common.service [-] ssl.ca_file                    = None log_opt_values /usr/lib/python2.7/dist-packages/oslo/config/cfg.py:2000
2018-03-30 00:54:37.453 94 DEBUG nova.openstack.common.service [-] ssl.cert_file                  = None log_opt_values /usr/lib/python2.7/dist-packages/oslo/config/cfg.py:2000
2018-03-30 00:54:37.454 94 DEBUG nova.openstack.common.service [-] ssl.key_file                   = None log_opt_values /usr/lib/python2.7/dist-packages/oslo/config/cfg.py:2000
2018-03-30 00:54:37.454 94 DEBUG nova.openstack.common.service [-] glance.allowed_direct_url_schemes = [] log_opt_values /usr/lib/python2.7/dist-packages/oslo/config/cfg.py:2000
2018-03-30 00:54:37.454 94 DEBUG nova.openstack.common.service [-] glance.api_insecure            = False log_opt_values /usr/lib/python2.7/dist-packages/oslo/config/cfg.py:2000
2018-03-30 00:54:37.454 94 DEBUG nova.openstack.common.service [-] glance.api_servers             = None log_opt_values /usr/lib/python2.7/dist-packages/oslo/config/cfg.py:2000
2018-03-30 00:54:37.454 94 DEBUG nova.openstack.common.service [-] glance.host                    = glance-server.monitoringrefactordocker_default log_opt_values /usr/lib/python2.7/dist-packages/oslo/config/cfg.py:2000
2018-03-30 00:54:37.454 94 DEBUG nova.openstack.common.service [-] glance.num_retries             = 0 log_opt_values /usr/lib/python2.7/dist-packages/oslo/config/cfg.py:2000
2018-03-30 00:54:37.454 94 DEBUG nova.openstack.common.service [-] glance.port                    = 9292 log_opt_values /usr/lib/python2.7/dist-packages/oslo/config/cfg.py:2000
2018-03-30 00:54:37.454 94 DEBUG nova.openstack.common.service [-] glance.protocol                = http log_opt_values /usr/lib/python2.7/dist-packages/oslo/config/cfg.py:2000
2018-03-30 00:54:37.455 94 DEBUG nova.openstack.common.service [-] workarounds.destroy_after_evacuate = True log_opt_values /usr/lib/python2.7/dist-packages/oslo/config/cfg.py:2000
2018-03-30 00:54:37.455 94 DEBUG nova.openstack.common.service [-] remote_debug.host              = None log_opt_values /usr/lib/python2.7/dist-packages/oslo/config/cfg.py:2000
2018-03-30 00:54:37.455 94 DEBUG nova.openstack.common.service [-] remote_debug.port              = None log_opt_values /usr/lib/python2.7/dist-packages/oslo/config/cfg.py:2000
2018-03-30 00:54:37.455 94 DEBUG nova.openstack.common.service [-] spice.agent_enabled            = True log_opt_values /usr/lib/python2.7/dist-packages/oslo/config/cfg.py:2000
2018-03-30 00:54:37.455 94 DEBUG nova.openstack.common.service [-] spice.enabled                  = False log_opt_values /usr/lib/python2.7/dist-packages/oslo/config/cfg.py:2000
2018-03-30 00:54:37.455 94 DEBUG nova.openstack.common.service [-] spice.html5proxy_base_url      = http://127.0.0.1:6082/spice_auto.html log_opt_values /usr/lib/python2.7/dist-packages/oslo/config/cfg.py:2000
2018-03-30 00:54:37.455 94 DEBUG nova.openstack.common.service [-] spice.keymap                   = en-us log_opt_values /usr/lib/python2.7/dist-packages/oslo/config/cfg.py:2000
2018-03-30 00:54:37.455 94 DEBUG nova.openstack.common.service [-] spice.server_listen            = 127.0.0.1 log_opt_values /usr/lib/python2.7/dist-packages/oslo/config/cfg.py:2000
2018-03-30 00:54:37.456 94 DEBUG nova.openstack.common.service [-] spice.server_proxyclient_address = 127.0.0.1 log_opt_values /usr/lib/python2.7/dist-packages/oslo/config/cfg.py:2000
2018-03-30 00:54:37.456 94 DEBUG nova.openstack.common.service [-] ******************************************************************************** log_opt_values /usr/lib/python2.7/dist-packages/oslo/config/cfg.py:2002
2018-03-30 00:54:37.754 222 DEBUG oslo.db.sqlalchemy.session [req-dc256fd0-30a1-4f6b-8ea1-546b4eac5b69 ] MySQL server mode set to STRICT_TRANS_TABLES,STRICT_ALL_TABLES,NO_ZERO_IN_DATE,NO_ZERO_DATE,ERROR_FOR_DIVISION_BY_ZERO,TRADITIONAL,NO_AUTO_CREATE_USER,NO_ENGINE_SUBSTITUTION _init_events /usr/lib/python2.7/dist-packages/oslo/db/sqlalchemy/session.py:461
2018-03-30 00:54:37.798 223 DEBUG oslo.db.sqlalchemy.session [req-510ba1e0-f279-4d23-afe2-ed01f13d5557 ] MySQL server mode set to STRICT_TRANS_TABLES,STRICT_ALL_TABLES,NO_ZERO_IN_DATE,NO_ZERO_DATE,ERROR_FOR_DIVISION_BY_ZERO,TRADITIONAL,NO_AUTO_CREATE_USER,NO_ENGINE_SUBSTITUTION _init_events /usr/lib/python2.7/dist-packages/oslo/db/sqlalchemy/session.py:461
2018-03-30 00:54:37.823 220 DEBUG oslo.db.sqlalchemy.session [req-5f8df656-2ed6-4798-af8d-0ca99ff31076 ] MySQL server mode set to STRICT_TRANS_TABLES,STRICT_ALL_TABLES,NO_ZERO_IN_DATE,NO_ZERO_DATE,ERROR_FOR_DIVISION_BY_ZERO,TRADITIONAL,NO_AUTO_CREATE_USER,NO_ENGINE_SUBSTITUTION _init_events /usr/lib/python2.7/dist-packages/oslo/db/sqlalchemy/session.py:461
2018-03-30 00:54:37.890 221 DEBUG oslo.db.sqlalchemy.session [req-a2ce9a51-1247-4925-a47b-541ce768654c ] MySQL server mode set to STRICT_TRANS_TABLES,STRICT_ALL_TABLES,NO_ZERO_IN_DATE,NO_ZERO_DATE,ERROR_FOR_DIVISION_BY_ZERO,TRADITIONAL,NO_AUTO_CREATE_USER,NO_ENGINE_SUBSTITUTION _init_events /usr/lib/python2.7/dist-packages/oslo/db/sqlalchemy/session.py:461
2018-03-30 00:54:37.986 220 DEBUG nova.service [req-5f8df656-2ed6-4798-af8d-0ca99ff31076 None] Creating RPC server for service conductor start /usr/lib/python2.7/dist-packages/nova/service.py:186
2018-03-30 00:54:37.988 220 INFO oslo.messaging._drivers.impl_rabbit [req-5f8df656-2ed6-4798-af8d-0ca99ff31076 ] Connecting to AMQP server on 127.0.0.1:5672
2018-03-30 00:54:37.991 220 ERROR oslo.messaging._drivers.impl_rabbit [req-5f8df656-2ed6-4798-af8d-0ca99ff31076 ] AMQP server on 127.0.0.1:5672 is unreachable: [Errno 111] ECONNREFUSED. Trying again in 1 seconds.
2018-03-30 00:54:37.997 222 DEBUG nova.service [req-dc256fd0-30a1-4f6b-8ea1-546b4eac5b69 None] Creating RPC server for service conductor start /usr/lib/python2.7/dist-packages/nova/service.py:186
2018-03-30 00:54:37.999 222 INFO oslo.messaging._drivers.impl_rabbit [req-dc256fd0-30a1-4f6b-8ea1-546b4eac5b69 ] Connecting to AMQP server on 127.0.0.1:5672
2018-03-30 00:54:38.010 222 ERROR oslo.messaging._drivers.impl_rabbit [req-dc256fd0-30a1-4f6b-8ea1-546b4eac5b69 ] AMQP server on 127.0.0.1:5672 is unreachable: [Errno 111] ECONNREFUSED. Trying again in 1 seconds.
2018-03-30 00:54:38.044 223 DEBUG nova.service [req-510ba1e0-f279-4d23-afe2-ed01f13d5557 None] Creating RPC server for service conductor start /usr/lib/python2.7/dist-packages/nova/service.py:186
2018-03-30 00:54:38.045 223 INFO oslo.messaging._drivers.impl_rabbit [req-510ba1e0-f279-4d23-afe2-ed01f13d5557 ] Connecting to AMQP server on 127.0.0.1:5672
2018-03-30 00:54:38.049 223 ERROR oslo.messaging._drivers.impl_rabbit [req-510ba1e0-f279-4d23-afe2-ed01f13d5557 ] AMQP server on 127.0.0.1:5672 is unreachable: [Errno 111] ECONNREFUSED. Trying again in 1 seconds.
2018-03-30 00:54:38.076 221 DEBUG nova.service [req-a2ce9a51-1247-4925-a47b-541ce768654c None] Creating RPC server for service conductor start /usr/lib/python2.7/dist-packages/nova/service.py:186
2018-03-30 00:54:38.077 221 INFO oslo.messaging._drivers.impl_rabbit [req-a2ce9a51-1247-4925-a47b-541ce768654c ] Connecting to AMQP server on 127.0.0.1:5672
2018-03-30 00:54:38.080 221 ERROR oslo.messaging._drivers.impl_rabbit [req-a2ce9a51-1247-4925-a47b-541ce768654c ] AMQP server on 127.0.0.1:5672 is unreachable: [Errno 111] ECONNREFUSED. Trying again in 1 seconds.
2018-03-30 00:54:38.991 220 INFO oslo.messaging._drivers.impl_rabbit [req-5f8df656-2ed6-4798-af8d-0ca99ff31076 ] Delaying reconnect for 1.0 seconds...
2018-03-30 00:54:39.010 222 INFO oslo.messaging._drivers.impl_rabbit [req-dc256fd0-30a1-4f6b-8ea1-546b4eac5b69 ] Delaying reconnect for 1.0 seconds...
2018-03-30 00:54:39.049 223 INFO oslo.messaging._drivers.impl_rabbit [req-510ba1e0-f279-4d23-afe2-ed01f13d5557 ] Delaying reconnect for 1.0 seconds...
2018-03-30 00:54:39.080 221 INFO oslo.messaging._drivers.impl_rabbit [req-a2ce9a51-1247-4925-a47b-541ce768654c ] Delaying reconnect for 1.0 seconds...
2018-03-30 00:54:39.992 220 INFO oslo.messaging._drivers.impl_rabbit [req-5f8df656-2ed6-4798-af8d-0ca99ff31076 ] Connecting to AMQP server on 127.0.0.1:5672
2018-03-30 00:54:39.996 220 INFO oslo.messaging._drivers.impl_rabbit [req-5f8df656-2ed6-4798-af8d-0ca99ff31076 ] Connected to AMQP server on 127.0.0.1:5672
2018-03-30 00:54:39.999 220 DEBUG nova.service [req-5f8df656-2ed6-4798-af8d-0ca99ff31076 None] Join ServiceGroup membership for this service conductor start /usr/lib/python2.7/dist-packages/nova/service.py:204
2018-03-30 00:54:39.999 220 DEBUG nova.servicegroup.api [req-5f8df656-2ed6-4798-af8d-0ca99ff31076 None] Join new ServiceGroup member nova-server to the conductor group, service = <nova.service.Service object at 0x7fcc46f14290> join /usr/lib/python2.7/dist-packages/nova/servicegroup/api.py:109
2018-03-30 00:54:40.000 220 DEBUG nova.servicegroup.drivers.db [req-5f8df656-2ed6-4798-af8d-0ca99ff31076 None] DB_Driver: join new ServiceGroup member nova-server to the conductor group, service = <nova.service.Service object at 0x7fcc46f14290> join /usr/lib/python2.7/dist-packages/nova/servicegroup/drivers/db.py:46
2018-03-30 00:54:40.011 222 INFO oslo.messaging._drivers.impl_rabbit [req-dc256fd0-30a1-4f6b-8ea1-546b4eac5b69 ] Connecting to AMQP server on 127.0.0.1:5672
2018-03-30 00:54:40.014 222 INFO oslo.messaging._drivers.impl_rabbit [req-dc256fd0-30a1-4f6b-8ea1-546b4eac5b69 ] Connected to AMQP server on 127.0.0.1:5672
2018-03-30 00:54:40.017 222 DEBUG nova.service [req-dc256fd0-30a1-4f6b-8ea1-546b4eac5b69 None] Join ServiceGroup membership for this service conductor start /usr/lib/python2.7/dist-packages/nova/service.py:204
2018-03-30 00:54:40.017 222 DEBUG nova.servicegroup.api [req-dc256fd0-30a1-4f6b-8ea1-546b4eac5b69 None] Join new ServiceGroup member nova-server to the conductor group, service = <nova.service.Service object at 0x7fcc46f14290> join /usr/lib/python2.7/dist-packages/nova/servicegroup/api.py:109
2018-03-30 00:54:40.018 222 DEBUG nova.servicegroup.drivers.db [req-dc256fd0-30a1-4f6b-8ea1-546b4eac5b69 None] DB_Driver: join new ServiceGroup member nova-server to the conductor group, service = <nova.service.Service object at 0x7fcc46f14290> join /usr/lib/python2.7/dist-packages/nova/servicegroup/drivers/db.py:46
2018-03-30 00:54:40.050 223 INFO oslo.messaging._drivers.impl_rabbit [req-510ba1e0-f279-4d23-afe2-ed01f13d5557 ] Connecting to AMQP server on 127.0.0.1:5672
2018-03-30 00:54:40.054 223 INFO oslo.messaging._drivers.impl_rabbit [req-510ba1e0-f279-4d23-afe2-ed01f13d5557 ] Connected to AMQP server on 127.0.0.1:5672
2018-03-30 00:54:40.056 223 DEBUG nova.service [req-510ba1e0-f279-4d23-afe2-ed01f13d5557 None] Join ServiceGroup membership for this service conductor start /usr/lib/python2.7/dist-packages/nova/service.py:204
2018-03-30 00:54:40.056 223 DEBUG nova.servicegroup.api [req-510ba1e0-f279-4d23-afe2-ed01f13d5557 None] Join new ServiceGroup member nova-server to the conductor group, service = <nova.service.Service object at 0x7fcc46f14290> join /usr/lib/python2.7/dist-packages/nova/servicegroup/api.py:109
2018-03-30 00:54:40.057 223 DEBUG nova.servicegroup.drivers.db [req-510ba1e0-f279-4d23-afe2-ed01f13d5557 None] DB_Driver: join new ServiceGroup member nova-server to the conductor group, service = <nova.service.Service object at 0x7fcc46f14290> join /usr/lib/python2.7/dist-packages/nova/servicegroup/drivers/db.py:46
2018-03-30 00:54:40.081 221 INFO oslo.messaging._drivers.impl_rabbit [req-a2ce9a51-1247-4925-a47b-541ce768654c ] Connecting to AMQP server on 127.0.0.1:5672
2018-03-30 00:54:40.088 221 INFO oslo.messaging._drivers.impl_rabbit [req-a2ce9a51-1247-4925-a47b-541ce768654c ] Connected to AMQP server on 127.0.0.1:5672
2018-03-30 00:54:40.090 221 DEBUG nova.service [req-a2ce9a51-1247-4925-a47b-541ce768654c None] Join ServiceGroup membership for this service conductor start /usr/lib/python2.7/dist-packages/nova/service.py:204
2018-03-30 00:54:40.090 221 DEBUG nova.servicegroup.api [req-a2ce9a51-1247-4925-a47b-541ce768654c None] Join new ServiceGroup member nova-server to the conductor group, service = <nova.service.Service object at 0x7fcc46f14290> join /usr/lib/python2.7/dist-packages/nova/servicegroup/api.py:109
2018-03-30 00:54:40.090 221 DEBUG nova.servicegroup.drivers.db [req-a2ce9a51-1247-4925-a47b-541ce768654c None] DB_Driver: join new ServiceGroup member nova-server to the conductor group, service = <nova.service.Service object at 0x7fcc46f14290> join /usr/lib/python2.7/dist-packages/nova/servicegroup/drivers/db.py:46
2018-03-30 00:54:41.000 220 DEBUG nova.openstack.common.loopingcall [-] Dynamic looping call <bound method Service.periodic_tasks of <nova.service.Service object at 0x7fcc46f14290>> sleeping for 60.00 seconds _inner /usr/lib/python2.7/dist-packages/nova/openstack/common/loopingcall.py:132
2018-03-30 00:54:43.780 220 INFO oslo.messaging._drivers.impl_rabbit [-] Connecting to AMQP server on 127.0.0.1:5672
2018-03-30 00:54:43.784 220 INFO oslo.messaging._drivers.impl_rabbit [-] Connected to AMQP server on 127.0.0.1:5672
2018-03-30 00:54:43.878 222 INFO oslo.messaging._drivers.impl_rabbit [-] Connecting to AMQP server on 127.0.0.1:5672
2018-03-30 00:54:43.882 222 INFO oslo.messaging._drivers.impl_rabbit [-] Connected to AMQP server on 127.0.0.1:5672
2018-03-30 00:54:43.887 223 INFO oslo.messaging._drivers.impl_rabbit [req-24333b93-740c-4ada-8e19-38d1cd2b98d0 ] Connecting to AMQP server on 127.0.0.1:5672
2018-03-30 00:54:43.890 223 INFO oslo.messaging._drivers.impl_rabbit [req-24333b93-740c-4ada-8e19-38d1cd2b98d0 ] Connected to AMQP server on 127.0.0.1:5672
2018-03-30 00:54:43.945 221 INFO oslo.messaging._drivers.impl_rabbit [-] Connecting to AMQP server on 127.0.0.1:5672
2018-03-30 00:54:43.949 221 INFO oslo.messaging._drivers.impl_rabbit [-] Connected to AMQP server on 127.0.0.1:5672
2018-03-30 00:55:10.092 221 DEBUG nova.openstack.common.loopingcall [-] Dynamic looping call <bound method Service.periodic_tasks of <nova.service.Service object at 0x7fcc46f14290>> sleeping for 60.00 seconds _inner /usr/lib/python2.7/dist-packages/nova/openstack/common/loopingcall.py:132
2018-03-30 00:55:12.058 223 DEBUG nova.openstack.common.loopingcall [-] Dynamic looping call <bound method Service.periodic_tasks of <nova.service.Service object at 0x7fcc46f14290>> sleeping for 60.00 seconds _inner /usr/lib/python2.7/dist-packages/nova/openstack/common/loopingcall.py:132
2018-03-30 00:55:14.019 222 DEBUG nova.openstack.common.loopingcall [-] Dynamic looping call <bound method Service.periodic_tasks of <nova.service.Service object at 0x7fcc46f14290>> sleeping for 60.00 seconds _inner /usr/lib/python2.7/dist-packages/nova/openstack/common/loopingcall.py:132
2018-03-30 00:55:41.001 220 DEBUG nova.openstack.common.loopingcall [-] Dynamic looping call <bound method Service.periodic_tasks of <nova.service.Service object at 0x7fcc46f14290>> sleeping for 60.00 seconds _inner /usr/lib/python2.7/dist-packages/nova/openstack/common/loopingcall.py:132
2018-03-30 00:56:10.092 221 DEBUG nova.openstack.common.loopingcall [-] Dynamic looping call <bound method Service.periodic_tasks of <nova.service.Service object at 0x7fcc46f14290>> sleeping for 60.00 seconds _inner /usr/lib/python2.7/dist-packages/nova/openstack/common/loopingcall.py:132
2018-03-30 00:56:12.059 223 DEBUG nova.openstack.common.loopingcall [-] Dynamic looping call <bound method Service.periodic_tasks of <nova.service.Service object at 0x7fcc46f14290>> sleeping for 60.00 seconds _inner /usr/lib/python2.7/dist-packages/nova/openstack/common/loopingcall.py:132
2018-03-30 00:56:14.019 222 DEBUG nova.openstack.common.loopingcall [-] Dynamic looping call <bound method Service.periodic_tasks of <nova.service.Service object at 0x7fcc46f14290>> sleeping for 60.00 seconds _inner /usr/lib/python2.7/dist-packages/nova/openstack/common/loopingcall.py:132
2018-03-30 00:56:41.002 220 DEBUG nova.openstack.common.loopingcall [-] Dynamic looping call <bound method Service.periodic_tasks of <nova.service.Service object at 0x7fcc46f14290>> sleeping for 60.00 seconds _inner /usr/lib/python2.7/dist-packages/nova/openstack/common/loopingcall.py:132
2018-03-30 00:57:10.093 221 DEBUG nova.openstack.common.loopingcall [-] Dynamic looping call <bound method Service.periodic_tasks of <nova.service.Service object at 0x7fcc46f14290>> sleeping for 60.00 seconds _inner /usr/lib/python2.7/dist-packages/nova/openstack/common/loopingcall.py:132
2018-03-30 00:57:12.059 223 DEBUG nova.openstack.common.loopingcall [-] Dynamic looping call <bound method Service.periodic_tasks of <nova.service.Service object at 0x7fcc46f14290>> sleeping for 60.00 seconds _inner /usr/lib/python2.7/dist-packages/nova/openstack/common/loopingcall.py:132
2018-03-30 00:57:14.020 222 DEBUG nova.openstack.common.loopingcall [-] Dynamic looping call <bound method Service.periodic_tasks of <nova.service.Service object at 0x7fcc46f14290>> sleeping for 60.00 seconds _inner /usr/lib/python2.7/dist-packages/nova/openstack/common/loopingcall.py:132
2018-03-30 00:57:41.002 220 DEBUG nova.openstack.common.loopingcall [-] Dynamic looping call <bound method Service.periodic_tasks of <nova.service.Service object at 0x7fcc46f14290>> sleeping for 60.00 seconds _inner /usr/lib/python2.7/dist-packages/nova/openstack/common/loopingcall.py:132
2018-03-30 00:58:10.094 221 DEBUG nova.openstack.common.loopingcall [-] Dynamic looping call <bound method Service.periodic_tasks of <nova.service.Service object at 0x7fcc46f14290>> sleeping for 60.00 seconds _inner /usr/lib/python2.7/dist-packages/nova/openstack/common/loopingcall.py:132
2018-03-30 00:58:12.060 223 DEBUG nova.openstack.common.loopingcall [-] Dynamic looping call <bound method Service.periodic_tasks of <nova.service.Service object at 0x7fcc46f14290>> sleeping for 60.00 seconds _inner /usr/lib/python2.7/dist-packages/nova/openstack/common/loopingcall.py:132
2018-03-30 00:58:14.021 222 DEBUG nova.openstack.common.loopingcall [-] Dynamic looping call <bound method Service.periodic_tasks of <nova.service.Service object at 0x7fcc46f14290>> sleeping for 60.00 seconds _inner /usr/lib/python2.7/dist-packages/nova/openstack/common/loopingcall.py:132
2018-03-30 00:58:41.003 220 DEBUG nova.openstack.common.loopingcall [-] Dynamic looping call <bound method Service.periodic_tasks of <nova.service.Service object at 0x7fcc46f14290>> sleeping for 60.00 seconds _inner /usr/lib/python2.7/dist-packages/nova/openstack/common/loopingcall.py:132
2018-03-30 00:59:10.095 221 DEBUG nova.openstack.common.loopingcall [-] Dynamic looping call <bound method Service.periodic_tasks of <nova.service.Service object at 0x7fcc46f14290>> sleeping for 60.00 seconds _inner /usr/lib/python2.7/dist-packages/nova/openstack/common/loopingcall.py:132
2018-03-30 00:59:12.060 223 DEBUG nova.openstack.common.loopingcall [-] Dynamic looping call <bound method Service.periodic_tasks of <nova.service.Service object at 0x7fcc46f14290>> sleeping for 60.00 seconds _inner /usr/lib/python2.7/dist-packages/nova/openstack/common/loopingcall.py:132
2018-03-30 00:59:14.022 222 DEBUG nova.openstack.common.loopingcall [-] Dynamic looping call <bound method Service.periodic_tasks of <nova.service.Service object at 0x7fcc46f14290>> sleeping for 60.00 seconds _inner /usr/lib/python2.7/dist-packages/nova/openstack/common/loopingcall.py:132
2018-03-30 00:59:41.003 220 DEBUG nova.openstack.common.loopingcall [-] Dynamic looping call <bound method Service.periodic_tasks of <nova.service.Service object at 0x7fcc46f14290>> sleeping for 60.00 seconds _inner /usr/lib/python2.7/dist-packages/nova/openstack/common/loopingcall.py:132
2018-03-30 01:00:10.096 221 DEBUG nova.openstack.common.loopingcall [-] Dynamic looping call <bound method Service.periodic_tasks of <nova.service.Service object at 0x7fcc46f14290>> sleeping for 60.00 seconds _inner /usr/lib/python2.7/dist-packages/nova/openstack/common/loopingcall.py:132
2018-03-30 01:00:12.061 223 DEBUG nova.openstack.common.loopingcall [-] Dynamic looping call <bound method Service.periodic_tasks of <nova.service.Service object at 0x7fcc46f14290>> sleeping for 60.00 seconds _inner /usr/lib/python2.7/dist-packages/nova/openstack/common/loopingcall.py:132
2018-03-30 01:00:14.022 222 DEBUG nova.openstack.common.loopingcall [-] Dynamic looping call <bound method Service.periodic_tasks of <nova.service.Service object at 0x7fcc46f14290>> sleeping for 60.00 seconds _inner /usr/lib/python2.7/dist-packages/nova/openstack/common/loopingcall.py:132
2018-03-30 01:00:41.004 220 DEBUG nova.openstack.common.loopingcall [-] Dynamic looping call <bound method Service.periodic_tasks of <nova.service.Service object at 0x7fcc46f14290>> sleeping for 60.00 seconds _inner /usr/lib/python2.7/dist-packages/nova/openstack/common/loopingcall.py:132
2018-03-30 01:01:10.097 221 DEBUG nova.openstack.common.loopingcall [-] Dynamic looping call <bound method Service.periodic_tasks of <nova.service.Service object at 0x7fcc46f14290>> sleeping for 60.00 seconds _inner /usr/lib/python2.7/dist-packages/nova/openstack/common/loopingcall.py:132
2018-03-30 01:01:12.062 223 DEBUG nova.openstack.common.loopingcall [-] Dynamic looping call <bound method Service.periodic_tasks of <nova.service.Service object at 0x7fcc46f14290>> sleeping for 60.00 seconds _inner /usr/lib/python2.7/dist-packages/nova/openstack/common/loopingcall.py:132
2018-03-30 01:01:14.023 222 DEBUG nova.openstack.common.loopingcall [-] Dynamic looping call <bound method Service.periodic_tasks of <nova.service.Service object at 0x7fcc46f14290>> sleeping for 60.00 seconds _inner /usr/lib/python2.7/dist-packages/nova/openstack/common/loopingcall.py:132
2018-03-30 01:01:41.004 220 DEBUG nova.openstack.common.loopingcall [-] Dynamic looping call <bound method Service.periodic_tasks of <nova.service.Service object at 0x7fcc46f14290>> sleeping for 60.00 seconds _inner /usr/lib/python2.7/dist-packages/nova/openstack/common/loopingcall.py:132
2018-03-30 01:02:10.098 221 DEBUG nova.openstack.common.loopingcall [-] Dynamic looping call <bound method Service.periodic_tasks of <nova.service.Service object at 0x7fcc46f14290>> sleeping for 60.00 seconds _inner /usr/lib/python2.7/dist-packages/nova/openstack/common/loopingcall.py:132
2018-03-30 01:02:12.062 223 DEBUG nova.openstack.common.loopingcall [-] Dynamic looping call <bound method Service.periodic_tasks of <nova.service.Service object at 0x7fcc46f14290>> sleeping for 60.00 seconds _inner /usr/lib/python2.7/dist-packages/nova/openstack/common/loopingcall.py:132
2018-03-30 01:02:14.024 222 DEBUG nova.openstack.common.loopingcall [-] Dynamic looping call <bound method Service.periodic_tasks of <nova.service.Service object at 0x7fcc46f14290>> sleeping for 60.00 seconds _inner /usr/lib/python2.7/dist-packages/nova/openstack/common/loopingcall.py:132
2018-03-30 01:02:41.004 220 DEBUG nova.openstack.common.loopingcall [-] Dynamic looping call <bound method Service.periodic_tasks of <nova.service.Service object at 0x7fcc46f14290>> sleeping for 60.00 seconds _inner /usr/lib/python2.7/dist-packages/nova/openstack/common/loopingcall.py:132
2018-03-30 01:03:10.099 221 DEBUG nova.openstack.common.loopingcall [-] Dynamic looping call <bound method Service.periodic_tasks of <nova.service.Service object at 0x7fcc46f14290>> sleeping for 60.00 seconds _inner /usr/lib/python2.7/dist-packages/nova/openstack/common/loopingcall.py:132
2018-03-30 01:03:12.063 223 DEBUG nova.openstack.common.loopingcall [-] Dynamic looping call <bound method Service.periodic_tasks of <nova.service.Service object at 0x7fcc46f14290>> sleeping for 60.00 seconds _inner /usr/lib/python2.7/dist-packages/nova/openstack/common/loopingcall.py:132
2018-03-30 01:03:14.024 222 DEBUG nova.openstack.common.loopingcall [-] Dynamic looping call <bound method Service.periodic_tasks of <nova.service.Service object at 0x7fcc46f14290>> sleeping for 60.00 seconds _inner /usr/lib/python2.7/dist-packages/nova/openstack/common/loopingcall.py:132
2018-03-30 01:03:41.005 220 DEBUG nova.openstack.common.loopingcall [-] Dynamic looping call <bound method Service.periodic_tasks of <nova.service.Service object at 0x7fcc46f14290>> sleeping for 60.00 seconds _inner /usr/lib/python2.7/dist-packages/nova/openstack/common/loopingcall.py:132
2018-03-30 01:04:10.099 221 DEBUG nova.openstack.common.loopingcall [-] Dynamic looping call <bound method Service.periodic_tasks of <nova.service.Service object at 0x7fcc46f14290>> sleeping for 60.00 seconds _inner /usr/lib/python2.7/dist-packages/nova/openstack/common/loopingcall.py:132
2018-03-30 01:04:12.064 223 DEBUG nova.openstack.common.loopingcall [-] Dynamic looping call <bound method Service.periodic_tasks of <nova.service.Service object at 0x7fcc46f14290>> sleeping for 60.00 seconds _inner /usr/lib/python2.7/dist-packages/nova/openstack/common/loopingcall.py:132
2018-03-30 01:04:14.025 222 DEBUG nova.openstack.common.loopingcall [-] Dynamic looping call <bound method Service.periodic_tasks of <nova.service.Service object at 0x7fcc46f14290>> sleeping for 60.00 seconds _inner /usr/lib/python2.7/dist-packages/nova/openstack/common/loopingcall.py:132
