2018-04-04 04:52:47.291 92 DEBUG nova.openstack.common.service [-] rabbit_virtual_host            = / log_opt_values /usr/lib/python2.7/dist-packages/oslo/config/cfg.py:1992
2018-04-04 04:52:47.292 92 DEBUG nova.openstack.common.service [-] reboot_timeout                 = 0 log_opt_values /usr/lib/python2.7/dist-packages/oslo/config/cfg.py:1992
2018-04-04 04:52:47.307 92 DEBUG nova.openstack.common.service [-] reclaim_instance_interval      = 0 log_opt_values /usr/lib/python2.7/dist-packages/oslo/config/cfg.py:1992
2018-04-04 04:52:47.310 92 DEBUG nova.openstack.common.service [-] remove_unused_base_images      = True log_opt_values /usr/lib/python2.7/dist-packages/oslo/config/cfg.py:1992
2018-04-04 04:52:47.314 92 DEBUG nova.openstack.common.service [-] remove_unused_original_minimum_age_seconds = 86400 log_opt_values /usr/lib/python2.7/dist-packages/oslo/config/cfg.py:1992
2018-04-04 04:52:47.316 92 DEBUG nova.openstack.common.service [-] report_interval                = 10 log_opt_values /usr/lib/python2.7/dist-packages/oslo/config/cfg.py:1992
2018-04-04 04:52:47.317 92 DEBUG nova.openstack.common.service [-] rescue_timeout                 = 0 log_opt_values /usr/lib/python2.7/dist-packages/oslo/config/cfg.py:1992
2018-04-04 04:52:47.323 92 DEBUG nova.openstack.common.service [-] reservation_expire             = 86400 log_opt_values /usr/lib/python2.7/dist-packages/oslo/config/cfg.py:1992
2018-04-04 04:52:47.325 92 DEBUG nova.openstack.common.service [-] reserved_host_disk_mb          = 0 log_opt_values /usr/lib/python2.7/dist-packages/oslo/config/cfg.py:1992
2018-04-04 04:52:47.329 92 DEBUG nova.openstack.common.service [-] reserved_host_memory_mb        = 512 log_opt_values /usr/lib/python2.7/dist-packages/oslo/config/cfg.py:1992
2018-04-04 04:52:47.330 92 DEBUG nova.openstack.common.service [-] resize_confirm_window          = 0 log_opt_values /usr/lib/python2.7/dist-packages/oslo/config/cfg.py:1992
2018-04-04 04:52:47.331 92 DEBUG nova.openstack.common.service [-] resume_guests_state_on_host_boot = False log_opt_values /usr/lib/python2.7/dist-packages/oslo/config/cfg.py:1992
2018-04-04 04:52:47.336 92 DEBUG nova.openstack.common.service [-] rootwrap_config                = /etc/nova/rootwrap.conf log_opt_values /usr/lib/python2.7/dist-packages/oslo/config/cfg.py:1992
2018-04-04 04:52:47.340 92 DEBUG nova.openstack.common.service [-] rpc_backend                    = rabbit log_opt_values /usr/lib/python2.7/dist-packages/oslo/config/cfg.py:1992
2018-04-04 04:52:47.341 92 DEBUG nova.openstack.common.service [-] rpc_conn_pool_size             = 30 log_opt_values /usr/lib/python2.7/dist-packages/oslo/config/cfg.py:1992
2018-04-04 04:52:47.343 92 DEBUG nova.openstack.common.service [-] rpc_response_timeout           = 60 log_opt_values /usr/lib/python2.7/dist-packages/oslo/config/cfg.py:1992
2018-04-04 04:52:47.347 92 DEBUG nova.openstack.common.service [-] run_external_periodic_tasks    = True log_opt_values /usr/lib/python2.7/dist-packages/oslo/config/cfg.py:1992
2018-04-04 04:52:47.347 92 DEBUG nova.openstack.common.service [-] running_deleted_instance_action = reap log_opt_values /usr/lib/python2.7/dist-packages/oslo/config/cfg.py:1992
2018-04-04 04:52:47.352 92 DEBUG nova.openstack.common.service [-] running_deleted_instance_poll_interval = 1800 log_opt_values /usr/lib/python2.7/dist-packages/oslo/config/cfg.py:1992
2018-04-04 04:52:47.353 92 DEBUG nova.openstack.common.service [-] running_deleted_instance_timeout = 0 log_opt_values /usr/lib/python2.7/dist-packages/oslo/config/cfg.py:1992
2018-04-04 04:52:47.354 92 DEBUG nova.openstack.common.service [-] scheduler_host_manager         = nova.scheduler.host_manager.HostManager log_opt_values /usr/lib/python2.7/dist-packages/oslo/config/cfg.py:1992
2018-04-04 04:52:47.356 92 DEBUG nova.openstack.common.service [-] scheduler_manager              = nova.scheduler.manager.SchedulerManager log_opt_values /usr/lib/python2.7/dist-packages/oslo/config/cfg.py:1992
2018-04-04 04:52:47.360 92 DEBUG nova.openstack.common.service [-] scheduler_max_attempts         = 3 log_opt_values /usr/lib/python2.7/dist-packages/oslo/config/cfg.py:1992
2018-04-04 04:52:47.361 92 DEBUG nova.openstack.common.service [-] scheduler_topic                = scheduler log_opt_values /usr/lib/python2.7/dist-packages/oslo/config/cfg.py:1992
2018-04-04 04:52:47.361 92 DEBUG nova.openstack.common.service [-] security_group_api             = nova log_opt_values /usr/lib/python2.7/dist-packages/oslo/config/cfg.py:1992
2018-04-04 04:52:47.373 92 DEBUG nova.openstack.common.service [-] service_down_time              = 60 log_opt_values /usr/lib/python2.7/dist-packages/oslo/config/cfg.py:1992
2018-04-04 04:52:47.387 92 DEBUG nova.openstack.common.service [-] servicegroup_driver            = db log_opt_values /usr/lib/python2.7/dist-packages/oslo/config/cfg.py:1992
2018-04-04 04:52:47.405 92 DEBUG nova.openstack.common.service [-] share_dhcp_address             = False log_opt_values /usr/lib/python2.7/dist-packages/oslo/config/cfg.py:1992
2018-04-04 04:52:47.423 92 DEBUG nova.openstack.common.service [-] shelved_offload_time           = 0 log_opt_values /usr/lib/python2.7/dist-packages/oslo/config/cfg.py:1992
2018-04-04 04:52:47.431 92 DEBUG nova.openstack.common.service [-] shelved_poll_interval          = 3600 log_opt_values /usr/lib/python2.7/dist-packages/oslo/config/cfg.py:1992
2018-04-04 04:52:47.440 92 DEBUG nova.openstack.common.service [-] shutdown_timeout               = 60 log_opt_values /usr/lib/python2.7/dist-packages/oslo/config/cfg.py:1992
2018-04-04 04:52:47.444 92 DEBUG nova.openstack.common.service [-] snapshot_name_template         = snapshot-%s log_opt_values /usr/lib/python2.7/dist-packages/oslo/config/cfg.py:1992
2018-04-04 04:52:47.458 92 DEBUG nova.openstack.common.service [-] ssl_ca_file                    = None log_opt_values /usr/lib/python2.7/dist-packages/oslo/config/cfg.py:1992
2018-04-04 04:52:47.459 92 DEBUG nova.openstack.common.service [-] ssl_cert_file                  = None log_opt_values /usr/lib/python2.7/dist-packages/oslo/config/cfg.py:1992
2018-04-04 04:52:47.460 92 DEBUG nova.openstack.common.service [-] ssl_key_file                   = None log_opt_values /usr/lib/python2.7/dist-packages/oslo/config/cfg.py:1992
2018-04-04 04:52:47.464 92 DEBUG nova.openstack.common.service [-] state_path                     = /usr/lib/python2.7/dist-packages log_opt_values /usr/lib/python2.7/dist-packages/oslo/config/cfg.py:1992
2018-04-04 04:52:47.465 92 DEBUG nova.openstack.common.service [-] sync_power_state_concurrency   = 20 log_opt_values /usr/lib/python2.7/dist-packages/oslo/config/cfg.py:1992
2018-04-04 04:52:47.469 92 DEBUG nova.openstack.common.service [-] sync_power_state_interval      = 600 log_opt_values /usr/lib/python2.7/dist-packages/oslo/config/cfg.py:1992
2018-04-04 04:52:47.469 92 DEBUG nova.openstack.common.service [-] syslog_connect_retries         = 3 log_opt_values /usr/lib/python2.7/dist-packages/oslo/config/cfg.py:1992
2018-04-04 04:52:47.474 92 DEBUG nova.openstack.common.service [-] syslog_log_facility            = LOG_USER log_opt_values /usr/lib/python2.7/dist-packages/oslo/config/cfg.py:1992
2018-04-04 04:52:47.480 92 DEBUG nova.openstack.common.service [-] tcp_keepidle                   = 600 log_opt_values /usr/lib/python2.7/dist-packages/oslo/config/cfg.py:1992
2018-04-04 04:52:47.484 92 DEBUG nova.openstack.common.service [-] tempdir                        = None log_opt_values /usr/lib/python2.7/dist-packages/oslo/config/cfg.py:1992
2018-04-04 04:52:47.484 92 DEBUG nova.openstack.common.service [-] transport_url                  = None log_opt_values /usr/lib/python2.7/dist-packages/oslo/config/cfg.py:1992
2018-04-04 04:52:47.485 92 DEBUG nova.openstack.common.service [-] until_refresh                  = 0 log_opt_values /usr/lib/python2.7/dist-packages/oslo/config/cfg.py:1992
2018-04-04 04:52:47.485 92 DEBUG nova.openstack.common.service [-] use_cow_images                 = True log_opt_values /usr/lib/python2.7/dist-packages/oslo/config/cfg.py:1992
2018-04-04 04:52:47.486 92 DEBUG nova.openstack.common.service [-] use_forwarded_for              = False log_opt_values /usr/lib/python2.7/dist-packages/oslo/config/cfg.py:1992
2018-04-04 04:52:47.486 92 DEBUG nova.openstack.common.service [-] use_ipv6                       = False log_opt_values /usr/lib/python2.7/dist-packages/oslo/config/cfg.py:1992
2018-04-04 04:52:47.486 92 DEBUG nova.openstack.common.service [-] use_project_ca                 = False log_opt_values /usr/lib/python2.7/dist-packages/oslo/config/cfg.py:1992
2018-04-04 04:52:47.487 92 DEBUG nova.openstack.common.service [-] use_stderr                     = True log_opt_values /usr/lib/python2.7/dist-packages/oslo/config/cfg.py:1992
2018-04-04 04:52:47.487 92 DEBUG nova.openstack.common.service [-] use_syslog                     = False log_opt_values /usr/lib/python2.7/dist-packages/oslo/config/cfg.py:1992
2018-04-04 04:52:47.487 92 DEBUG nova.openstack.common.service [-] use_syslog_rfc_format          = False log_opt_values /usr/lib/python2.7/dist-packages/oslo/config/cfg.py:1992
2018-04-04 04:52:47.488 92 DEBUG nova.openstack.common.service [-] user_cert_subject              = /C=US/ST=California/O=OpenStack/OU=NovaDev/CN=%.16s-%.16s-%s log_opt_values /usr/lib/python2.7/dist-packages/oslo/config/cfg.py:1992
2018-04-04 04:52:47.513 92 DEBUG nova.openstack.common.service [-] vcpu_pin_set                   = None log_opt_values /usr/lib/python2.7/dist-packages/oslo/config/cfg.py:1992
2018-04-04 04:52:47.516 92 DEBUG nova.openstack.common.service [-] verbose                        = True log_opt_values /usr/lib/python2.7/dist-packages/oslo/config/cfg.py:1992
2018-04-04 04:52:47.524 92 DEBUG nova.openstack.common.service [-] vif_plugging_is_fatal          = True log_opt_values /usr/lib/python2.7/dist-packages/oslo/config/cfg.py:1992
2018-04-04 04:52:47.525 92 DEBUG nova.openstack.common.service [-] vif_plugging_timeout           = 300 log_opt_values /usr/lib/python2.7/dist-packages/oslo/config/cfg.py:1992
2018-04-04 04:52:47.529 92 DEBUG nova.openstack.common.service [-] vnc_enabled                    = True log_opt_values /usr/lib/python2.7/dist-packages/oslo/config/cfg.py:1992
2018-04-04 04:52:47.529 92 DEBUG nova.openstack.common.service [-] vnc_keymap                     = en-us log_opt_values /usr/lib/python2.7/dist-packages/oslo/config/cfg.py:1992
2018-04-04 04:52:47.530 92 DEBUG nova.openstack.common.service [-] vncserver_listen               = 127.0.0.1 log_opt_values /usr/lib/python2.7/dist-packages/oslo/config/cfg.py:1992
2018-04-04 04:52:47.537 92 DEBUG nova.openstack.common.service [-] vncserver_proxyclient_address  = 127.0.0.1 log_opt_values /usr/lib/python2.7/dist-packages/oslo/config/cfg.py:1992
2018-04-04 04:52:47.541 92 DEBUG nova.openstack.common.service [-] volume_api_class               = nova.volume.cinder.API log_opt_values /usr/lib/python2.7/dist-packages/oslo/config/cfg.py:1992
2018-04-04 04:52:47.542 92 DEBUG nova.openstack.common.service [-] volume_usage_poll_interval     = 0 log_opt_values /usr/lib/python2.7/dist-packages/oslo/config/cfg.py:1992
2018-04-04 04:52:47.543 92 DEBUG nova.openstack.common.service [-] vpn_flavor                     = m1.tiny log_opt_values /usr/lib/python2.7/dist-packages/oslo/config/cfg.py:1992
2018-04-04 04:52:47.544 92 DEBUG nova.openstack.common.service [-] vpn_image_id                   = 0 log_opt_values /usr/lib/python2.7/dist-packages/oslo/config/cfg.py:1992
2018-04-04 04:52:47.546 92 DEBUG nova.openstack.common.service [-] vpn_key_suffix                 = -vpn log_opt_values /usr/lib/python2.7/dist-packages/oslo/config/cfg.py:1992
2018-04-04 04:52:47.551 92 DEBUG nova.openstack.common.service [-] wsgi_default_pool_size         = 1000 log_opt_values /usr/lib/python2.7/dist-packages/oslo/config/cfg.py:1992
2018-04-04 04:52:47.552 92 DEBUG nova.openstack.common.service [-] wsgi_keep_alive                = True log_opt_values /usr/lib/python2.7/dist-packages/oslo/config/cfg.py:1992
2018-04-04 04:52:47.553 92 DEBUG nova.openstack.common.service [-] wsgi_log_format                = %(client_ip)s "%(request_line)s" status: %(status_code)s len: %(body_length)s time: %(wall_seconds).7f log_opt_values /usr/lib/python2.7/dist-packages/oslo/config/cfg.py:1992
2018-04-04 04:52:47.554 92 DEBUG nova.openstack.common.service [-] xvpvncproxy_base_url           = http://127.0.0.1:6081/console log_opt_values /usr/lib/python2.7/dist-packages/oslo/config/cfg.py:1992
2018-04-04 04:52:47.556 92 DEBUG nova.openstack.common.service [-] ephemeral_storage_encryption.cipher = aes-xts-plain64 log_opt_values /usr/lib/python2.7/dist-packages/oslo/config/cfg.py:2000
2018-04-04 04:52:47.559 92 DEBUG nova.openstack.common.service [-] ephemeral_storage_encryption.enabled = False log_opt_values /usr/lib/python2.7/dist-packages/oslo/config/cfg.py:2000
2018-04-04 04:52:47.571 92 DEBUG nova.openstack.common.service [-] ephemeral_storage_encryption.key_size = 512 log_opt_values /usr/lib/python2.7/dist-packages/oslo/config/cfg.py:2000
2018-04-04 04:52:47.572 92 DEBUG nova.openstack.common.service [-] osapi_v3.enabled               = False log_opt_values /usr/lib/python2.7/dist-packages/oslo/config/cfg.py:2000
2018-04-04 04:52:47.574 92 DEBUG nova.openstack.common.service [-] osapi_v3.extensions_blacklist  = [] log_opt_values /usr/lib/python2.7/dist-packages/oslo/config/cfg.py:2000
2018-04-04 04:52:47.575 92 DEBUG nova.openstack.common.service [-] osapi_v3.extensions_whitelist  = [] log_opt_values /usr/lib/python2.7/dist-packages/oslo/config/cfg.py:2000
2018-04-04 04:52:47.577 92 DEBUG nova.openstack.common.service [-] rdp.enabled                    = False log_opt_values /usr/lib/python2.7/dist-packages/oslo/config/cfg.py:2000
2018-04-04 04:52:47.579 92 DEBUG nova.openstack.common.service [-] rdp.html5_proxy_base_url       = http://127.0.0.1:6083/ log_opt_values /usr/lib/python2.7/dist-packages/oslo/config/cfg.py:2000
2018-04-04 04:52:47.585 92 DEBUG nova.openstack.common.service [-] conductor.manager              = nova.conductor.manager.ConductorManager log_opt_values /usr/lib/python2.7/dist-packages/oslo/config/cfg.py:2000
2018-04-04 04:52:47.589 92 DEBUG nova.openstack.common.service [-] conductor.topic                = conductor log_opt_values /usr/lib/python2.7/dist-packages/oslo/config/cfg.py:2000
2018-04-04 04:52:47.591 92 DEBUG nova.openstack.common.service [-] conductor.use_local            = False log_opt_values /usr/lib/python2.7/dist-packages/oslo/config/cfg.py:2000
2018-04-04 04:52:47.592 92 DEBUG nova.openstack.common.service [-] conductor.workers              = 4 log_opt_values /usr/lib/python2.7/dist-packages/oslo/config/cfg.py:2000
2018-04-04 04:52:47.593 92 DEBUG nova.openstack.common.service [-] database.backend               = sqlalchemy log_opt_values /usr/lib/python2.7/dist-packages/oslo/config/cfg.py:2000
2018-04-04 04:52:47.599 92 DEBUG nova.openstack.common.service [-] database.connection            = **** log_opt_values /usr/lib/python2.7/dist-packages/oslo/config/cfg.py:2000
2018-04-04 04:52:47.602 92 DEBUG nova.openstack.common.service [-] database.connection_debug      = 0 log_opt_values /usr/lib/python2.7/dist-packages/oslo/config/cfg.py:2000
2018-04-04 04:52:47.606 92 DEBUG nova.openstack.common.service [-] database.connection_trace      = False log_opt_values /usr/lib/python2.7/dist-packages/oslo/config/cfg.py:2000
2018-04-04 04:52:47.608 92 DEBUG nova.openstack.common.service [-] database.db_inc_retry_interval = True log_opt_values /usr/lib/python2.7/dist-packages/oslo/config/cfg.py:2000
2018-04-04 04:52:47.611 92 DEBUG nova.openstack.common.service [-] database.db_max_retries        = 20 log_opt_values /usr/lib/python2.7/dist-packages/oslo/config/cfg.py:2000
2018-04-04 04:52:47.613 92 DEBUG nova.openstack.common.service [-] database.db_max_retry_interval = 10 log_opt_values /usr/lib/python2.7/dist-packages/oslo/config/cfg.py:2000
2018-04-04 04:52:47.615 92 DEBUG nova.openstack.common.service [-] database.db_retry_interval     = 1 log_opt_values /usr/lib/python2.7/dist-packages/oslo/config/cfg.py:2000
2018-04-04 04:52:47.617 92 DEBUG nova.openstack.common.service [-] database.idle_timeout          = 3600 log_opt_values /usr/lib/python2.7/dist-packages/oslo/config/cfg.py:2000
2018-04-04 04:52:47.620 92 DEBUG nova.openstack.common.service [-] database.max_overflow          = None log_opt_values /usr/lib/python2.7/dist-packages/oslo/config/cfg.py:2000
2018-04-04 04:52:47.625 92 DEBUG nova.openstack.common.service [-] database.max_pool_size         = None log_opt_values /usr/lib/python2.7/dist-packages/oslo/config/cfg.py:2000
2018-04-04 04:52:47.627 92 DEBUG nova.openstack.common.service [-] database.max_retries           = 10 log_opt_values /usr/lib/python2.7/dist-packages/oslo/config/cfg.py:2000
2018-04-04 04:52:47.629 92 DEBUG nova.openstack.common.service [-] database.min_pool_size         = 1 log_opt_values /usr/lib/python2.7/dist-packages/oslo/config/cfg.py:2000
2018-04-04 04:52:47.634 92 DEBUG nova.openstack.common.service [-] database.mysql_sql_mode        = TRADITIONAL log_opt_values /usr/lib/python2.7/dist-packages/oslo/config/cfg.py:2000
2018-04-04 04:52:47.637 92 DEBUG nova.openstack.common.service [-] database.pool_timeout          = None log_opt_values /usr/lib/python2.7/dist-packages/oslo/config/cfg.py:2000
2018-04-04 04:52:47.638 92 DEBUG nova.openstack.common.service [-] database.retry_interval        = 10 log_opt_values /usr/lib/python2.7/dist-packages/oslo/config/cfg.py:2000
2018-04-04 04:52:47.638 92 DEBUG nova.openstack.common.service [-] database.slave_connection      = **** log_opt_values /usr/lib/python2.7/dist-packages/oslo/config/cfg.py:2000
2018-04-04 04:52:47.639 92 DEBUG nova.openstack.common.service [-] database.sqlite_db             = nova.sqlite log_opt_values /usr/lib/python2.7/dist-packages/oslo/config/cfg.py:2000
2018-04-04 04:52:47.640 92 DEBUG nova.openstack.common.service [-] database.sqlite_synchronous    = True log_opt_values /usr/lib/python2.7/dist-packages/oslo/config/cfg.py:2000
2018-04-04 04:52:47.641 92 DEBUG nova.openstack.common.service [-] database.use_db_reconnect      = False log_opt_values /usr/lib/python2.7/dist-packages/oslo/config/cfg.py:2000
2018-04-04 04:52:47.641 92 DEBUG nova.openstack.common.service [-] database.use_tpool             = False log_opt_values /usr/lib/python2.7/dist-packages/oslo/config/cfg.py:2000
2018-04-04 04:52:47.642 92 DEBUG nova.openstack.common.service [-] upgrade_levels.baseapi         = None log_opt_values /usr/lib/python2.7/dist-packages/oslo/config/cfg.py:2000
2018-04-04 04:52:47.643 92 DEBUG nova.openstack.common.service [-] upgrade_levels.cells           = None log_opt_values /usr/lib/python2.7/dist-packages/oslo/config/cfg.py:2000
2018-04-04 04:52:47.644 92 DEBUG nova.openstack.common.service [-] upgrade_levels.compute         = None log_opt_values /usr/lib/python2.7/dist-packages/oslo/config/cfg.py:2000
2018-04-04 04:52:47.663 92 DEBUG nova.openstack.common.service [-] upgrade_levels.conductor       = None log_opt_values /usr/lib/python2.7/dist-packages/oslo/config/cfg.py:2000
2018-04-04 04:52:47.667 92 DEBUG nova.openstack.common.service [-] upgrade_levels.console         = None log_opt_values /usr/lib/python2.7/dist-packages/oslo/config/cfg.py:2000
2018-04-04 04:52:47.668 92 DEBUG nova.openstack.common.service [-] upgrade_levels.consoleauth     = None log_opt_values /usr/lib/python2.7/dist-packages/oslo/config/cfg.py:2000
2018-04-04 04:52:47.672 92 DEBUG nova.openstack.common.service [-] upgrade_levels.scheduler       = None log_opt_values /usr/lib/python2.7/dist-packages/oslo/config/cfg.py:2000
2018-04-04 04:52:47.677 92 DEBUG nova.openstack.common.service [-] cells.bandwidth_update_interval = 600 log_opt_values /usr/lib/python2.7/dist-packages/oslo/config/cfg.py:2000
2018-04-04 04:52:47.678 92 DEBUG nova.openstack.common.service [-] cells.call_timeout             = 60 log_opt_values /usr/lib/python2.7/dist-packages/oslo/config/cfg.py:2000
2018-04-04 04:52:47.679 92 DEBUG nova.openstack.common.service [-] cells.capabilities             = ['hypervisor=xenserver;kvm', 'os=linux;windows'] log_opt_values /usr/lib/python2.7/dist-packages/oslo/config/cfg.py:2000
2018-04-04 04:52:47.680 92 DEBUG nova.openstack.common.service [-] cells.cell_type                = compute log_opt_values /usr/lib/python2.7/dist-packages/oslo/config/cfg.py:2000
2018-04-04 04:52:47.683 92 DEBUG nova.openstack.common.service [-] cells.enable                   = False log_opt_values /usr/lib/python2.7/dist-packages/oslo/config/cfg.py:2000
2018-04-04 04:52:47.684 92 DEBUG nova.openstack.common.service [-] cells.manager                  = nova.cells.manager.CellsManager log_opt_values /usr/lib/python2.7/dist-packages/oslo/config/cfg.py:2000
2018-04-04 04:52:47.691 92 DEBUG nova.openstack.common.service [-] cells.mute_child_interval      = 300 log_opt_values /usr/lib/python2.7/dist-packages/oslo/config/cfg.py:2000
2018-04-04 04:52:47.704 92 DEBUG nova.openstack.common.service [-] cells.name                     = nova log_opt_values /usr/lib/python2.7/dist-packages/oslo/config/cfg.py:2000
2018-04-04 04:52:47.710 92 DEBUG nova.openstack.common.service [-] cells.reserve_percent          = 10.0 log_opt_values /usr/lib/python2.7/dist-packages/oslo/config/cfg.py:2000
2018-04-04 04:52:47.713 92 DEBUG nova.openstack.common.service [-] cells.topic                    = cells log_opt_values /usr/lib/python2.7/dist-packages/oslo/config/cfg.py:2000
2018-04-04 04:52:47.717 92 DEBUG nova.openstack.common.service [-] keymgr.api_class               = nova.keymgr.conf_key_mgr.ConfKeyManager log_opt_values /usr/lib/python2.7/dist-packages/oslo/config/cfg.py:2000
2018-04-04 04:52:47.720 92 DEBUG nova.openstack.common.service [-] serial_console.base_url        = ws://127.0.0.1:6083/ log_opt_values /usr/lib/python2.7/dist-packages/oslo/config/cfg.py:2000
2018-04-04 04:52:47.721 92 DEBUG nova.openstack.common.service [-] serial_console.enabled         = False log_opt_values /usr/lib/python2.7/dist-packages/oslo/config/cfg.py:2000
2018-04-04 04:52:47.722 92 DEBUG nova.openstack.common.service [-] serial_console.listen          = 127.0.0.1 log_opt_values /usr/lib/python2.7/dist-packages/oslo/config/cfg.py:2000
2018-04-04 04:52:47.736 92 DEBUG nova.openstack.common.service [-] serial_console.port_range      = 10000:20000 log_opt_values /usr/lib/python2.7/dist-packages/oslo/config/cfg.py:2000
2018-04-04 04:52:47.740 92 DEBUG nova.openstack.common.service [-] serial_console.proxyclient_address = 127.0.0.1 log_opt_values /usr/lib/python2.7/dist-packages/oslo/config/cfg.py:2000
2018-04-04 04:52:47.741 92 DEBUG nova.openstack.common.service [-] ssl.ca_file                    = None log_opt_values /usr/lib/python2.7/dist-packages/oslo/config/cfg.py:2000
2018-04-04 04:52:47.742 92 DEBUG nova.openstack.common.service [-] ssl.cert_file                  = None log_opt_values /usr/lib/python2.7/dist-packages/oslo/config/cfg.py:2000
2018-04-04 04:52:47.743 92 DEBUG nova.openstack.common.service [-] ssl.key_file                   = None log_opt_values /usr/lib/python2.7/dist-packages/oslo/config/cfg.py:2000
2018-04-04 04:52:47.744 92 DEBUG nova.openstack.common.service [-] glance.allowed_direct_url_schemes = [] log_opt_values /usr/lib/python2.7/dist-packages/oslo/config/cfg.py:2000
2018-04-04 04:52:47.747 92 DEBUG nova.openstack.common.service [-] glance.api_insecure            = False log_opt_values /usr/lib/python2.7/dist-packages/oslo/config/cfg.py:2000
2018-04-04 04:52:47.752 92 DEBUG nova.openstack.common.service [-] glance.api_servers             = None log_opt_values /usr/lib/python2.7/dist-packages/oslo/config/cfg.py:2000
2018-04-04 04:52:47.756 92 DEBUG nova.openstack.common.service [-] glance.host                    = glance-server.monitoringrefactordocker_default log_opt_values /usr/lib/python2.7/dist-packages/oslo/config/cfg.py:2000
2018-04-04 04:52:47.761 92 DEBUG nova.openstack.common.service [-] glance.num_retries             = 0 log_opt_values /usr/lib/python2.7/dist-packages/oslo/config/cfg.py:2000
2018-04-04 04:52:47.762 92 DEBUG nova.openstack.common.service [-] glance.port                    = 9292 log_opt_values /usr/lib/python2.7/dist-packages/oslo/config/cfg.py:2000
2018-04-04 04:52:47.763 92 DEBUG nova.openstack.common.service [-] glance.protocol                = http log_opt_values /usr/lib/python2.7/dist-packages/oslo/config/cfg.py:2000
2018-04-04 04:52:47.767 92 DEBUG nova.openstack.common.service [-] workarounds.destroy_after_evacuate = True log_opt_values /usr/lib/python2.7/dist-packages/oslo/config/cfg.py:2000
2018-04-04 04:52:47.768 92 DEBUG nova.openstack.common.service [-] remote_debug.host              = None log_opt_values /usr/lib/python2.7/dist-packages/oslo/config/cfg.py:2000
2018-04-04 04:52:47.773 92 DEBUG nova.openstack.common.service [-] remote_debug.port              = None log_opt_values /usr/lib/python2.7/dist-packages/oslo/config/cfg.py:2000
2018-04-04 04:52:47.779 92 DEBUG nova.openstack.common.service [-] spice.agent_enabled            = True log_opt_values /usr/lib/python2.7/dist-packages/oslo/config/cfg.py:2000
2018-04-04 04:52:47.780 92 DEBUG nova.openstack.common.service [-] spice.enabled                  = False log_opt_values /usr/lib/python2.7/dist-packages/oslo/config/cfg.py:2000
2018-04-04 04:52:47.781 92 DEBUG nova.openstack.common.service [-] spice.html5proxy_base_url      = http://127.0.0.1:6082/spice_auto.html log_opt_values /usr/lib/python2.7/dist-packages/oslo/config/cfg.py:2000
2018-04-04 04:52:47.782 92 DEBUG nova.openstack.common.service [-] spice.keymap                   = en-us log_opt_values /usr/lib/python2.7/dist-packages/oslo/config/cfg.py:2000
2018-04-04 04:52:47.789 92 DEBUG nova.openstack.common.service [-] spice.server_listen            = 127.0.0.1 log_opt_values /usr/lib/python2.7/dist-packages/oslo/config/cfg.py:2000
2018-04-04 04:52:47.792 92 DEBUG nova.openstack.common.service [-] spice.server_proxyclient_address = 127.0.0.1 log_opt_values /usr/lib/python2.7/dist-packages/oslo/config/cfg.py:2000
2018-04-04 04:52:47.794 92 DEBUG nova.openstack.common.service [-] ******************************************************************************** log_opt_values /usr/lib/python2.7/dist-packages/oslo/config/cfg.py:2002
2018-04-04 04:52:49.239 217 DEBUG oslo.db.sqlalchemy.session [req-90254d72-8d70-4a4a-bec5-8ab4d76fb15b ] MySQL server mode set to STRICT_TRANS_TABLES,STRICT_ALL_TABLES,NO_ZERO_IN_DATE,NO_ZERO_DATE,ERROR_FOR_DIVISION_BY_ZERO,TRADITIONAL,NO_AUTO_CREATE_USER,NO_ENGINE_SUBSTITUTION _init_events /usr/lib/python2.7/dist-packages/oslo/db/sqlalchemy/session.py:461
2018-04-04 04:52:49.431 214 DEBUG oslo.db.sqlalchemy.session [req-07f6856f-0bc8-48fd-9ce9-0a3215b7bf38 ] MySQL server mode set to STRICT_TRANS_TABLES,STRICT_ALL_TABLES,NO_ZERO_IN_DATE,NO_ZERO_DATE,ERROR_FOR_DIVISION_BY_ZERO,TRADITIONAL,NO_AUTO_CREATE_USER,NO_ENGINE_SUBSTITUTION _init_events /usr/lib/python2.7/dist-packages/oslo/db/sqlalchemy/session.py:461
2018-04-04 04:52:49.448 216 DEBUG oslo.db.sqlalchemy.session [req-2c60d5ce-1df0-41c6-ad62-6ec2e0a8f227 ] MySQL server mode set to STRICT_TRANS_TABLES,STRICT_ALL_TABLES,NO_ZERO_IN_DATE,NO_ZERO_DATE,ERROR_FOR_DIVISION_BY_ZERO,TRADITIONAL,NO_AUTO_CREATE_USER,NO_ENGINE_SUBSTITUTION _init_events /usr/lib/python2.7/dist-packages/oslo/db/sqlalchemy/session.py:461
2018-04-04 04:52:49.897 215 DEBUG oslo.db.sqlalchemy.session [req-29d7662f-cab3-4547-8365-6769c7ed1851 ] MySQL server mode set to STRICT_TRANS_TABLES,STRICT_ALL_TABLES,NO_ZERO_IN_DATE,NO_ZERO_DATE,ERROR_FOR_DIVISION_BY_ZERO,TRADITIONAL,NO_AUTO_CREATE_USER,NO_ENGINE_SUBSTITUTION _init_events /usr/lib/python2.7/dist-packages/oslo/db/sqlalchemy/session.py:461
2018-04-04 04:52:51.114 217 DEBUG nova.service [req-90254d72-8d70-4a4a-bec5-8ab4d76fb15b None] Creating RPC server for service conductor start /usr/lib/python2.7/dist-packages/nova/service.py:186
2018-04-04 04:52:51.133 217 INFO oslo.messaging._drivers.impl_rabbit [req-90254d72-8d70-4a4a-bec5-8ab4d76fb15b ] Connecting to AMQP server on 127.0.0.1:5672
2018-04-04 04:52:51.198 217 ERROR oslo.messaging._drivers.impl_rabbit [req-90254d72-8d70-4a4a-bec5-8ab4d76fb15b ] AMQP server on 127.0.0.1:5672 is unreachable: [Errno 111] ECONNREFUSED. Trying again in 1 seconds.
2018-04-04 04:52:51.343 214 DEBUG nova.service [req-07f6856f-0bc8-48fd-9ce9-0a3215b7bf38 None] Creating RPC server for service conductor start /usr/lib/python2.7/dist-packages/nova/service.py:186
2018-04-04 04:52:51.359 214 INFO oslo.messaging._drivers.impl_rabbit [req-07f6856f-0bc8-48fd-9ce9-0a3215b7bf38 ] Connecting to AMQP server on 127.0.0.1:5672
2018-04-04 04:52:51.394 214 ERROR oslo.messaging._drivers.impl_rabbit [req-07f6856f-0bc8-48fd-9ce9-0a3215b7bf38 ] AMQP server on 127.0.0.1:5672 is unreachable: [Errno 111] ECONNREFUSED. Trying again in 1 seconds.
2018-04-04 04:52:51.456 216 DEBUG nova.service [req-2c60d5ce-1df0-41c6-ad62-6ec2e0a8f227 None] Creating RPC server for service conductor start /usr/lib/python2.7/dist-packages/nova/service.py:186
2018-04-04 04:52:51.462 216 INFO oslo.messaging._drivers.impl_rabbit [req-2c60d5ce-1df0-41c6-ad62-6ec2e0a8f227 ] Connecting to AMQP server on 127.0.0.1:5672
2018-04-04 04:52:51.504 216 ERROR oslo.messaging._drivers.impl_rabbit [req-2c60d5ce-1df0-41c6-ad62-6ec2e0a8f227 ] AMQP server on 127.0.0.1:5672 is unreachable: [Errno 111] ECONNREFUSED. Trying again in 1 seconds.
2018-04-04 04:52:51.588 215 DEBUG nova.service [req-29d7662f-cab3-4547-8365-6769c7ed1851 None] Creating RPC server for service conductor start /usr/lib/python2.7/dist-packages/nova/service.py:186
2018-04-04 04:52:51.595 215 INFO oslo.messaging._drivers.impl_rabbit [req-29d7662f-cab3-4547-8365-6769c7ed1851 ] Connecting to AMQP server on 127.0.0.1:5672
2018-04-04 04:52:51.615 215 ERROR oslo.messaging._drivers.impl_rabbit [req-29d7662f-cab3-4547-8365-6769c7ed1851 ] AMQP server on 127.0.0.1:5672 is unreachable: [Errno 111] ECONNREFUSED. Trying again in 1 seconds.
2018-04-04 04:52:52.209 217 INFO oslo.messaging._drivers.impl_rabbit [req-90254d72-8d70-4a4a-bec5-8ab4d76fb15b ] Delaying reconnect for 1.0 seconds...
2018-04-04 04:52:52.395 214 INFO oslo.messaging._drivers.impl_rabbit [req-07f6856f-0bc8-48fd-9ce9-0a3215b7bf38 ] Delaying reconnect for 1.0 seconds...
2018-04-04 04:52:52.507 216 INFO oslo.messaging._drivers.impl_rabbit [req-2c60d5ce-1df0-41c6-ad62-6ec2e0a8f227 ] Delaying reconnect for 1.0 seconds...
2018-04-04 04:52:52.620 215 INFO oslo.messaging._drivers.impl_rabbit [req-29d7662f-cab3-4547-8365-6769c7ed1851 ] Delaying reconnect for 1.0 seconds...
2018-04-04 04:52:53.209 217 INFO oslo.messaging._drivers.impl_rabbit [req-90254d72-8d70-4a4a-bec5-8ab4d76fb15b ] Connecting to AMQP server on 127.0.0.1:5672
2018-04-04 04:52:53.220 217 INFO oslo.messaging._drivers.impl_rabbit [req-90254d72-8d70-4a4a-bec5-8ab4d76fb15b ] Connected to AMQP server on 127.0.0.1:5672
2018-04-04 04:52:53.230 217 DEBUG nova.service [req-90254d72-8d70-4a4a-bec5-8ab4d76fb15b None] Join ServiceGroup membership for this service conductor start /usr/lib/python2.7/dist-packages/nova/service.py:204
2018-04-04 04:52:53.230 217 DEBUG nova.servicegroup.api [req-90254d72-8d70-4a4a-bec5-8ab4d76fb15b None] Join new ServiceGroup member nova-server to the conductor group, service = <nova.service.Service object at 0x7f7217332290> join /usr/lib/python2.7/dist-packages/nova/servicegroup/api.py:109
2018-04-04 04:52:53.231 217 DEBUG nova.servicegroup.drivers.db [req-90254d72-8d70-4a4a-bec5-8ab4d76fb15b None] DB_Driver: join new ServiceGroup member nova-server to the conductor group, service = <nova.service.Service object at 0x7f7217332290> join /usr/lib/python2.7/dist-packages/nova/servicegroup/drivers/db.py:46
2018-04-04 04:52:53.391 217 INFO oslo.messaging._drivers.impl_rabbit [-] Connecting to AMQP server on 127.0.0.1:5672
2018-04-04 04:52:53.396 214 INFO oslo.messaging._drivers.impl_rabbit [req-07f6856f-0bc8-48fd-9ce9-0a3215b7bf38 ] Connecting to AMQP server on 127.0.0.1:5672
2018-04-04 04:52:53.406 214 INFO oslo.messaging._drivers.impl_rabbit [req-07f6856f-0bc8-48fd-9ce9-0a3215b7bf38 ] Connected to AMQP server on 127.0.0.1:5672
2018-04-04 04:52:53.407 217 INFO oslo.messaging._drivers.impl_rabbit [-] Connected to AMQP server on 127.0.0.1:5672
2018-04-04 04:52:53.425 214 DEBUG nova.service [req-07f6856f-0bc8-48fd-9ce9-0a3215b7bf38 None] Join ServiceGroup membership for this service conductor start /usr/lib/python2.7/dist-packages/nova/service.py:204
2018-04-04 04:52:53.427 214 DEBUG nova.servicegroup.api [req-07f6856f-0bc8-48fd-9ce9-0a3215b7bf38 None] Join new ServiceGroup member nova-server to the conductor group, service = <nova.service.Service object at 0x7f7217332290> join /usr/lib/python2.7/dist-packages/nova/servicegroup/api.py:109
2018-04-04 04:52:53.428 214 DEBUG nova.servicegroup.drivers.db [req-07f6856f-0bc8-48fd-9ce9-0a3215b7bf38 None] DB_Driver: join new ServiceGroup member nova-server to the conductor group, service = <nova.service.Service object at 0x7f7217332290> join /usr/lib/python2.7/dist-packages/nova/servicegroup/drivers/db.py:46
2018-04-04 04:52:53.508 216 INFO oslo.messaging._drivers.impl_rabbit [req-2c60d5ce-1df0-41c6-ad62-6ec2e0a8f227 ] Connecting to AMQP server on 127.0.0.1:5672
2018-04-04 04:52:53.520 216 INFO oslo.messaging._drivers.impl_rabbit [req-2c60d5ce-1df0-41c6-ad62-6ec2e0a8f227 ] Connected to AMQP server on 127.0.0.1:5672
2018-04-04 04:52:53.529 216 DEBUG nova.service [req-2c60d5ce-1df0-41c6-ad62-6ec2e0a8f227 None] Join ServiceGroup membership for this service conductor start /usr/lib/python2.7/dist-packages/nova/service.py:204
2018-04-04 04:52:53.531 216 DEBUG nova.servicegroup.api [req-2c60d5ce-1df0-41c6-ad62-6ec2e0a8f227 None] Join new ServiceGroup member nova-server to the conductor group, service = <nova.service.Service object at 0x7f7217332290> join /usr/lib/python2.7/dist-packages/nova/servicegroup/api.py:109
2018-04-04 04:52:53.532 216 DEBUG nova.servicegroup.drivers.db [req-2c60d5ce-1df0-41c6-ad62-6ec2e0a8f227 None] DB_Driver: join new ServiceGroup member nova-server to the conductor group, service = <nova.service.Service object at 0x7f7217332290> join /usr/lib/python2.7/dist-packages/nova/servicegroup/drivers/db.py:46
2018-04-04 04:52:53.621 215 INFO oslo.messaging._drivers.impl_rabbit [req-29d7662f-cab3-4547-8365-6769c7ed1851 ] Connecting to AMQP server on 127.0.0.1:5672
2018-04-04 04:52:53.623 214 INFO oslo.messaging._drivers.impl_rabbit [req-82f4a751-6f8c-4ba0-a814-6bb56a8701cf ] Connecting to AMQP server on 127.0.0.1:5672
2018-04-04 04:52:53.634 214 INFO oslo.messaging._drivers.impl_rabbit [req-82f4a751-6f8c-4ba0-a814-6bb56a8701cf ] Connected to AMQP server on 127.0.0.1:5672
2018-04-04 04:52:53.639 215 INFO oslo.messaging._drivers.impl_rabbit [req-29d7662f-cab3-4547-8365-6769c7ed1851 ] Connected to AMQP server on 127.0.0.1:5672
2018-04-04 04:52:53.664 215 DEBUG nova.service [req-29d7662f-cab3-4547-8365-6769c7ed1851 None] Join ServiceGroup membership for this service conductor start /usr/lib/python2.7/dist-packages/nova/service.py:204
2018-04-04 04:52:53.665 215 DEBUG nova.servicegroup.api [req-29d7662f-cab3-4547-8365-6769c7ed1851 None] Join new ServiceGroup member nova-server to the conductor group, service = <nova.service.Service object at 0x7f7217332290> join /usr/lib/python2.7/dist-packages/nova/servicegroup/api.py:109
2018-04-04 04:52:53.665 215 DEBUG nova.servicegroup.drivers.db [req-29d7662f-cab3-4547-8365-6769c7ed1851 None] DB_Driver: join new ServiceGroup member nova-server to the conductor group, service = <nova.service.Service object at 0x7f7217332290> join /usr/lib/python2.7/dist-packages/nova/servicegroup/drivers/db.py:46
2018-04-04 04:52:53.670 216 INFO oslo.messaging._drivers.impl_rabbit [-] Connecting to AMQP server on 127.0.0.1:5672
2018-04-04 04:52:53.681 216 INFO oslo.messaging._drivers.impl_rabbit [-] Connected to AMQP server on 127.0.0.1:5672
2018-04-04 04:52:53.817 215 INFO oslo.messaging._drivers.impl_rabbit [-] Connecting to AMQP server on 127.0.0.1:5672
2018-04-04 04:52:53.828 215 INFO oslo.messaging._drivers.impl_rabbit [-] Connected to AMQP server on 127.0.0.1:5672
2018-04-04 04:52:56.430 214 DEBUG nova.openstack.common.loopingcall [-] Dynamic looping call <bound method Service.periodic_tasks of <nova.service.Service object at 0x7f7217332290>> sleeping for 60.00 seconds _inner /usr/lib/python2.7/dist-packages/nova/openstack/common/loopingcall.py:132
2018-04-04 04:53:01.233 217 DEBUG nova.openstack.common.loopingcall [-] Dynamic looping call <bound method Service.periodic_tasks of <nova.service.Service object at 0x7f7217332290>> sleeping for 60.00 seconds _inner /usr/lib/python2.7/dist-packages/nova/openstack/common/loopingcall.py:132
2018-04-04 04:53:08.535 216 DEBUG nova.openstack.common.loopingcall [-] Dynamic looping call <bound method Service.periodic_tasks of <nova.service.Service object at 0x7f7217332290>> sleeping for 60.00 seconds _inner /usr/lib/python2.7/dist-packages/nova/openstack/common/loopingcall.py:132
2018-04-04 04:53:08.667 215 DEBUG nova.openstack.common.loopingcall [-] Dynamic looping call <bound method Service.periodic_tasks of <nova.service.Service object at 0x7f7217332290>> sleeping for 60.00 seconds _inner /usr/lib/python2.7/dist-packages/nova/openstack/common/loopingcall.py:132
2018-04-04 04:53:56.431 214 DEBUG nova.openstack.common.loopingcall [-] Dynamic looping call <bound method Service.periodic_tasks of <nova.service.Service object at 0x7f7217332290>> sleeping for 60.00 seconds _inner /usr/lib/python2.7/dist-packages/nova/openstack/common/loopingcall.py:132
2018-04-04 04:54:01.234 217 DEBUG nova.openstack.common.loopingcall [-] Dynamic looping call <bound method Service.periodic_tasks of <nova.service.Service object at 0x7f7217332290>> sleeping for 60.00 seconds _inner /usr/lib/python2.7/dist-packages/nova/openstack/common/loopingcall.py:132
2018-04-04 04:54:08.536 216 DEBUG nova.openstack.common.loopingcall [-] Dynamic looping call <bound method Service.periodic_tasks of <nova.service.Service object at 0x7f7217332290>> sleeping for 60.00 seconds _inner /usr/lib/python2.7/dist-packages/nova/openstack/common/loopingcall.py:132
2018-04-04 04:54:08.668 215 DEBUG nova.openstack.common.loopingcall [-] Dynamic looping call <bound method Service.periodic_tasks of <nova.service.Service object at 0x7f7217332290>> sleeping for 60.00 seconds _inner /usr/lib/python2.7/dist-packages/nova/openstack/common/loopingcall.py:132
2018-04-04 04:54:56.432 214 DEBUG nova.openstack.common.loopingcall [-] Dynamic looping call <bound method Service.periodic_tasks of <nova.service.Service object at 0x7f7217332290>> sleeping for 60.00 seconds _inner /usr/lib/python2.7/dist-packages/nova/openstack/common/loopingcall.py:132
2018-04-04 04:55:01.235 217 DEBUG nova.openstack.common.loopingcall [-] Dynamic looping call <bound method Service.periodic_tasks of <nova.service.Service object at 0x7f7217332290>> sleeping for 60.00 seconds _inner /usr/lib/python2.7/dist-packages/nova/openstack/common/loopingcall.py:132
2018-04-04 04:55:08.538 216 DEBUG nova.openstack.common.loopingcall [-] Dynamic looping call <bound method Service.periodic_tasks of <nova.service.Service object at 0x7f7217332290>> sleeping for 60.00 seconds _inner /usr/lib/python2.7/dist-packages/nova/openstack/common/loopingcall.py:132
2018-04-04 04:55:08.670 215 DEBUG nova.openstack.common.loopingcall [-] Dynamic looping call <bound method Service.periodic_tasks of <nova.service.Service object at 0x7f7217332290>> sleeping for 60.00 seconds _inner /usr/lib/python2.7/dist-packages/nova/openstack/common/loopingcall.py:132
2018-04-04 04:55:56.434 214 DEBUG nova.openstack.common.loopingcall [-] Dynamic looping call <bound method Service.periodic_tasks of <nova.service.Service object at 0x7f7217332290>> sleeping for 60.00 seconds _inner /usr/lib/python2.7/dist-packages/nova/openstack/common/loopingcall.py:132
2018-04-04 04:56:01.236 217 DEBUG nova.openstack.common.loopingcall [-] Dynamic looping call <bound method Service.periodic_tasks of <nova.service.Service object at 0x7f7217332290>> sleeping for 60.00 seconds _inner /usr/lib/python2.7/dist-packages/nova/openstack/common/loopingcall.py:132
2018-04-04 04:56:08.539 216 DEBUG nova.openstack.common.loopingcall [-] Dynamic looping call <bound method Service.periodic_tasks of <nova.service.Service object at 0x7f7217332290>> sleeping for 60.00 seconds _inner /usr/lib/python2.7/dist-packages/nova/openstack/common/loopingcall.py:132
2018-04-04 04:56:08.671 215 DEBUG nova.openstack.common.loopingcall [-] Dynamic looping call <bound method Service.periodic_tasks of <nova.service.Service object at 0x7f7217332290>> sleeping for 60.00 seconds _inner /usr/lib/python2.7/dist-packages/nova/openstack/common/loopingcall.py:132
2018-04-04 04:56:56.435 214 DEBUG nova.openstack.common.loopingcall [-] Dynamic looping call <bound method Service.periodic_tasks of <nova.service.Service object at 0x7f7217332290>> sleeping for 60.00 seconds _inner /usr/lib/python2.7/dist-packages/nova/openstack/common/loopingcall.py:132
2018-04-04 04:57:01.237 217 DEBUG nova.openstack.common.loopingcall [-] Dynamic looping call <bound method Service.periodic_tasks of <nova.service.Service object at 0x7f7217332290>> sleeping for 60.00 seconds _inner /usr/lib/python2.7/dist-packages/nova/openstack/common/loopingcall.py:132
2018-04-04 04:57:08.540 216 DEBUG nova.openstack.common.loopingcall [-] Dynamic looping call <bound method Service.periodic_tasks of <nova.service.Service object at 0x7f7217332290>> sleeping for 60.00 seconds _inner /usr/lib/python2.7/dist-packages/nova/openstack/common/loopingcall.py:132
2018-04-04 04:57:08.672 215 DEBUG nova.openstack.common.loopingcall [-] Dynamic looping call <bound method Service.periodic_tasks of <nova.service.Service object at 0x7f7217332290>> sleeping for 60.00 seconds _inner /usr/lib/python2.7/dist-packages/nova/openstack/common/loopingcall.py:132
2018-04-04 04:57:56.436 214 DEBUG nova.openstack.common.loopingcall [-] Dynamic looping call <bound method Service.periodic_tasks of <nova.service.Service object at 0x7f7217332290>> sleeping for 60.00 seconds _inner /usr/lib/python2.7/dist-packages/nova/openstack/common/loopingcall.py:132
2018-04-04 04:58:01.238 217 DEBUG nova.openstack.common.loopingcall [-] Dynamic looping call <bound method Service.periodic_tasks of <nova.service.Service object at 0x7f7217332290>> sleeping for 60.00 seconds _inner /usr/lib/python2.7/dist-packages/nova/openstack/common/loopingcall.py:132
2018-04-04 04:58:08.541 216 DEBUG nova.openstack.common.loopingcall [-] Dynamic looping call <bound method Service.periodic_tasks of <nova.service.Service object at 0x7f7217332290>> sleeping for 60.00 seconds _inner /usr/lib/python2.7/dist-packages/nova/openstack/common/loopingcall.py:132
2018-04-04 04:58:08.674 215 DEBUG nova.openstack.common.loopingcall [-] Dynamic looping call <bound method Service.periodic_tasks of <nova.service.Service object at 0x7f7217332290>> sleeping for 60.00 seconds _inner /usr/lib/python2.7/dist-packages/nova/openstack/common/loopingcall.py:132
2018-04-04 04:58:56.437 214 DEBUG nova.openstack.common.loopingcall [-] Dynamic looping call <bound method Service.periodic_tasks of <nova.service.Service object at 0x7f7217332290>> sleeping for 60.00 seconds _inner /usr/lib/python2.7/dist-packages/nova/openstack/common/loopingcall.py:132
2018-04-04 04:59:01.239 217 DEBUG nova.openstack.common.loopingcall [-] Dynamic looping call <bound method Service.periodic_tasks of <nova.service.Service object at 0x7f7217332290>> sleeping for 60.00 seconds _inner /usr/lib/python2.7/dist-packages/nova/openstack/common/loopingcall.py:132
2018-04-04 04:59:08.542 216 DEBUG nova.openstack.common.loopingcall [-] Dynamic looping call <bound method Service.periodic_tasks of <nova.service.Service object at 0x7f7217332290>> sleeping for 60.00 seconds _inner /usr/lib/python2.7/dist-packages/nova/openstack/common/loopingcall.py:132
2018-04-04 04:59:08.674 215 DEBUG nova.openstack.common.loopingcall [-] Dynamic looping call <bound method Service.periodic_tasks of <nova.service.Service object at 0x7f7217332290>> sleeping for 60.00 seconds _inner /usr/lib/python2.7/dist-packages/nova/openstack/common/loopingcall.py:132
2018-04-04 04:59:56.438 214 DEBUG nova.openstack.common.loopingcall [-] Dynamic looping call <bound method Service.periodic_tasks of <nova.service.Service object at 0x7f7217332290>> sleeping for 60.00 seconds _inner /usr/lib/python2.7/dist-packages/nova/openstack/common/loopingcall.py:132
2018-04-04 05:00:01.240 217 DEBUG nova.openstack.common.loopingcall [-] Dynamic looping call <bound method Service.periodic_tasks of <nova.service.Service object at 0x7f7217332290>> sleeping for 60.00 seconds _inner /usr/lib/python2.7/dist-packages/nova/openstack/common/loopingcall.py:132
2018-04-04 05:00:08.543 216 DEBUG nova.openstack.common.loopingcall [-] Dynamic looping call <bound method Service.periodic_tasks of <nova.service.Service object at 0x7f7217332290>> sleeping for 60.00 seconds _inner /usr/lib/python2.7/dist-packages/nova/openstack/common/loopingcall.py:132
2018-04-04 05:00:08.676 215 DEBUG nova.openstack.common.loopingcall [-] Dynamic looping call <bound method Service.periodic_tasks of <nova.service.Service object at 0x7f7217332290>> sleeping for 60.00 seconds _inner /usr/lib/python2.7/dist-packages/nova/openstack/common/loopingcall.py:132
2018-04-04 05:00:56.440 214 DEBUG nova.openstack.common.loopingcall [-] Dynamic looping call <bound method Service.periodic_tasks of <nova.service.Service object at 0x7f7217332290>> sleeping for 60.00 seconds _inner /usr/lib/python2.7/dist-packages/nova/openstack/common/loopingcall.py:132
2018-04-04 05:01:01.241 217 DEBUG nova.openstack.common.loopingcall [-] Dynamic looping call <bound method Service.periodic_tasks of <nova.service.Service object at 0x7f7217332290>> sleeping for 60.00 seconds _inner /usr/lib/python2.7/dist-packages/nova/openstack/common/loopingcall.py:132
2018-04-04 05:01:08.544 216 DEBUG nova.openstack.common.loopingcall [-] Dynamic looping call <bound method Service.periodic_tasks of <nova.service.Service object at 0x7f7217332290>> sleeping for 60.00 seconds _inner /usr/lib/python2.7/dist-packages/nova/openstack/common/loopingcall.py:132
2018-04-04 05:01:08.678 215 DEBUG nova.openstack.common.loopingcall [-] Dynamic looping call <bound method Service.periodic_tasks of <nova.service.Service object at 0x7f7217332290>> sleeping for 60.00 seconds _inner /usr/lib/python2.7/dist-packages/nova/openstack/common/loopingcall.py:132
2018-04-04 05:01:56.442 214 DEBUG nova.openstack.common.loopingcall [-] Dynamic looping call <bound method Service.periodic_tasks of <nova.service.Service object at 0x7f7217332290>> sleeping for 60.00 seconds _inner /usr/lib/python2.7/dist-packages/nova/openstack/common/loopingcall.py:132
2018-04-04 05:02:01.243 217 DEBUG nova.openstack.common.loopingcall [-] Dynamic looping call <bound method Service.periodic_tasks of <nova.service.Service object at 0x7f7217332290>> sleeping for 60.00 seconds _inner /usr/lib/python2.7/dist-packages/nova/openstack/common/loopingcall.py:132
2018-04-04 05:02:08.545 216 DEBUG nova.openstack.common.loopingcall [-] Dynamic looping call <bound method Service.periodic_tasks of <nova.service.Service object at 0x7f7217332290>> sleeping for 60.00 seconds _inner /usr/lib/python2.7/dist-packages/nova/openstack/common/loopingcall.py:132
2018-04-04 05:02:08.679 215 DEBUG nova.openstack.common.loopingcall [-] Dynamic looping call <bound method Service.periodic_tasks of <nova.service.Service object at 0x7f7217332290>> sleeping for 60.00 seconds _inner /usr/lib/python2.7/dist-packages/nova/openstack/common/loopingcall.py:132
2018-04-04 05:02:56.443 214 DEBUG nova.openstack.common.loopingcall [-] Dynamic looping call <bound method Service.periodic_tasks of <nova.service.Service object at 0x7f7217332290>> sleeping for 60.00 seconds _inner /usr/lib/python2.7/dist-packages/nova/openstack/common/loopingcall.py:132
2018-04-04 05:03:01.244 217 DEBUG nova.openstack.common.loopingcall [-] Dynamic looping call <bound method Service.periodic_tasks of <nova.service.Service object at 0x7f7217332290>> sleeping for 60.00 seconds _inner /usr/lib/python2.7/dist-packages/nova/openstack/common/loopingcall.py:132
2018-04-04 05:03:08.546 216 DEBUG nova.openstack.common.loopingcall [-] Dynamic looping call <bound method Service.periodic_tasks of <nova.service.Service object at 0x7f7217332290>> sleeping for 60.00 seconds _inner /usr/lib/python2.7/dist-packages/nova/openstack/common/loopingcall.py:132
2018-04-04 05:03:08.680 215 DEBUG nova.openstack.common.loopingcall [-] Dynamic looping call <bound method Service.periodic_tasks of <nova.service.Service object at 0x7f7217332290>> sleeping for 60.00 seconds _inner /usr/lib/python2.7/dist-packages/nova/openstack/common/loopingcall.py:132
2018-04-04 05:03:56.445 214 DEBUG nova.openstack.common.loopingcall [-] Dynamic looping call <bound method Service.periodic_tasks of <nova.service.Service object at 0x7f7217332290>> sleeping for 60.00 seconds _inner /usr/lib/python2.7/dist-packages/nova/openstack/common/loopingcall.py:132
2018-04-04 05:04:01.245 217 DEBUG nova.openstack.common.loopingcall [-] Dynamic looping call <bound method Service.periodic_tasks of <nova.service.Service object at 0x7f7217332290>> sleeping for 60.00 seconds _inner /usr/lib/python2.7/dist-packages/nova/openstack/common/loopingcall.py:132
2018-04-04 05:04:08.547 216 DEBUG nova.openstack.common.loopingcall [-] Dynamic looping call <bound method Service.periodic_tasks of <nova.service.Service object at 0x7f7217332290>> sleeping for 60.00 seconds _inner /usr/lib/python2.7/dist-packages/nova/openstack/common/loopingcall.py:132
