2018-04-15 23:59:11.844 92 DEBUG nova.openstack.common.service [-] rabbit_virtual_host            = / log_opt_values /usr/lib/python2.7/dist-packages/oslo/config/cfg.py:1992
2018-04-15 23:59:11.851 92 DEBUG nova.openstack.common.service [-] reboot_timeout                 = 0 log_opt_values /usr/lib/python2.7/dist-packages/oslo/config/cfg.py:1992
2018-04-15 23:59:11.851 92 DEBUG nova.openstack.common.service [-] reclaim_instance_interval      = 0 log_opt_values /usr/lib/python2.7/dist-packages/oslo/config/cfg.py:1992
2018-04-15 23:59:11.857 92 DEBUG nova.openstack.common.service [-] remove_unused_base_images      = True log_opt_values /usr/lib/python2.7/dist-packages/oslo/config/cfg.py:1992
2018-04-15 23:59:11.857 92 DEBUG nova.openstack.common.service [-] remove_unused_original_minimum_age_seconds = 86400 log_opt_values /usr/lib/python2.7/dist-packages/oslo/config/cfg.py:1992
2018-04-15 23:59:11.858 92 DEBUG nova.openstack.common.service [-] report_interval                = 10 log_opt_values /usr/lib/python2.7/dist-packages/oslo/config/cfg.py:1992
2018-04-15 23:59:11.858 92 DEBUG nova.openstack.common.service [-] rescue_timeout                 = 0 log_opt_values /usr/lib/python2.7/dist-packages/oslo/config/cfg.py:1992
2018-04-15 23:59:11.858 92 DEBUG nova.openstack.common.service [-] reservation_expire             = 86400 log_opt_values /usr/lib/python2.7/dist-packages/oslo/config/cfg.py:1992
2018-04-15 23:59:11.868 92 DEBUG nova.openstack.common.service [-] reserved_host_disk_mb          = 0 log_opt_values /usr/lib/python2.7/dist-packages/oslo/config/cfg.py:1992
2018-04-15 23:59:11.869 92 DEBUG nova.openstack.common.service [-] reserved_host_memory_mb        = 512 log_opt_values /usr/lib/python2.7/dist-packages/oslo/config/cfg.py:1992
2018-04-15 23:59:11.870 92 DEBUG nova.openstack.common.service [-] resize_confirm_window          = 0 log_opt_values /usr/lib/python2.7/dist-packages/oslo/config/cfg.py:1992
2018-04-15 23:59:11.872 92 DEBUG nova.openstack.common.service [-] resume_guests_state_on_host_boot = False log_opt_values /usr/lib/python2.7/dist-packages/oslo/config/cfg.py:1992
2018-04-15 23:59:11.879 92 DEBUG nova.openstack.common.service [-] rootwrap_config                = /etc/nova/rootwrap.conf log_opt_values /usr/lib/python2.7/dist-packages/oslo/config/cfg.py:1992
2018-04-15 23:59:11.879 92 DEBUG nova.openstack.common.service [-] rpc_backend                    = rabbit log_opt_values /usr/lib/python2.7/dist-packages/oslo/config/cfg.py:1992
2018-04-15 23:59:11.880 92 DEBUG nova.openstack.common.service [-] rpc_conn_pool_size             = 30 log_opt_values /usr/lib/python2.7/dist-packages/oslo/config/cfg.py:1992
2018-04-15 23:59:11.884 92 DEBUG nova.openstack.common.service [-] rpc_response_timeout           = 60 log_opt_values /usr/lib/python2.7/dist-packages/oslo/config/cfg.py:1992
2018-04-15 23:59:11.885 92 DEBUG nova.openstack.common.service [-] run_external_periodic_tasks    = True log_opt_values /usr/lib/python2.7/dist-packages/oslo/config/cfg.py:1992
2018-04-15 23:59:11.887 92 DEBUG nova.openstack.common.service [-] running_deleted_instance_action = reap log_opt_values /usr/lib/python2.7/dist-packages/oslo/config/cfg.py:1992
2018-04-15 23:59:11.888 92 DEBUG nova.openstack.common.service [-] running_deleted_instance_poll_interval = 1800 log_opt_values /usr/lib/python2.7/dist-packages/oslo/config/cfg.py:1992
2018-04-15 23:59:11.890 92 DEBUG nova.openstack.common.service [-] running_deleted_instance_timeout = 0 log_opt_values /usr/lib/python2.7/dist-packages/oslo/config/cfg.py:1992
2018-04-15 23:59:11.890 92 DEBUG nova.openstack.common.service [-] scheduler_host_manager         = nova.scheduler.host_manager.HostManager log_opt_values /usr/lib/python2.7/dist-packages/oslo/config/cfg.py:1992
2018-04-15 23:59:11.891 92 DEBUG nova.openstack.common.service [-] scheduler_manager              = nova.scheduler.manager.SchedulerManager log_opt_values /usr/lib/python2.7/dist-packages/oslo/config/cfg.py:1992
2018-04-15 23:59:11.891 92 DEBUG nova.openstack.common.service [-] scheduler_max_attempts         = 3 log_opt_values /usr/lib/python2.7/dist-packages/oslo/config/cfg.py:1992
2018-04-15 23:59:11.892 92 DEBUG nova.openstack.common.service [-] scheduler_topic                = scheduler log_opt_values /usr/lib/python2.7/dist-packages/oslo/config/cfg.py:1992
2018-04-15 23:59:11.895 92 DEBUG nova.openstack.common.service [-] security_group_api             = nova log_opt_values /usr/lib/python2.7/dist-packages/oslo/config/cfg.py:1992
2018-04-15 23:59:11.896 92 DEBUG nova.openstack.common.service [-] service_down_time              = 60 log_opt_values /usr/lib/python2.7/dist-packages/oslo/config/cfg.py:1992
2018-04-15 23:59:11.896 92 DEBUG nova.openstack.common.service [-] servicegroup_driver            = db log_opt_values /usr/lib/python2.7/dist-packages/oslo/config/cfg.py:1992
2018-04-15 23:59:11.911 92 DEBUG nova.openstack.common.service [-] share_dhcp_address             = False log_opt_values /usr/lib/python2.7/dist-packages/oslo/config/cfg.py:1992
2018-04-15 23:59:11.911 92 DEBUG nova.openstack.common.service [-] shelved_offload_time           = 0 log_opt_values /usr/lib/python2.7/dist-packages/oslo/config/cfg.py:1992
2018-04-15 23:59:11.912 92 DEBUG nova.openstack.common.service [-] shelved_poll_interval          = 3600 log_opt_values /usr/lib/python2.7/dist-packages/oslo/config/cfg.py:1992
2018-04-15 23:59:11.916 92 DEBUG nova.openstack.common.service [-] shutdown_timeout               = 60 log_opt_values /usr/lib/python2.7/dist-packages/oslo/config/cfg.py:1992
2018-04-15 23:59:11.919 92 DEBUG nova.openstack.common.service [-] snapshot_name_template         = snapshot-%s log_opt_values /usr/lib/python2.7/dist-packages/oslo/config/cfg.py:1992
2018-04-15 23:59:11.920 92 DEBUG nova.openstack.common.service [-] ssl_ca_file                    = None log_opt_values /usr/lib/python2.7/dist-packages/oslo/config/cfg.py:1992
2018-04-15 23:59:11.923 92 DEBUG nova.openstack.common.service [-] ssl_cert_file                  = None log_opt_values /usr/lib/python2.7/dist-packages/oslo/config/cfg.py:1992
2018-04-15 23:59:11.923 92 DEBUG nova.openstack.common.service [-] ssl_key_file                   = None log_opt_values /usr/lib/python2.7/dist-packages/oslo/config/cfg.py:1992
2018-04-15 23:59:11.926 92 DEBUG nova.openstack.common.service [-] state_path                     = /usr/lib/python2.7/dist-packages log_opt_values /usr/lib/python2.7/dist-packages/oslo/config/cfg.py:1992
2018-04-15 23:59:11.926 92 DEBUG nova.openstack.common.service [-] sync_power_state_concurrency   = 20 log_opt_values /usr/lib/python2.7/dist-packages/oslo/config/cfg.py:1992
2018-04-15 23:59:11.932 92 DEBUG nova.openstack.common.service [-] sync_power_state_interval      = 600 log_opt_values /usr/lib/python2.7/dist-packages/oslo/config/cfg.py:1992
2018-04-15 23:59:11.936 92 DEBUG nova.openstack.common.service [-] syslog_connect_retries         = 3 log_opt_values /usr/lib/python2.7/dist-packages/oslo/config/cfg.py:1992
2018-04-15 23:59:11.938 92 DEBUG nova.openstack.common.service [-] syslog_log_facility            = LOG_USER log_opt_values /usr/lib/python2.7/dist-packages/oslo/config/cfg.py:1992
2018-04-15 23:59:11.939 92 DEBUG nova.openstack.common.service [-] tcp_keepidle                   = 600 log_opt_values /usr/lib/python2.7/dist-packages/oslo/config/cfg.py:1992
2018-04-15 23:59:11.939 92 DEBUG nova.openstack.common.service [-] tempdir                        = None log_opt_values /usr/lib/python2.7/dist-packages/oslo/config/cfg.py:1992
2018-04-15 23:59:11.941 92 DEBUG nova.openstack.common.service [-] transport_url                  = None log_opt_values /usr/lib/python2.7/dist-packages/oslo/config/cfg.py:1992
2018-04-15 23:59:11.943 92 DEBUG nova.openstack.common.service [-] until_refresh                  = 0 log_opt_values /usr/lib/python2.7/dist-packages/oslo/config/cfg.py:1992
2018-04-15 23:59:11.943 92 DEBUG nova.openstack.common.service [-] use_cow_images                 = True log_opt_values /usr/lib/python2.7/dist-packages/oslo/config/cfg.py:1992
2018-04-15 23:59:11.944 92 DEBUG nova.openstack.common.service [-] use_forwarded_for              = False log_opt_values /usr/lib/python2.7/dist-packages/oslo/config/cfg.py:1992
2018-04-15 23:59:11.944 92 DEBUG nova.openstack.common.service [-] use_ipv6                       = False log_opt_values /usr/lib/python2.7/dist-packages/oslo/config/cfg.py:1992
2018-04-15 23:59:11.948 92 DEBUG nova.openstack.common.service [-] use_project_ca                 = False log_opt_values /usr/lib/python2.7/dist-packages/oslo/config/cfg.py:1992
2018-04-15 23:59:11.949 92 DEBUG nova.openstack.common.service [-] use_stderr                     = True log_opt_values /usr/lib/python2.7/dist-packages/oslo/config/cfg.py:1992
2018-04-15 23:59:11.949 92 DEBUG nova.openstack.common.service [-] use_syslog                     = False log_opt_values /usr/lib/python2.7/dist-packages/oslo/config/cfg.py:1992
2018-04-15 23:59:11.950 92 DEBUG nova.openstack.common.service [-] use_syslog_rfc_format          = False log_opt_values /usr/lib/python2.7/dist-packages/oslo/config/cfg.py:1992
2018-04-15 23:59:11.951 92 DEBUG nova.openstack.common.service [-] user_cert_subject              = /C=US/ST=California/O=OpenStack/OU=NovaDev/CN=%.16s-%.16s-%s log_opt_values /usr/lib/python2.7/dist-packages/oslo/config/cfg.py:1992
2018-04-15 23:59:11.951 92 DEBUG nova.openstack.common.service [-] vcpu_pin_set                   = None log_opt_values /usr/lib/python2.7/dist-packages/oslo/config/cfg.py:1992
2018-04-15 23:59:11.951 92 DEBUG nova.openstack.common.service [-] verbose                        = True log_opt_values /usr/lib/python2.7/dist-packages/oslo/config/cfg.py:1992
2018-04-15 23:59:11.952 92 DEBUG nova.openstack.common.service [-] vif_plugging_is_fatal          = True log_opt_values /usr/lib/python2.7/dist-packages/oslo/config/cfg.py:1992
2018-04-15 23:59:11.956 92 DEBUG nova.openstack.common.service [-] vif_plugging_timeout           = 300 log_opt_values /usr/lib/python2.7/dist-packages/oslo/config/cfg.py:1992
2018-04-15 23:59:11.956 92 DEBUG nova.openstack.common.service [-] vnc_enabled                    = True log_opt_values /usr/lib/python2.7/dist-packages/oslo/config/cfg.py:1992
2018-04-15 23:59:11.957 92 DEBUG nova.openstack.common.service [-] vnc_keymap                     = en-us log_opt_values /usr/lib/python2.7/dist-packages/oslo/config/cfg.py:1992
2018-04-15 23:59:11.957 92 DEBUG nova.openstack.common.service [-] vncserver_listen               = 127.0.0.1 log_opt_values /usr/lib/python2.7/dist-packages/oslo/config/cfg.py:1992
2018-04-15 23:59:11.958 92 DEBUG nova.openstack.common.service [-] vncserver_proxyclient_address  = 127.0.0.1 log_opt_values /usr/lib/python2.7/dist-packages/oslo/config/cfg.py:1992
2018-04-15 23:59:11.958 92 DEBUG nova.openstack.common.service [-] volume_api_class               = nova.volume.cinder.API log_opt_values /usr/lib/python2.7/dist-packages/oslo/config/cfg.py:1992
2018-04-15 23:59:11.958 92 DEBUG nova.openstack.common.service [-] volume_usage_poll_interval     = 0 log_opt_values /usr/lib/python2.7/dist-packages/oslo/config/cfg.py:1992
2018-04-15 23:59:11.959 92 DEBUG nova.openstack.common.service [-] vpn_flavor                     = m1.tiny log_opt_values /usr/lib/python2.7/dist-packages/oslo/config/cfg.py:1992
2018-04-15 23:59:11.959 92 DEBUG nova.openstack.common.service [-] vpn_image_id                   = 0 log_opt_values /usr/lib/python2.7/dist-packages/oslo/config/cfg.py:1992
2018-04-15 23:59:11.959 92 DEBUG nova.openstack.common.service [-] vpn_key_suffix                 = -vpn log_opt_values /usr/lib/python2.7/dist-packages/oslo/config/cfg.py:1992
2018-04-15 23:59:11.960 92 DEBUG nova.openstack.common.service [-] wsgi_default_pool_size         = 1000 log_opt_values /usr/lib/python2.7/dist-packages/oslo/config/cfg.py:1992
2018-04-15 23:59:11.981 92 DEBUG nova.openstack.common.service [-] wsgi_keep_alive                = True log_opt_values /usr/lib/python2.7/dist-packages/oslo/config/cfg.py:1992
2018-04-15 23:59:11.981 92 DEBUG nova.openstack.common.service [-] wsgi_log_format                = %(client_ip)s "%(request_line)s" status: %(status_code)s len: %(body_length)s time: %(wall_seconds).7f log_opt_values /usr/lib/python2.7/dist-packages/oslo/config/cfg.py:1992
2018-04-15 23:59:11.983 92 DEBUG nova.openstack.common.service [-] xvpvncproxy_base_url           = http://127.0.0.1:6081/console log_opt_values /usr/lib/python2.7/dist-packages/oslo/config/cfg.py:1992
2018-04-15 23:59:11.988 92 DEBUG nova.openstack.common.service [-] ephemeral_storage_encryption.cipher = aes-xts-plain64 log_opt_values /usr/lib/python2.7/dist-packages/oslo/config/cfg.py:2000
2018-04-15 23:59:11.992 92 DEBUG nova.openstack.common.service [-] ephemeral_storage_encryption.enabled = False log_opt_values /usr/lib/python2.7/dist-packages/oslo/config/cfg.py:2000
2018-04-15 23:59:11.992 92 DEBUG nova.openstack.common.service [-] ephemeral_storage_encryption.key_size = 512 log_opt_values /usr/lib/python2.7/dist-packages/oslo/config/cfg.py:2000
2018-04-15 23:59:11.992 92 DEBUG nova.openstack.common.service [-] osapi_v3.enabled               = False log_opt_values /usr/lib/python2.7/dist-packages/oslo/config/cfg.py:2000
2018-04-15 23:59:11.993 92 DEBUG nova.openstack.common.service [-] osapi_v3.extensions_blacklist  = [] log_opt_values /usr/lib/python2.7/dist-packages/oslo/config/cfg.py:2000
2018-04-15 23:59:11.993 92 DEBUG nova.openstack.common.service [-] osapi_v3.extensions_whitelist  = [] log_opt_values /usr/lib/python2.7/dist-packages/oslo/config/cfg.py:2000
2018-04-15 23:59:11.994 92 DEBUG nova.openstack.common.service [-] rdp.enabled                    = False log_opt_values /usr/lib/python2.7/dist-packages/oslo/config/cfg.py:2000
2018-04-15 23:59:11.994 92 DEBUG nova.openstack.common.service [-] rdp.html5_proxy_base_url       = http://127.0.0.1:6083/ log_opt_values /usr/lib/python2.7/dist-packages/oslo/config/cfg.py:2000
2018-04-15 23:59:11.995 92 DEBUG nova.openstack.common.service [-] conductor.manager              = nova.conductor.manager.ConductorManager log_opt_values /usr/lib/python2.7/dist-packages/oslo/config/cfg.py:2000
2018-04-15 23:59:12.006 92 DEBUG nova.openstack.common.service [-] conductor.topic                = conductor log_opt_values /usr/lib/python2.7/dist-packages/oslo/config/cfg.py:2000
2018-04-15 23:59:12.007 92 DEBUG nova.openstack.common.service [-] conductor.use_local            = False log_opt_values /usr/lib/python2.7/dist-packages/oslo/config/cfg.py:2000
2018-04-15 23:59:12.007 92 DEBUG nova.openstack.common.service [-] conductor.workers              = 4 log_opt_values /usr/lib/python2.7/dist-packages/oslo/config/cfg.py:2000
2018-04-15 23:59:12.008 92 DEBUG nova.openstack.common.service [-] database.backend               = sqlalchemy log_opt_values /usr/lib/python2.7/dist-packages/oslo/config/cfg.py:2000
2018-04-15 23:59:12.011 92 DEBUG nova.openstack.common.service [-] database.connection            = **** log_opt_values /usr/lib/python2.7/dist-packages/oslo/config/cfg.py:2000
2018-04-15 23:59:12.012 92 DEBUG nova.openstack.common.service [-] database.connection_debug      = 0 log_opt_values /usr/lib/python2.7/dist-packages/oslo/config/cfg.py:2000
2018-04-15 23:59:12.016 92 DEBUG nova.openstack.common.service [-] database.connection_trace      = False log_opt_values /usr/lib/python2.7/dist-packages/oslo/config/cfg.py:2000
2018-04-15 23:59:12.020 92 DEBUG nova.openstack.common.service [-] database.db_inc_retry_interval = True log_opt_values /usr/lib/python2.7/dist-packages/oslo/config/cfg.py:2000
2018-04-15 23:59:12.028 92 DEBUG nova.openstack.common.service [-] database.db_max_retries        = 20 log_opt_values /usr/lib/python2.7/dist-packages/oslo/config/cfg.py:2000
2018-04-15 23:59:12.032 92 DEBUG nova.openstack.common.service [-] database.db_max_retry_interval = 10 log_opt_values /usr/lib/python2.7/dist-packages/oslo/config/cfg.py:2000
2018-04-15 23:59:12.033 92 DEBUG nova.openstack.common.service [-] database.db_retry_interval     = 1 log_opt_values /usr/lib/python2.7/dist-packages/oslo/config/cfg.py:2000
2018-04-15 23:59:12.035 92 DEBUG nova.openstack.common.service [-] database.idle_timeout          = 3600 log_opt_values /usr/lib/python2.7/dist-packages/oslo/config/cfg.py:2000
2018-04-15 23:59:12.036 92 DEBUG nova.openstack.common.service [-] database.max_overflow          = None log_opt_values /usr/lib/python2.7/dist-packages/oslo/config/cfg.py:2000
2018-04-15 23:59:12.039 92 DEBUG nova.openstack.common.service [-] database.max_pool_size         = None log_opt_values /usr/lib/python2.7/dist-packages/oslo/config/cfg.py:2000
2018-04-15 23:59:12.040 92 DEBUG nova.openstack.common.service [-] database.max_retries           = 10 log_opt_values /usr/lib/python2.7/dist-packages/oslo/config/cfg.py:2000
2018-04-15 23:59:12.049 92 DEBUG nova.openstack.common.service [-] database.min_pool_size         = 1 log_opt_values /usr/lib/python2.7/dist-packages/oslo/config/cfg.py:2000
2018-04-15 23:59:12.049 92 DEBUG nova.openstack.common.service [-] database.mysql_sql_mode        = TRADITIONAL log_opt_values /usr/lib/python2.7/dist-packages/oslo/config/cfg.py:2000
2018-04-15 23:59:12.050 92 DEBUG nova.openstack.common.service [-] database.pool_timeout          = None log_opt_values /usr/lib/python2.7/dist-packages/oslo/config/cfg.py:2000
2018-04-15 23:59:12.050 92 DEBUG nova.openstack.common.service [-] database.retry_interval        = 10 log_opt_values /usr/lib/python2.7/dist-packages/oslo/config/cfg.py:2000
2018-04-15 23:59:12.061 92 DEBUG nova.openstack.common.service [-] database.slave_connection      = **** log_opt_values /usr/lib/python2.7/dist-packages/oslo/config/cfg.py:2000
2018-04-15 23:59:12.064 92 DEBUG nova.openstack.common.service [-] database.sqlite_db             = nova.sqlite log_opt_values /usr/lib/python2.7/dist-packages/oslo/config/cfg.py:2000
2018-04-15 23:59:12.067 92 DEBUG nova.openstack.common.service [-] database.sqlite_synchronous    = True log_opt_values /usr/lib/python2.7/dist-packages/oslo/config/cfg.py:2000
2018-04-15 23:59:12.068 92 DEBUG nova.openstack.common.service [-] database.use_db_reconnect      = False log_opt_values /usr/lib/python2.7/dist-packages/oslo/config/cfg.py:2000
2018-04-15 23:59:12.070 92 DEBUG nova.openstack.common.service [-] database.use_tpool             = False log_opt_values /usr/lib/python2.7/dist-packages/oslo/config/cfg.py:2000
2018-04-15 23:59:12.072 92 DEBUG nova.openstack.common.service [-] upgrade_levels.baseapi         = None log_opt_values /usr/lib/python2.7/dist-packages/oslo/config/cfg.py:2000
2018-04-15 23:59:12.075 92 DEBUG nova.openstack.common.service [-] upgrade_levels.cells           = None log_opt_values /usr/lib/python2.7/dist-packages/oslo/config/cfg.py:2000
2018-04-15 23:59:12.083 92 DEBUG nova.openstack.common.service [-] upgrade_levels.compute         = None log_opt_values /usr/lib/python2.7/dist-packages/oslo/config/cfg.py:2000
2018-04-15 23:59:12.083 92 DEBUG nova.openstack.common.service [-] upgrade_levels.conductor       = None log_opt_values /usr/lib/python2.7/dist-packages/oslo/config/cfg.py:2000
2018-04-15 23:59:12.089 92 DEBUG nova.openstack.common.service [-] upgrade_levels.console         = None log_opt_values /usr/lib/python2.7/dist-packages/oslo/config/cfg.py:2000
2018-04-15 23:59:12.093 92 DEBUG nova.openstack.common.service [-] upgrade_levels.consoleauth     = None log_opt_values /usr/lib/python2.7/dist-packages/oslo/config/cfg.py:2000
2018-04-15 23:59:12.093 92 DEBUG nova.openstack.common.service [-] upgrade_levels.scheduler       = None log_opt_values /usr/lib/python2.7/dist-packages/oslo/config/cfg.py:2000
2018-04-15 23:59:12.094 92 DEBUG nova.openstack.common.service [-] cells.bandwidth_update_interval = 600 log_opt_values /usr/lib/python2.7/dist-packages/oslo/config/cfg.py:2000
2018-04-15 23:59:12.094 92 DEBUG nova.openstack.common.service [-] cells.call_timeout             = 60 log_opt_values /usr/lib/python2.7/dist-packages/oslo/config/cfg.py:2000
2018-04-15 23:59:12.094 92 DEBUG nova.openstack.common.service [-] cells.capabilities             = ['hypervisor=xenserver;kvm', 'os=linux;windows'] log_opt_values /usr/lib/python2.7/dist-packages/oslo/config/cfg.py:2000
2018-04-15 23:59:12.095 92 DEBUG nova.openstack.common.service [-] cells.cell_type                = compute log_opt_values /usr/lib/python2.7/dist-packages/oslo/config/cfg.py:2000
2018-04-15 23:59:12.109 92 DEBUG nova.openstack.common.service [-] cells.enable                   = False log_opt_values /usr/lib/python2.7/dist-packages/oslo/config/cfg.py:2000
2018-04-15 23:59:12.109 92 DEBUG nova.openstack.common.service [-] cells.manager                  = nova.cells.manager.CellsManager log_opt_values /usr/lib/python2.7/dist-packages/oslo/config/cfg.py:2000
2018-04-15 23:59:12.112 92 DEBUG nova.openstack.common.service [-] cells.mute_child_interval      = 300 log_opt_values /usr/lib/python2.7/dist-packages/oslo/config/cfg.py:2000
2018-04-15 23:59:12.113 92 DEBUG nova.openstack.common.service [-] cells.name                     = nova log_opt_values /usr/lib/python2.7/dist-packages/oslo/config/cfg.py:2000
2018-04-15 23:59:12.113 92 DEBUG nova.openstack.common.service [-] cells.reserve_percent          = 10.0 log_opt_values /usr/lib/python2.7/dist-packages/oslo/config/cfg.py:2000
2018-04-15 23:59:12.114 92 DEBUG nova.openstack.common.service [-] cells.topic                    = cells log_opt_values /usr/lib/python2.7/dist-packages/oslo/config/cfg.py:2000
2018-04-15 23:59:12.114 92 DEBUG nova.openstack.common.service [-] keymgr.api_class               = nova.keymgr.conf_key_mgr.ConfKeyManager log_opt_values /usr/lib/python2.7/dist-packages/oslo/config/cfg.py:2000
2018-04-15 23:59:12.115 92 DEBUG nova.openstack.common.service [-] serial_console.base_url        = ws://127.0.0.1:6083/ log_opt_values /usr/lib/python2.7/dist-packages/oslo/config/cfg.py:2000
2018-04-15 23:59:12.115 92 DEBUG nova.openstack.common.service [-] serial_console.enabled         = False log_opt_values /usr/lib/python2.7/dist-packages/oslo/config/cfg.py:2000
2018-04-15 23:59:12.116 92 DEBUG nova.openstack.common.service [-] serial_console.listen          = 127.0.0.1 log_opt_values /usr/lib/python2.7/dist-packages/oslo/config/cfg.py:2000
2018-04-15 23:59:12.122 92 DEBUG nova.openstack.common.service [-] serial_console.port_range      = 10000:20000 log_opt_values /usr/lib/python2.7/dist-packages/oslo/config/cfg.py:2000
2018-04-15 23:59:12.122 92 DEBUG nova.openstack.common.service [-] serial_console.proxyclient_address = 127.0.0.1 log_opt_values /usr/lib/python2.7/dist-packages/oslo/config/cfg.py:2000
2018-04-15 23:59:12.123 92 DEBUG nova.openstack.common.service [-] ssl.ca_file                    = None log_opt_values /usr/lib/python2.7/dist-packages/oslo/config/cfg.py:2000
2018-04-15 23:59:12.123 92 DEBUG nova.openstack.common.service [-] ssl.cert_file                  = None log_opt_values /usr/lib/python2.7/dist-packages/oslo/config/cfg.py:2000
2018-04-15 23:59:12.123 92 DEBUG nova.openstack.common.service [-] ssl.key_file                   = None log_opt_values /usr/lib/python2.7/dist-packages/oslo/config/cfg.py:2000
2018-04-15 23:59:12.124 92 DEBUG nova.openstack.common.service [-] glance.allowed_direct_url_schemes = [] log_opt_values /usr/lib/python2.7/dist-packages/oslo/config/cfg.py:2000
2018-04-15 23:59:12.150 92 DEBUG nova.openstack.common.service [-] glance.api_insecure            = False log_opt_values /usr/lib/python2.7/dist-packages/oslo/config/cfg.py:2000
2018-04-15 23:59:12.152 92 DEBUG nova.openstack.common.service [-] glance.api_servers             = None log_opt_values /usr/lib/python2.7/dist-packages/oslo/config/cfg.py:2000
2018-04-15 23:59:12.153 92 DEBUG nova.openstack.common.service [-] glance.host                    = glance-server.monitoringrefactordocker_default log_opt_values /usr/lib/python2.7/dist-packages/oslo/config/cfg.py:2000
2018-04-15 23:59:12.153 92 DEBUG nova.openstack.common.service [-] glance.num_retries             = 0 log_opt_values /usr/lib/python2.7/dist-packages/oslo/config/cfg.py:2000
2018-04-15 23:59:12.162 92 DEBUG nova.openstack.common.service [-] glance.port                    = 9292 log_opt_values /usr/lib/python2.7/dist-packages/oslo/config/cfg.py:2000
2018-04-15 23:59:12.164 92 DEBUG nova.openstack.common.service [-] glance.protocol                = http log_opt_values /usr/lib/python2.7/dist-packages/oslo/config/cfg.py:2000
2018-04-15 23:59:12.165 92 DEBUG nova.openstack.common.service [-] workarounds.destroy_after_evacuate = True log_opt_values /usr/lib/python2.7/dist-packages/oslo/config/cfg.py:2000
2018-04-15 23:59:12.165 92 DEBUG nova.openstack.common.service [-] remote_debug.host              = None log_opt_values /usr/lib/python2.7/dist-packages/oslo/config/cfg.py:2000
2018-04-15 23:59:12.165 92 DEBUG nova.openstack.common.service [-] remote_debug.port              = None log_opt_values /usr/lib/python2.7/dist-packages/oslo/config/cfg.py:2000
2018-04-15 23:59:12.166 92 DEBUG nova.openstack.common.service [-] spice.agent_enabled            = True log_opt_values /usr/lib/python2.7/dist-packages/oslo/config/cfg.py:2000
2018-04-15 23:59:12.166 92 DEBUG nova.openstack.common.service [-] spice.enabled                  = False log_opt_values /usr/lib/python2.7/dist-packages/oslo/config/cfg.py:2000
2018-04-15 23:59:12.166 92 DEBUG nova.openstack.common.service [-] spice.html5proxy_base_url      = http://127.0.0.1:6082/spice_auto.html log_opt_values /usr/lib/python2.7/dist-packages/oslo/config/cfg.py:2000
2018-04-15 23:59:12.175 92 DEBUG nova.openstack.common.service [-] spice.keymap                   = en-us log_opt_values /usr/lib/python2.7/dist-packages/oslo/config/cfg.py:2000
2018-04-15 23:59:12.179 92 DEBUG nova.openstack.common.service [-] spice.server_listen            = 127.0.0.1 log_opt_values /usr/lib/python2.7/dist-packages/oslo/config/cfg.py:2000
2018-04-15 23:59:12.181 92 DEBUG nova.openstack.common.service [-] spice.server_proxyclient_address = 127.0.0.1 log_opt_values /usr/lib/python2.7/dist-packages/oslo/config/cfg.py:2000
2018-04-15 23:59:12.181 92 DEBUG nova.openstack.common.service [-] ******************************************************************************** log_opt_values /usr/lib/python2.7/dist-packages/oslo/config/cfg.py:2002
2018-04-15 23:59:13.911 215 DEBUG oslo.db.sqlalchemy.session [req-8e0539e0-23bf-43c7-b5c8-23b785fc4ac6 ] MySQL server mode set to STRICT_TRANS_TABLES,STRICT_ALL_TABLES,NO_ZERO_IN_DATE,NO_ZERO_DATE,ERROR_FOR_DIVISION_BY_ZERO,TRADITIONAL,NO_AUTO_CREATE_USER,NO_ENGINE_SUBSTITUTION _init_events /usr/lib/python2.7/dist-packages/oslo/db/sqlalchemy/session.py:461
2018-04-15 23:59:13.927 214 DEBUG oslo.db.sqlalchemy.session [req-382f80bf-5478-42cf-8649-1f14a6681742 ] MySQL server mode set to STRICT_TRANS_TABLES,STRICT_ALL_TABLES,NO_ZERO_IN_DATE,NO_ZERO_DATE,ERROR_FOR_DIVISION_BY_ZERO,TRADITIONAL,NO_AUTO_CREATE_USER,NO_ENGINE_SUBSTITUTION _init_events /usr/lib/python2.7/dist-packages/oslo/db/sqlalchemy/session.py:461
2018-04-15 23:59:14.170 217 DEBUG oslo.db.sqlalchemy.session [req-0c3d4da0-5792-4973-b3c1-00cd332d9e50 ] MySQL server mode set to STRICT_TRANS_TABLES,STRICT_ALL_TABLES,NO_ZERO_IN_DATE,NO_ZERO_DATE,ERROR_FOR_DIVISION_BY_ZERO,TRADITIONAL,NO_AUTO_CREATE_USER,NO_ENGINE_SUBSTITUTION _init_events /usr/lib/python2.7/dist-packages/oslo/db/sqlalchemy/session.py:461
2018-04-15 23:59:14.247 216 DEBUG oslo.db.sqlalchemy.session [req-ec339735-7f89-4c27-95f9-535aa6f66904 ] MySQL server mode set to STRICT_TRANS_TABLES,STRICT_ALL_TABLES,NO_ZERO_IN_DATE,NO_ZERO_DATE,ERROR_FOR_DIVISION_BY_ZERO,TRADITIONAL,NO_AUTO_CREATE_USER,NO_ENGINE_SUBSTITUTION _init_events /usr/lib/python2.7/dist-packages/oslo/db/sqlalchemy/session.py:461
2018-04-15 23:59:15.300 215 DEBUG nova.service [req-8e0539e0-23bf-43c7-b5c8-23b785fc4ac6 None] Creating RPC server for service conductor start /usr/lib/python2.7/dist-packages/nova/service.py:186
2018-04-15 23:59:15.305 214 DEBUG nova.service [req-382f80bf-5478-42cf-8649-1f14a6681742 None] Creating RPC server for service conductor start /usr/lib/python2.7/dist-packages/nova/service.py:186
2018-04-15 23:59:15.319 214 INFO oslo.messaging._drivers.impl_rabbit [req-382f80bf-5478-42cf-8649-1f14a6681742 ] Connecting to AMQP server on 127.0.0.1:5672
2018-04-15 23:59:15.323 215 INFO oslo.messaging._drivers.impl_rabbit [req-8e0539e0-23bf-43c7-b5c8-23b785fc4ac6 ] Connecting to AMQP server on 127.0.0.1:5672
2018-04-15 23:59:15.365 215 ERROR oslo.messaging._drivers.impl_rabbit [req-8e0539e0-23bf-43c7-b5c8-23b785fc4ac6 ] AMQP server on 127.0.0.1:5672 is unreachable: [Errno 111] ECONNREFUSED. Trying again in 1 seconds.
2018-04-15 23:59:15.369 214 ERROR oslo.messaging._drivers.impl_rabbit [req-382f80bf-5478-42cf-8649-1f14a6681742 ] AMQP server on 127.0.0.1:5672 is unreachable: [Errno 111] ECONNREFUSED. Trying again in 1 seconds.
2018-04-15 23:59:15.560 217 DEBUG nova.service [req-0c3d4da0-5792-4973-b3c1-00cd332d9e50 None] Creating RPC server for service conductor start /usr/lib/python2.7/dist-packages/nova/service.py:186
2018-04-15 23:59:15.576 217 INFO oslo.messaging._drivers.impl_rabbit [req-0c3d4da0-5792-4973-b3c1-00cd332d9e50 ] Connecting to AMQP server on 127.0.0.1:5672
2018-04-15 23:59:15.616 217 ERROR oslo.messaging._drivers.impl_rabbit [req-0c3d4da0-5792-4973-b3c1-00cd332d9e50 ] AMQP server on 127.0.0.1:5672 is unreachable: [Errno 111] ECONNREFUSED. Trying again in 1 seconds.
2018-04-15 23:59:15.651 216 DEBUG nova.service [req-ec339735-7f89-4c27-95f9-535aa6f66904 None] Creating RPC server for service conductor start /usr/lib/python2.7/dist-packages/nova/service.py:186
2018-04-15 23:59:15.663 216 INFO oslo.messaging._drivers.impl_rabbit [req-ec339735-7f89-4c27-95f9-535aa6f66904 ] Connecting to AMQP server on 127.0.0.1:5672
2018-04-15 23:59:15.708 216 ERROR oslo.messaging._drivers.impl_rabbit [req-ec339735-7f89-4c27-95f9-535aa6f66904 ] AMQP server on 127.0.0.1:5672 is unreachable: [Errno 111] ECONNREFUSED. Trying again in 1 seconds.
2018-04-15 23:59:16.370 215 INFO oslo.messaging._drivers.impl_rabbit [req-8e0539e0-23bf-43c7-b5c8-23b785fc4ac6 ] Delaying reconnect for 1.0 seconds...
2018-04-15 23:59:16.380 214 INFO oslo.messaging._drivers.impl_rabbit [req-382f80bf-5478-42cf-8649-1f14a6681742 ] Delaying reconnect for 1.0 seconds...
2018-04-15 23:59:16.633 217 INFO oslo.messaging._drivers.impl_rabbit [req-0c3d4da0-5792-4973-b3c1-00cd332d9e50 ] Delaying reconnect for 1.0 seconds...
2018-04-15 23:59:16.715 216 INFO oslo.messaging._drivers.impl_rabbit [req-ec339735-7f89-4c27-95f9-535aa6f66904 ] Delaying reconnect for 1.0 seconds...
2018-04-15 23:59:17.371 215 INFO oslo.messaging._drivers.impl_rabbit [req-8e0539e0-23bf-43c7-b5c8-23b785fc4ac6 ] Connecting to AMQP server on 127.0.0.1:5672
2018-04-15 23:59:17.381 214 INFO oslo.messaging._drivers.impl_rabbit [req-382f80bf-5478-42cf-8649-1f14a6681742 ] Connecting to AMQP server on 127.0.0.1:5672
2018-04-15 23:59:17.386 215 INFO oslo.messaging._drivers.impl_rabbit [req-8e0539e0-23bf-43c7-b5c8-23b785fc4ac6 ] Connected to AMQP server on 127.0.0.1:5672
2018-04-15 23:59:17.392 214 INFO oslo.messaging._drivers.impl_rabbit [req-382f80bf-5478-42cf-8649-1f14a6681742 ] Connected to AMQP server on 127.0.0.1:5672
2018-04-15 23:59:17.400 215 DEBUG nova.service [req-8e0539e0-23bf-43c7-b5c8-23b785fc4ac6 None] Join ServiceGroup membership for this service conductor start /usr/lib/python2.7/dist-packages/nova/service.py:204
2018-04-15 23:59:17.401 215 DEBUG nova.servicegroup.api [req-8e0539e0-23bf-43c7-b5c8-23b785fc4ac6 None] Join new ServiceGroup member nova-server to the conductor group, service = <nova.service.Service object at 0x7fdf4a7b3290> join /usr/lib/python2.7/dist-packages/nova/servicegroup/api.py:109
2018-04-15 23:59:17.402 215 DEBUG nova.servicegroup.drivers.db [req-8e0539e0-23bf-43c7-b5c8-23b785fc4ac6 None] DB_Driver: join new ServiceGroup member nova-server to the conductor group, service = <nova.service.Service object at 0x7fdf4a7b3290> join /usr/lib/python2.7/dist-packages/nova/servicegroup/drivers/db.py:46
2018-04-15 23:59:17.404 214 DEBUG nova.service [req-382f80bf-5478-42cf-8649-1f14a6681742 None] Join ServiceGroup membership for this service conductor start /usr/lib/python2.7/dist-packages/nova/service.py:204
2018-04-15 23:59:17.405 214 DEBUG nova.servicegroup.api [req-382f80bf-5478-42cf-8649-1f14a6681742 None] Join new ServiceGroup member nova-server to the conductor group, service = <nova.service.Service object at 0x7fdf4a7b3290> join /usr/lib/python2.7/dist-packages/nova/servicegroup/api.py:109
2018-04-15 23:59:17.405 214 DEBUG nova.servicegroup.drivers.db [req-382f80bf-5478-42cf-8649-1f14a6681742 None] DB_Driver: join new ServiceGroup member nova-server to the conductor group, service = <nova.service.Service object at 0x7fdf4a7b3290> join /usr/lib/python2.7/dist-packages/nova/servicegroup/drivers/db.py:46
2018-04-15 23:59:17.634 217 INFO oslo.messaging._drivers.impl_rabbit [req-0c3d4da0-5792-4973-b3c1-00cd332d9e50 ] Connecting to AMQP server on 127.0.0.1:5672
2018-04-15 23:59:17.646 217 INFO oslo.messaging._drivers.impl_rabbit [req-0c3d4da0-5792-4973-b3c1-00cd332d9e50 ] Connected to AMQP server on 127.0.0.1:5672
2018-04-15 23:59:17.654 217 DEBUG nova.service [req-0c3d4da0-5792-4973-b3c1-00cd332d9e50 None] Join ServiceGroup membership for this service conductor start /usr/lib/python2.7/dist-packages/nova/service.py:204
2018-04-15 23:59:17.654 217 DEBUG nova.servicegroup.api [req-0c3d4da0-5792-4973-b3c1-00cd332d9e50 None] Join new ServiceGroup member nova-server to the conductor group, service = <nova.service.Service object at 0x7fdf4a7b3290> join /usr/lib/python2.7/dist-packages/nova/servicegroup/api.py:109
2018-04-15 23:59:17.655 217 DEBUG nova.servicegroup.drivers.db [req-0c3d4da0-5792-4973-b3c1-00cd332d9e50 None] DB_Driver: join new ServiceGroup member nova-server to the conductor group, service = <nova.service.Service object at 0x7fdf4a7b3290> join /usr/lib/python2.7/dist-packages/nova/servicegroup/drivers/db.py:46
2018-04-15 23:59:17.716 216 INFO oslo.messaging._drivers.impl_rabbit [req-ec339735-7f89-4c27-95f9-535aa6f66904 ] Connecting to AMQP server on 127.0.0.1:5672
2018-04-15 23:59:17.727 216 INFO oslo.messaging._drivers.impl_rabbit [req-ec339735-7f89-4c27-95f9-535aa6f66904 ] Connected to AMQP server on 127.0.0.1:5672
2018-04-15 23:59:17.734 216 DEBUG nova.service [req-ec339735-7f89-4c27-95f9-535aa6f66904 None] Join ServiceGroup membership for this service conductor start /usr/lib/python2.7/dist-packages/nova/service.py:204
2018-04-15 23:59:17.735 216 DEBUG nova.servicegroup.api [req-ec339735-7f89-4c27-95f9-535aa6f66904 None] Join new ServiceGroup member nova-server to the conductor group, service = <nova.service.Service object at 0x7fdf4a7b3290> join /usr/lib/python2.7/dist-packages/nova/servicegroup/api.py:109
2018-04-15 23:59:17.736 216 DEBUG nova.servicegroup.drivers.db [req-ec339735-7f89-4c27-95f9-535aa6f66904 None] DB_Driver: join new ServiceGroup member nova-server to the conductor group, service = <nova.service.Service object at 0x7fdf4a7b3290> join /usr/lib/python2.7/dist-packages/nova/servicegroup/drivers/db.py:46
2018-04-15 23:59:18.019 215 INFO oslo.messaging._drivers.impl_rabbit [-] Connecting to AMQP server on 127.0.0.1:5672
2018-04-15 23:59:18.027 215 INFO oslo.messaging._drivers.impl_rabbit [-] Connected to AMQP server on 127.0.0.1:5672
2018-04-15 23:59:18.270 214 INFO oslo.messaging._drivers.impl_rabbit [-] Connecting to AMQP server on 127.0.0.1:5672
2018-04-15 23:59:18.280 214 INFO oslo.messaging._drivers.impl_rabbit [-] Connected to AMQP server on 127.0.0.1:5672
2018-04-15 23:59:18.298 217 INFO oslo.messaging._drivers.impl_rabbit [req-1ba87cf2-8b07-4d06-83fa-e0f2d74b475a ] Connecting to AMQP server on 127.0.0.1:5672
2018-04-15 23:59:18.311 217 INFO oslo.messaging._drivers.impl_rabbit [req-1ba87cf2-8b07-4d06-83fa-e0f2d74b475a ] Connected to AMQP server on 127.0.0.1:5672
2018-04-15 23:59:18.347 216 INFO oslo.messaging._drivers.impl_rabbit [-] Connecting to AMQP server on 127.0.0.1:5672
2018-04-15 23:59:18.358 216 INFO oslo.messaging._drivers.impl_rabbit [-] Connected to AMQP server on 127.0.0.1:5672
2018-04-15 23:59:37.408 214 DEBUG nova.openstack.common.loopingcall [-] Dynamic looping call <bound method Service.periodic_tasks of <nova.service.Service object at 0x7fdf4a7b3290>> sleeping for 60.00 seconds _inner /usr/lib/python2.7/dist-packages/nova/openstack/common/loopingcall.py:132
2018-04-16 00:00:03.656 217 DEBUG nova.openstack.common.loopingcall [-] Dynamic looping call <bound method Service.periodic_tasks of <nova.service.Service object at 0x7fdf4a7b3290>> sleeping for 60.00 seconds _inner /usr/lib/python2.7/dist-packages/nova/openstack/common/loopingcall.py:132
2018-04-16 00:00:07.738 216 DEBUG nova.openstack.common.loopingcall [-] Dynamic looping call <bound method Service.periodic_tasks of <nova.service.Service object at 0x7fdf4a7b3290>> sleeping for 60.00 seconds _inner /usr/lib/python2.7/dist-packages/nova/openstack/common/loopingcall.py:132
2018-04-16 00:00:17.403 215 DEBUG nova.openstack.common.loopingcall [-] Dynamic looping call <bound method Service.periodic_tasks of <nova.service.Service object at 0x7fdf4a7b3290>> sleeping for 60.00 seconds _inner /usr/lib/python2.7/dist-packages/nova/openstack/common/loopingcall.py:132
2018-04-16 00:00:37.409 214 DEBUG nova.openstack.common.loopingcall [-] Dynamic looping call <bound method Service.periodic_tasks of <nova.service.Service object at 0x7fdf4a7b3290>> sleeping for 60.00 seconds _inner /usr/lib/python2.7/dist-packages/nova/openstack/common/loopingcall.py:132
2018-04-16 00:01:03.657 217 DEBUG nova.openstack.common.loopingcall [-] Dynamic looping call <bound method Service.periodic_tasks of <nova.service.Service object at 0x7fdf4a7b3290>> sleeping for 60.00 seconds _inner /usr/lib/python2.7/dist-packages/nova/openstack/common/loopingcall.py:132
2018-04-16 00:01:07.739 216 DEBUG nova.openstack.common.loopingcall [-] Dynamic looping call <bound method Service.periodic_tasks of <nova.service.Service object at 0x7fdf4a7b3290>> sleeping for 60.00 seconds _inner /usr/lib/python2.7/dist-packages/nova/openstack/common/loopingcall.py:132
2018-04-16 00:01:17.405 215 DEBUG nova.openstack.common.loopingcall [-] Dynamic looping call <bound method Service.periodic_tasks of <nova.service.Service object at 0x7fdf4a7b3290>> sleeping for 60.00 seconds _inner /usr/lib/python2.7/dist-packages/nova/openstack/common/loopingcall.py:132
2018-04-16 00:01:37.410 214 DEBUG nova.openstack.common.loopingcall [-] Dynamic looping call <bound method Service.periodic_tasks of <nova.service.Service object at 0x7fdf4a7b3290>> sleeping for 60.00 seconds _inner /usr/lib/python2.7/dist-packages/nova/openstack/common/loopingcall.py:132
2018-04-16 00:02:03.726 217 DEBUG nova.openstack.common.loopingcall [-] Dynamic looping call <bound method Service.periodic_tasks of <nova.service.Service object at 0x7fdf4a7b3290>> sleeping for 60.00 seconds _inner /usr/lib/python2.7/dist-packages/nova/openstack/common/loopingcall.py:132
2018-04-16 00:02:07.740 216 DEBUG nova.openstack.common.loopingcall [-] Dynamic looping call <bound method Service.periodic_tasks of <nova.service.Service object at 0x7fdf4a7b3290>> sleeping for 60.00 seconds _inner /usr/lib/python2.7/dist-packages/nova/openstack/common/loopingcall.py:132
2018-04-16 00:02:17.406 215 DEBUG nova.openstack.common.loopingcall [-] Dynamic looping call <bound method Service.periodic_tasks of <nova.service.Service object at 0x7fdf4a7b3290>> sleeping for 60.00 seconds _inner /usr/lib/python2.7/dist-packages/nova/openstack/common/loopingcall.py:132
2018-04-16 00:02:37.412 214 DEBUG nova.openstack.common.loopingcall [-] Dynamic looping call <bound method Service.periodic_tasks of <nova.service.Service object at 0x7fdf4a7b3290>> sleeping for 60.00 seconds _inner /usr/lib/python2.7/dist-packages/nova/openstack/common/loopingcall.py:132
2018-04-16 00:03:03.727 217 DEBUG nova.openstack.common.loopingcall [-] Dynamic looping call <bound method Service.periodic_tasks of <nova.service.Service object at 0x7fdf4a7b3290>> sleeping for 60.00 seconds _inner /usr/lib/python2.7/dist-packages/nova/openstack/common/loopingcall.py:132
2018-04-16 00:03:07.741 216 DEBUG nova.openstack.common.loopingcall [-] Dynamic looping call <bound method Service.periodic_tasks of <nova.service.Service object at 0x7fdf4a7b3290>> sleeping for 60.00 seconds _inner /usr/lib/python2.7/dist-packages/nova/openstack/common/loopingcall.py:132
2018-04-16 00:03:17.407 215 DEBUG nova.openstack.common.loopingcall [-] Dynamic looping call <bound method Service.periodic_tasks of <nova.service.Service object at 0x7fdf4a7b3290>> sleeping for 60.00 seconds _inner /usr/lib/python2.7/dist-packages/nova/openstack/common/loopingcall.py:132
2018-04-16 00:03:37.413 214 DEBUG nova.openstack.common.loopingcall [-] Dynamic looping call <bound method Service.periodic_tasks of <nova.service.Service object at 0x7fdf4a7b3290>> sleeping for 60.00 seconds _inner /usr/lib/python2.7/dist-packages/nova/openstack/common/loopingcall.py:132
2018-04-16 00:04:03.728 217 DEBUG nova.openstack.common.loopingcall [-] Dynamic looping call <bound method Service.periodic_tasks of <nova.service.Service object at 0x7fdf4a7b3290>> sleeping for 60.00 seconds _inner /usr/lib/python2.7/dist-packages/nova/openstack/common/loopingcall.py:132
2018-04-16 00:04:07.742 216 DEBUG nova.openstack.common.loopingcall [-] Dynamic looping call <bound method Service.periodic_tasks of <nova.service.Service object at 0x7fdf4a7b3290>> sleeping for 60.00 seconds _inner /usr/lib/python2.7/dist-packages/nova/openstack/common/loopingcall.py:132
2018-04-16 00:04:17.409 215 DEBUG nova.openstack.common.loopingcall [-] Dynamic looping call <bound method Service.periodic_tasks of <nova.service.Service object at 0x7fdf4a7b3290>> sleeping for 60.00 seconds _inner /usr/lib/python2.7/dist-packages/nova/openstack/common/loopingcall.py:132
2018-04-16 00:04:37.414 214 DEBUG nova.openstack.common.loopingcall [-] Dynamic looping call <bound method Service.periodic_tasks of <nova.service.Service object at 0x7fdf4a7b3290>> sleeping for 60.00 seconds _inner /usr/lib/python2.7/dist-packages/nova/openstack/common/loopingcall.py:132
2018-04-16 00:05:03.729 217 DEBUG nova.openstack.common.loopingcall [-] Dynamic looping call <bound method Service.periodic_tasks of <nova.service.Service object at 0x7fdf4a7b3290>> sleeping for 60.00 seconds _inner /usr/lib/python2.7/dist-packages/nova/openstack/common/loopingcall.py:132
2018-04-16 00:05:07.743 216 DEBUG nova.openstack.common.loopingcall [-] Dynamic looping call <bound method Service.periodic_tasks of <nova.service.Service object at 0x7fdf4a7b3290>> sleeping for 60.00 seconds _inner /usr/lib/python2.7/dist-packages/nova/openstack/common/loopingcall.py:132
2018-04-16 00:05:17.410 215 DEBUG nova.openstack.common.loopingcall [-] Dynamic looping call <bound method Service.periodic_tasks of <nova.service.Service object at 0x7fdf4a7b3290>> sleeping for 60.00 seconds _inner /usr/lib/python2.7/dist-packages/nova/openstack/common/loopingcall.py:132
2018-04-16 00:05:37.415 214 DEBUG nova.openstack.common.loopingcall [-] Dynamic looping call <bound method Service.periodic_tasks of <nova.service.Service object at 0x7fdf4a7b3290>> sleeping for 60.00 seconds _inner /usr/lib/python2.7/dist-packages/nova/openstack/common/loopingcall.py:132
2018-04-16 00:06:03.730 217 DEBUG nova.openstack.common.loopingcall [-] Dynamic looping call <bound method Service.periodic_tasks of <nova.service.Service object at 0x7fdf4a7b3290>> sleeping for 60.00 seconds _inner /usr/lib/python2.7/dist-packages/nova/openstack/common/loopingcall.py:132
2018-04-16 00:06:07.744 216 DEBUG nova.openstack.common.loopingcall [-] Dynamic looping call <bound method Service.periodic_tasks of <nova.service.Service object at 0x7fdf4a7b3290>> sleeping for 60.00 seconds _inner /usr/lib/python2.7/dist-packages/nova/openstack/common/loopingcall.py:132
2018-04-16 00:06:17.412 215 DEBUG nova.openstack.common.loopingcall [-] Dynamic looping call <bound method Service.periodic_tasks of <nova.service.Service object at 0x7fdf4a7b3290>> sleeping for 60.00 seconds _inner /usr/lib/python2.7/dist-packages/nova/openstack/common/loopingcall.py:132
2018-04-16 00:06:37.416 214 DEBUG nova.openstack.common.loopingcall [-] Dynamic looping call <bound method Service.periodic_tasks of <nova.service.Service object at 0x7fdf4a7b3290>> sleeping for 60.00 seconds _inner /usr/lib/python2.7/dist-packages/nova/openstack/common/loopingcall.py:132
2018-04-16 00:07:03.732 217 DEBUG nova.openstack.common.loopingcall [-] Dynamic looping call <bound method Service.periodic_tasks of <nova.service.Service object at 0x7fdf4a7b3290>> sleeping for 60.00 seconds _inner /usr/lib/python2.7/dist-packages/nova/openstack/common/loopingcall.py:132
2018-04-16 00:07:07.745 216 DEBUG nova.openstack.common.loopingcall [-] Dynamic looping call <bound method Service.periodic_tasks of <nova.service.Service object at 0x7fdf4a7b3290>> sleeping for 60.00 seconds _inner /usr/lib/python2.7/dist-packages/nova/openstack/common/loopingcall.py:132
2018-04-16 00:07:17.413 215 DEBUG nova.openstack.common.loopingcall [-] Dynamic looping call <bound method Service.periodic_tasks of <nova.service.Service object at 0x7fdf4a7b3290>> sleeping for 60.00 seconds _inner /usr/lib/python2.7/dist-packages/nova/openstack/common/loopingcall.py:132
2018-04-16 00:07:37.418 214 DEBUG nova.openstack.common.loopingcall [-] Dynamic looping call <bound method Service.periodic_tasks of <nova.service.Service object at 0x7fdf4a7b3290>> sleeping for 60.00 seconds _inner /usr/lib/python2.7/dist-packages/nova/openstack/common/loopingcall.py:132
2018-04-16 00:08:03.732 217 DEBUG nova.openstack.common.loopingcall [-] Dynamic looping call <bound method Service.periodic_tasks of <nova.service.Service object at 0x7fdf4a7b3290>> sleeping for 60.00 seconds _inner /usr/lib/python2.7/dist-packages/nova/openstack/common/loopingcall.py:132
2018-04-16 00:08:07.746 216 DEBUG nova.openstack.common.loopingcall [-] Dynamic looping call <bound method Service.periodic_tasks of <nova.service.Service object at 0x7fdf4a7b3290>> sleeping for 60.00 seconds _inner /usr/lib/python2.7/dist-packages/nova/openstack/common/loopingcall.py:132
2018-04-16 00:08:17.414 215 DEBUG nova.openstack.common.loopingcall [-] Dynamic looping call <bound method Service.periodic_tasks of <nova.service.Service object at 0x7fdf4a7b3290>> sleeping for 60.00 seconds _inner /usr/lib/python2.7/dist-packages/nova/openstack/common/loopingcall.py:132
2018-04-16 00:08:37.419 214 DEBUG nova.openstack.common.loopingcall [-] Dynamic looping call <bound method Service.periodic_tasks of <nova.service.Service object at 0x7fdf4a7b3290>> sleeping for 60.00 seconds _inner /usr/lib/python2.7/dist-packages/nova/openstack/common/loopingcall.py:132
2018-04-16 00:09:03.734 217 DEBUG nova.openstack.common.loopingcall [-] Dynamic looping call <bound method Service.periodic_tasks of <nova.service.Service object at 0x7fdf4a7b3290>> sleeping for 60.00 seconds _inner /usr/lib/python2.7/dist-packages/nova/openstack/common/loopingcall.py:132
2018-04-16 00:09:07.747 216 DEBUG nova.openstack.common.loopingcall [-] Dynamic looping call <bound method Service.periodic_tasks of <nova.service.Service object at 0x7fdf4a7b3290>> sleeping for 60.00 seconds _inner /usr/lib/python2.7/dist-packages/nova/openstack/common/loopingcall.py:132
2018-04-16 00:09:17.415 215 DEBUG nova.openstack.common.loopingcall [-] Dynamic looping call <bound method Service.periodic_tasks of <nova.service.Service object at 0x7fdf4a7b3290>> sleeping for 60.00 seconds _inner /usr/lib/python2.7/dist-packages/nova/openstack/common/loopingcall.py:132
2018-04-16 00:09:37.421 214 DEBUG nova.openstack.common.loopingcall [-] Dynamic looping call <bound method Service.periodic_tasks of <nova.service.Service object at 0x7fdf4a7b3290>> sleeping for 60.00 seconds _inner /usr/lib/python2.7/dist-packages/nova/openstack/common/loopingcall.py:132
2018-04-16 00:10:03.735 217 DEBUG nova.openstack.common.loopingcall [-] Dynamic looping call <bound method Service.periodic_tasks of <nova.service.Service object at 0x7fdf4a7b3290>> sleeping for 60.00 seconds _inner /usr/lib/python2.7/dist-packages/nova/openstack/common/loopingcall.py:132
2018-04-16 00:10:07.748 216 DEBUG nova.openstack.common.loopingcall [-] Dynamic looping call <bound method Service.periodic_tasks of <nova.service.Service object at 0x7fdf4a7b3290>> sleeping for 60.00 seconds _inner /usr/lib/python2.7/dist-packages/nova/openstack/common/loopingcall.py:132
2018-04-16 00:10:17.416 215 DEBUG nova.openstack.common.loopingcall [-] Dynamic looping call <bound method Service.periodic_tasks of <nova.service.Service object at 0x7fdf4a7b3290>> sleeping for 60.00 seconds _inner /usr/lib/python2.7/dist-packages/nova/openstack/common/loopingcall.py:132
2018-04-16 00:10:37.422 214 DEBUG nova.openstack.common.loopingcall [-] Dynamic looping call <bound method Service.periodic_tasks of <nova.service.Service object at 0x7fdf4a7b3290>> sleeping for 60.00 seconds _inner /usr/lib/python2.7/dist-packages/nova/openstack/common/loopingcall.py:132
2018-04-16 00:11:03.736 217 DEBUG nova.openstack.common.loopingcall [-] Dynamic looping call <bound method Service.periodic_tasks of <nova.service.Service object at 0x7fdf4a7b3290>> sleeping for 60.00 seconds _inner /usr/lib/python2.7/dist-packages/nova/openstack/common/loopingcall.py:132
2018-04-16 00:11:07.749 216 DEBUG nova.openstack.common.loopingcall [-] Dynamic looping call <bound method Service.periodic_tasks of <nova.service.Service object at 0x7fdf4a7b3290>> sleeping for 60.00 seconds _inner /usr/lib/python2.7/dist-packages/nova/openstack/common/loopingcall.py:132
