2018-02-15 06:52:19.168 93 DEBUG nova.openstack.common.service [-] rabbit_ha_queues               = False log_opt_values /usr/lib/python2.7/dist-packages/oslo/config/cfg.py:1992
2018-02-15 06:52:19.170 93 DEBUG nova.openstack.common.service [-] rabbit_host                    = 127.0.0.1 log_opt_values /usr/lib/python2.7/dist-packages/oslo/config/cfg.py:1992
2018-02-15 06:52:19.171 93 DEBUG nova.openstack.common.service [-] rabbit_hosts                   = ['127.0.0.1:5672'] log_opt_values /usr/lib/python2.7/dist-packages/oslo/config/cfg.py:1992
2018-02-15 06:52:19.173 93 DEBUG nova.openstack.common.service [-] rabbit_login_method            = AMQPLAIN log_opt_values /usr/lib/python2.7/dist-packages/oslo/config/cfg.py:1992
2018-02-15 06:52:19.175 93 DEBUG nova.openstack.common.service [-] rabbit_max_retries             = 0 log_opt_values /usr/lib/python2.7/dist-packages/oslo/config/cfg.py:1992
2018-02-15 06:52:19.176 93 DEBUG nova.openstack.common.service [-] rabbit_password                = **** log_opt_values /usr/lib/python2.7/dist-packages/oslo/config/cfg.py:1992
2018-02-15 06:52:19.178 93 DEBUG nova.openstack.common.service [-] rabbit_port                    = 5672 log_opt_values /usr/lib/python2.7/dist-packages/oslo/config/cfg.py:1992
2018-02-15 06:52:19.180 93 DEBUG nova.openstack.common.service [-] rabbit_retry_backoff           = 2 log_opt_values /usr/lib/python2.7/dist-packages/oslo/config/cfg.py:1992
2018-02-15 06:52:19.181 93 DEBUG nova.openstack.common.service [-] rabbit_retry_interval          = 1 log_opt_values /usr/lib/python2.7/dist-packages/oslo/config/cfg.py:1992
2018-02-15 06:52:19.184 93 DEBUG nova.openstack.common.service [-] rabbit_use_ssl                 = False log_opt_values /usr/lib/python2.7/dist-packages/oslo/config/cfg.py:1992
2018-02-15 06:52:19.185 93 DEBUG nova.openstack.common.service [-] rabbit_userid                  = guest log_opt_values /usr/lib/python2.7/dist-packages/oslo/config/cfg.py:1992
2018-02-15 06:52:19.186 93 DEBUG nova.openstack.common.service [-] rabbit_virtual_host            = / log_opt_values /usr/lib/python2.7/dist-packages/oslo/config/cfg.py:1992
2018-02-15 06:52:19.188 93 DEBUG nova.openstack.common.service [-] reboot_timeout                 = 0 log_opt_values /usr/lib/python2.7/dist-packages/oslo/config/cfg.py:1992
2018-02-15 06:52:19.190 93 DEBUG nova.openstack.common.service [-] reclaim_instance_interval      = 0 log_opt_values /usr/lib/python2.7/dist-packages/oslo/config/cfg.py:1992
2018-02-15 06:52:19.191 93 DEBUG nova.openstack.common.service [-] remove_unused_base_images      = True log_opt_values /usr/lib/python2.7/dist-packages/oslo/config/cfg.py:1992
2018-02-15 06:52:19.192 93 DEBUG nova.openstack.common.service [-] remove_unused_original_minimum_age_seconds = 86400 log_opt_values /usr/lib/python2.7/dist-packages/oslo/config/cfg.py:1992
2018-02-15 06:52:19.195 93 DEBUG nova.openstack.common.service [-] report_interval                = 10 log_opt_values /usr/lib/python2.7/dist-packages/oslo/config/cfg.py:1992
2018-02-15 06:52:19.198 93 DEBUG nova.openstack.common.service [-] rescue_timeout                 = 0 log_opt_values /usr/lib/python2.7/dist-packages/oslo/config/cfg.py:1992
2018-02-15 06:52:19.199 93 DEBUG nova.openstack.common.service [-] reservation_expire             = 86400 log_opt_values /usr/lib/python2.7/dist-packages/oslo/config/cfg.py:1992
2018-02-15 06:52:19.201 93 DEBUG nova.openstack.common.service [-] reserved_host_disk_mb          = 0 log_opt_values /usr/lib/python2.7/dist-packages/oslo/config/cfg.py:1992
2018-02-15 06:52:19.205 93 DEBUG nova.openstack.common.service [-] reserved_host_memory_mb        = 512 log_opt_values /usr/lib/python2.7/dist-packages/oslo/config/cfg.py:1992
2018-02-15 06:52:19.207 93 DEBUG nova.openstack.common.service [-] resize_confirm_window          = 0 log_opt_values /usr/lib/python2.7/dist-packages/oslo/config/cfg.py:1992
2018-02-15 06:52:19.208 93 DEBUG nova.openstack.common.service [-] resume_guests_state_on_host_boot = False log_opt_values /usr/lib/python2.7/dist-packages/oslo/config/cfg.py:1992
2018-02-15 06:52:19.210 93 DEBUG nova.openstack.common.service [-] rootwrap_config                = /etc/nova/rootwrap.conf log_opt_values /usr/lib/python2.7/dist-packages/oslo/config/cfg.py:1992
2018-02-15 06:52:19.211 93 DEBUG nova.openstack.common.service [-] rpc_backend                    = rabbit log_opt_values /usr/lib/python2.7/dist-packages/oslo/config/cfg.py:1992
2018-02-15 06:52:19.213 93 DEBUG nova.openstack.common.service [-] rpc_conn_pool_size             = 30 log_opt_values /usr/lib/python2.7/dist-packages/oslo/config/cfg.py:1992
2018-02-15 06:52:19.214 93 DEBUG nova.openstack.common.service [-] rpc_response_timeout           = 60 log_opt_values /usr/lib/python2.7/dist-packages/oslo/config/cfg.py:1992
2018-02-15 06:52:19.216 93 DEBUG nova.openstack.common.service [-] run_external_periodic_tasks    = True log_opt_values /usr/lib/python2.7/dist-packages/oslo/config/cfg.py:1992
2018-02-15 06:52:19.217 93 DEBUG nova.openstack.common.service [-] running_deleted_instance_action = reap log_opt_values /usr/lib/python2.7/dist-packages/oslo/config/cfg.py:1992
2018-02-15 06:52:19.219 93 DEBUG nova.openstack.common.service [-] running_deleted_instance_poll_interval = 1800 log_opt_values /usr/lib/python2.7/dist-packages/oslo/config/cfg.py:1992
2018-02-15 06:52:19.223 93 DEBUG nova.openstack.common.service [-] running_deleted_instance_timeout = 0 log_opt_values /usr/lib/python2.7/dist-packages/oslo/config/cfg.py:1992
2018-02-15 06:52:19.225 93 DEBUG nova.openstack.common.service [-] scheduler_host_manager         = nova.scheduler.host_manager.HostManager log_opt_values /usr/lib/python2.7/dist-packages/oslo/config/cfg.py:1992
2018-02-15 06:52:19.226 93 DEBUG nova.openstack.common.service [-] scheduler_manager              = nova.scheduler.manager.SchedulerManager log_opt_values /usr/lib/python2.7/dist-packages/oslo/config/cfg.py:1992
2018-02-15 06:52:19.227 93 DEBUG nova.openstack.common.service [-] scheduler_max_attempts         = 3 log_opt_values /usr/lib/python2.7/dist-packages/oslo/config/cfg.py:1992
2018-02-15 06:52:19.230 93 DEBUG nova.openstack.common.service [-] scheduler_topic                = scheduler log_opt_values /usr/lib/python2.7/dist-packages/oslo/config/cfg.py:1992
2018-02-15 06:52:19.231 93 DEBUG nova.openstack.common.service [-] security_group_api             = nova log_opt_values /usr/lib/python2.7/dist-packages/oslo/config/cfg.py:1992
2018-02-15 06:52:19.233 93 DEBUG nova.openstack.common.service [-] service_down_time              = 60 log_opt_values /usr/lib/python2.7/dist-packages/oslo/config/cfg.py:1992
2018-02-15 06:52:19.234 93 DEBUG nova.openstack.common.service [-] servicegroup_driver            = db log_opt_values /usr/lib/python2.7/dist-packages/oslo/config/cfg.py:1992
2018-02-15 06:52:19.235 93 DEBUG nova.openstack.common.service [-] share_dhcp_address             = False log_opt_values /usr/lib/python2.7/dist-packages/oslo/config/cfg.py:1992
2018-02-15 06:52:19.237 93 DEBUG nova.openstack.common.service [-] shelved_offload_time           = 0 log_opt_values /usr/lib/python2.7/dist-packages/oslo/config/cfg.py:1992
2018-02-15 06:52:19.238 93 DEBUG nova.openstack.common.service [-] shelved_poll_interval          = 3600 log_opt_values /usr/lib/python2.7/dist-packages/oslo/config/cfg.py:1992
2018-02-15 06:52:19.239 93 DEBUG nova.openstack.common.service [-] shutdown_timeout               = 60 log_opt_values /usr/lib/python2.7/dist-packages/oslo/config/cfg.py:1992
2018-02-15 06:52:19.241 93 DEBUG nova.openstack.common.service [-] snapshot_name_template         = snapshot-%s log_opt_values /usr/lib/python2.7/dist-packages/oslo/config/cfg.py:1992
2018-02-15 06:52:19.242 93 DEBUG nova.openstack.common.service [-] ssl_ca_file                    = None log_opt_values /usr/lib/python2.7/dist-packages/oslo/config/cfg.py:1992
2018-02-15 06:52:19.243 93 DEBUG nova.openstack.common.service [-] ssl_cert_file                  = None log_opt_values /usr/lib/python2.7/dist-packages/oslo/config/cfg.py:1992
2018-02-15 06:52:19.249 93 DEBUG nova.openstack.common.service [-] ssl_key_file                   = None log_opt_values /usr/lib/python2.7/dist-packages/oslo/config/cfg.py:1992
2018-02-15 06:52:19.251 93 DEBUG nova.openstack.common.service [-] state_path                     = /usr/lib/python2.7/dist-packages log_opt_values /usr/lib/python2.7/dist-packages/oslo/config/cfg.py:1992
2018-02-15 06:52:19.252 93 DEBUG nova.openstack.common.service [-] sync_power_state_concurrency   = 20 log_opt_values /usr/lib/python2.7/dist-packages/oslo/config/cfg.py:1992
2018-02-15 06:52:19.253 93 DEBUG nova.openstack.common.service [-] sync_power_state_interval      = 600 log_opt_values /usr/lib/python2.7/dist-packages/oslo/config/cfg.py:1992
2018-02-15 06:52:19.255 93 DEBUG nova.openstack.common.service [-] syslog_connect_retries         = 3 log_opt_values /usr/lib/python2.7/dist-packages/oslo/config/cfg.py:1992
2018-02-15 06:52:19.257 93 DEBUG nova.openstack.common.service [-] syslog_log_facility            = LOG_USER log_opt_values /usr/lib/python2.7/dist-packages/oslo/config/cfg.py:1992
2018-02-15 06:52:19.269 93 DEBUG nova.openstack.common.service [-] tcp_keepidle                   = 600 log_opt_values /usr/lib/python2.7/dist-packages/oslo/config/cfg.py:1992
2018-02-15 06:52:19.270 93 DEBUG nova.openstack.common.service [-] tempdir                        = None log_opt_values /usr/lib/python2.7/dist-packages/oslo/config/cfg.py:1992
2018-02-15 06:52:19.272 93 DEBUG nova.openstack.common.service [-] transport_url                  = None log_opt_values /usr/lib/python2.7/dist-packages/oslo/config/cfg.py:1992
2018-02-15 06:52:19.273 93 DEBUG nova.openstack.common.service [-] until_refresh                  = 0 log_opt_values /usr/lib/python2.7/dist-packages/oslo/config/cfg.py:1992
2018-02-15 06:52:19.275 93 DEBUG nova.openstack.common.service [-] use_cow_images                 = True log_opt_values /usr/lib/python2.7/dist-packages/oslo/config/cfg.py:1992
2018-02-15 06:52:19.279 93 DEBUG nova.openstack.common.service [-] use_forwarded_for              = False log_opt_values /usr/lib/python2.7/dist-packages/oslo/config/cfg.py:1992
2018-02-15 06:52:19.281 93 DEBUG nova.openstack.common.service [-] use_ipv6                       = False log_opt_values /usr/lib/python2.7/dist-packages/oslo/config/cfg.py:1992
2018-02-15 06:52:19.283 93 DEBUG nova.openstack.common.service [-] use_project_ca                 = False log_opt_values /usr/lib/python2.7/dist-packages/oslo/config/cfg.py:1992
2018-02-15 06:52:19.284 93 DEBUG nova.openstack.common.service [-] use_stderr                     = True log_opt_values /usr/lib/python2.7/dist-packages/oslo/config/cfg.py:1992
2018-02-15 06:52:19.286 93 DEBUG nova.openstack.common.service [-] use_syslog                     = False log_opt_values /usr/lib/python2.7/dist-packages/oslo/config/cfg.py:1992
2018-02-15 06:52:19.288 93 DEBUG nova.openstack.common.service [-] use_syslog_rfc_format          = False log_opt_values /usr/lib/python2.7/dist-packages/oslo/config/cfg.py:1992
2018-02-15 06:52:19.289 93 DEBUG nova.openstack.common.service [-] user_cert_subject              = /C=US/ST=California/O=OpenStack/OU=NovaDev/CN=%.16s-%.16s-%s log_opt_values /usr/lib/python2.7/dist-packages/oslo/config/cfg.py:1992
2018-02-15 06:52:19.291 93 DEBUG nova.openstack.common.service [-] vcpu_pin_set                   = None log_opt_values /usr/lib/python2.7/dist-packages/oslo/config/cfg.py:1992
2018-02-15 06:52:19.294 93 DEBUG nova.openstack.common.service [-] verbose                        = True log_opt_values /usr/lib/python2.7/dist-packages/oslo/config/cfg.py:1992
2018-02-15 06:52:19.296 93 DEBUG nova.openstack.common.service [-] vif_plugging_is_fatal          = True log_opt_values /usr/lib/python2.7/dist-packages/oslo/config/cfg.py:1992
2018-02-15 06:52:19.297 93 DEBUG nova.openstack.common.service [-] vif_plugging_timeout           = 300 log_opt_values /usr/lib/python2.7/dist-packages/oslo/config/cfg.py:1992
2018-02-15 06:52:19.300 93 DEBUG nova.openstack.common.service [-] vnc_enabled                    = True log_opt_values /usr/lib/python2.7/dist-packages/oslo/config/cfg.py:1992
2018-02-15 06:52:19.302 93 DEBUG nova.openstack.common.service [-] vnc_keymap                     = en-us log_opt_values /usr/lib/python2.7/dist-packages/oslo/config/cfg.py:1992
2018-02-15 06:52:19.303 93 DEBUG nova.openstack.common.service [-] vncserver_listen               = 127.0.0.1 log_opt_values /usr/lib/python2.7/dist-packages/oslo/config/cfg.py:1992
2018-02-15 06:52:19.305 93 DEBUG nova.openstack.common.service [-] vncserver_proxyclient_address  = 127.0.0.1 log_opt_values /usr/lib/python2.7/dist-packages/oslo/config/cfg.py:1992
2018-02-15 06:52:19.306 93 DEBUG nova.openstack.common.service [-] volume_api_class               = nova.volume.cinder.API log_opt_values /usr/lib/python2.7/dist-packages/oslo/config/cfg.py:1992
2018-02-15 06:52:19.307 93 DEBUG nova.openstack.common.service [-] volume_usage_poll_interval     = 0 log_opt_values /usr/lib/python2.7/dist-packages/oslo/config/cfg.py:1992
2018-02-15 06:52:19.309 93 DEBUG nova.openstack.common.service [-] vpn_flavor                     = m1.tiny log_opt_values /usr/lib/python2.7/dist-packages/oslo/config/cfg.py:1992
2018-02-15 06:52:19.311 93 DEBUG nova.openstack.common.service [-] vpn_image_id                   = 0 log_opt_values /usr/lib/python2.7/dist-packages/oslo/config/cfg.py:1992
2018-02-15 06:52:19.313 93 DEBUG nova.openstack.common.service [-] vpn_key_suffix                 = -vpn log_opt_values /usr/lib/python2.7/dist-packages/oslo/config/cfg.py:1992
2018-02-15 06:52:19.314 93 DEBUG nova.openstack.common.service [-] wsgi_default_pool_size         = 1000 log_opt_values /usr/lib/python2.7/dist-packages/oslo/config/cfg.py:1992
2018-02-15 06:52:19.315 93 DEBUG nova.openstack.common.service [-] wsgi_keep_alive                = True log_opt_values /usr/lib/python2.7/dist-packages/oslo/config/cfg.py:1992
2018-02-15 06:52:19.317 93 DEBUG nova.openstack.common.service [-] wsgi_log_format                = %(client_ip)s "%(request_line)s" status: %(status_code)s len: %(body_length)s time: %(wall_seconds).7f log_opt_values /usr/lib/python2.7/dist-packages/oslo/config/cfg.py:1992
2018-02-15 06:52:19.318 93 DEBUG nova.openstack.common.service [-] xvpvncproxy_base_url           = http://127.0.0.1:6081/console log_opt_values /usr/lib/python2.7/dist-packages/oslo/config/cfg.py:1992
2018-02-15 06:52:19.320 93 DEBUG nova.openstack.common.service [-] ephemeral_storage_encryption.cipher = aes-xts-plain64 log_opt_values /usr/lib/python2.7/dist-packages/oslo/config/cfg.py:2000
2018-02-15 06:52:19.322 93 DEBUG nova.openstack.common.service [-] ephemeral_storage_encryption.enabled = False log_opt_values /usr/lib/python2.7/dist-packages/oslo/config/cfg.py:2000
2018-02-15 06:52:19.323 93 DEBUG nova.openstack.common.service [-] ephemeral_storage_encryption.key_size = 512 log_opt_values /usr/lib/python2.7/dist-packages/oslo/config/cfg.py:2000
2018-02-15 06:52:19.325 93 DEBUG nova.openstack.common.service [-] osapi_v3.enabled               = False log_opt_values /usr/lib/python2.7/dist-packages/oslo/config/cfg.py:2000
2018-02-15 06:52:19.327 93 DEBUG nova.openstack.common.service [-] osapi_v3.extensions_blacklist  = [] log_opt_values /usr/lib/python2.7/dist-packages/oslo/config/cfg.py:2000
2018-02-15 06:52:19.328 93 DEBUG nova.openstack.common.service [-] osapi_v3.extensions_whitelist  = [] log_opt_values /usr/lib/python2.7/dist-packages/oslo/config/cfg.py:2000
2018-02-15 06:52:19.330 93 DEBUG nova.openstack.common.service [-] rdp.enabled                    = False log_opt_values /usr/lib/python2.7/dist-packages/oslo/config/cfg.py:2000
2018-02-15 06:52:19.332 93 DEBUG nova.openstack.common.service [-] rdp.html5_proxy_base_url       = http://127.0.0.1:6083/ log_opt_values /usr/lib/python2.7/dist-packages/oslo/config/cfg.py:2000
2018-02-15 06:52:19.333 93 DEBUG nova.openstack.common.service [-] conductor.manager              = nova.conductor.manager.ConductorManager log_opt_values /usr/lib/python2.7/dist-packages/oslo/config/cfg.py:2000
2018-02-15 06:52:19.335 93 DEBUG nova.openstack.common.service [-] conductor.topic                = conductor log_opt_values /usr/lib/python2.7/dist-packages/oslo/config/cfg.py:2000
2018-02-15 06:52:19.337 93 DEBUG nova.openstack.common.service [-] conductor.use_local            = False log_opt_values /usr/lib/python2.7/dist-packages/oslo/config/cfg.py:2000
2018-02-15 06:52:19.339 93 DEBUG nova.openstack.common.service [-] conductor.workers              = 4 log_opt_values /usr/lib/python2.7/dist-packages/oslo/config/cfg.py:2000
2018-02-15 06:52:19.341 93 DEBUG nova.openstack.common.service [-] database.backend               = sqlalchemy log_opt_values /usr/lib/python2.7/dist-packages/oslo/config/cfg.py:2000
2018-02-15 06:52:19.342 93 DEBUG nova.openstack.common.service [-] database.connection            = **** log_opt_values /usr/lib/python2.7/dist-packages/oslo/config/cfg.py:2000
2018-02-15 06:52:19.344 93 DEBUG nova.openstack.common.service [-] database.connection_debug      = 0 log_opt_values /usr/lib/python2.7/dist-packages/oslo/config/cfg.py:2000
2018-02-15 06:52:19.345 93 DEBUG nova.openstack.common.service [-] database.connection_trace      = False log_opt_values /usr/lib/python2.7/dist-packages/oslo/config/cfg.py:2000
2018-02-15 06:52:19.347 93 DEBUG nova.openstack.common.service [-] database.db_inc_retry_interval = True log_opt_values /usr/lib/python2.7/dist-packages/oslo/config/cfg.py:2000
2018-02-15 06:52:19.349 93 DEBUG nova.openstack.common.service [-] database.db_max_retries        = 20 log_opt_values /usr/lib/python2.7/dist-packages/oslo/config/cfg.py:2000
2018-02-15 06:52:19.351 93 DEBUG nova.openstack.common.service [-] database.db_max_retry_interval = 10 log_opt_values /usr/lib/python2.7/dist-packages/oslo/config/cfg.py:2000
2018-02-15 06:52:19.353 93 DEBUG nova.openstack.common.service [-] database.db_retry_interval     = 1 log_opt_values /usr/lib/python2.7/dist-packages/oslo/config/cfg.py:2000
2018-02-15 06:52:19.355 93 DEBUG nova.openstack.common.service [-] database.idle_timeout          = 3600 log_opt_values /usr/lib/python2.7/dist-packages/oslo/config/cfg.py:2000
2018-02-15 06:52:19.357 93 DEBUG nova.openstack.common.service [-] database.max_overflow          = None log_opt_values /usr/lib/python2.7/dist-packages/oslo/config/cfg.py:2000
2018-02-15 06:52:19.359 93 DEBUG nova.openstack.common.service [-] database.max_pool_size         = None log_opt_values /usr/lib/python2.7/dist-packages/oslo/config/cfg.py:2000
2018-02-15 06:52:19.361 93 DEBUG nova.openstack.common.service [-] database.max_retries           = 10 log_opt_values /usr/lib/python2.7/dist-packages/oslo/config/cfg.py:2000
2018-02-15 06:52:19.364 93 DEBUG nova.openstack.common.service [-] database.min_pool_size         = 1 log_opt_values /usr/lib/python2.7/dist-packages/oslo/config/cfg.py:2000
2018-02-15 06:52:19.365 93 DEBUG nova.openstack.common.service [-] database.mysql_sql_mode        = TRADITIONAL log_opt_values /usr/lib/python2.7/dist-packages/oslo/config/cfg.py:2000
2018-02-15 06:52:19.367 93 DEBUG nova.openstack.common.service [-] database.pool_timeout          = None log_opt_values /usr/lib/python2.7/dist-packages/oslo/config/cfg.py:2000
2018-02-15 06:52:19.369 93 DEBUG nova.openstack.common.service [-] database.retry_interval        = 10 log_opt_values /usr/lib/python2.7/dist-packages/oslo/config/cfg.py:2000
2018-02-15 06:52:19.372 93 DEBUG nova.openstack.common.service [-] database.slave_connection      = **** log_opt_values /usr/lib/python2.7/dist-packages/oslo/config/cfg.py:2000
2018-02-15 06:52:19.373 93 DEBUG nova.openstack.common.service [-] database.sqlite_db             = nova.sqlite log_opt_values /usr/lib/python2.7/dist-packages/oslo/config/cfg.py:2000
2018-02-15 06:52:19.377 93 DEBUG nova.openstack.common.service [-] database.sqlite_synchronous    = True log_opt_values /usr/lib/python2.7/dist-packages/oslo/config/cfg.py:2000
2018-02-15 06:52:19.378 93 DEBUG nova.openstack.common.service [-] database.use_db_reconnect      = False log_opt_values /usr/lib/python2.7/dist-packages/oslo/config/cfg.py:2000
2018-02-15 06:52:19.379 93 DEBUG nova.openstack.common.service [-] database.use_tpool             = False log_opt_values /usr/lib/python2.7/dist-packages/oslo/config/cfg.py:2000
2018-02-15 06:52:19.381 93 DEBUG nova.openstack.common.service [-] upgrade_levels.baseapi         = None log_opt_values /usr/lib/python2.7/dist-packages/oslo/config/cfg.py:2000
2018-02-15 06:52:19.382 93 DEBUG nova.openstack.common.service [-] upgrade_levels.cells           = None log_opt_values /usr/lib/python2.7/dist-packages/oslo/config/cfg.py:2000
2018-02-15 06:52:19.384 93 DEBUG nova.openstack.common.service [-] upgrade_levels.compute         = None log_opt_values /usr/lib/python2.7/dist-packages/oslo/config/cfg.py:2000
2018-02-15 06:52:19.386 93 DEBUG nova.openstack.common.service [-] upgrade_levels.conductor       = None log_opt_values /usr/lib/python2.7/dist-packages/oslo/config/cfg.py:2000
2018-02-15 06:52:19.388 93 DEBUG nova.openstack.common.service [-] upgrade_levels.console         = None log_opt_values /usr/lib/python2.7/dist-packages/oslo/config/cfg.py:2000
2018-02-15 06:52:19.390 93 DEBUG nova.openstack.common.service [-] upgrade_levels.consoleauth     = None log_opt_values /usr/lib/python2.7/dist-packages/oslo/config/cfg.py:2000
2018-02-15 06:52:19.392 93 DEBUG nova.openstack.common.service [-] upgrade_levels.scheduler       = None log_opt_values /usr/lib/python2.7/dist-packages/oslo/config/cfg.py:2000
2018-02-15 06:52:19.394 93 DEBUG nova.openstack.common.service [-] cells.bandwidth_update_interval = 600 log_opt_values /usr/lib/python2.7/dist-packages/oslo/config/cfg.py:2000
2018-02-15 06:52:19.397 93 DEBUG nova.openstack.common.service [-] cells.call_timeout             = 60 log_opt_values /usr/lib/python2.7/dist-packages/oslo/config/cfg.py:2000
2018-02-15 06:52:19.399 93 DEBUG nova.openstack.common.service [-] cells.capabilities             = ['hypervisor=xenserver;kvm', 'os=linux;windows'] log_opt_values /usr/lib/python2.7/dist-packages/oslo/config/cfg.py:2000
2018-02-15 06:52:19.402 93 DEBUG nova.openstack.common.service [-] cells.cell_type                = compute log_opt_values /usr/lib/python2.7/dist-packages/oslo/config/cfg.py:2000
2018-02-15 06:52:19.404 93 DEBUG nova.openstack.common.service [-] cells.enable                   = False log_opt_values /usr/lib/python2.7/dist-packages/oslo/config/cfg.py:2000
2018-02-15 06:52:19.406 93 DEBUG nova.openstack.common.service [-] cells.manager                  = nova.cells.manager.CellsManager log_opt_values /usr/lib/python2.7/dist-packages/oslo/config/cfg.py:2000
2018-02-15 06:52:19.408 93 DEBUG nova.openstack.common.service [-] cells.mute_child_interval      = 300 log_opt_values /usr/lib/python2.7/dist-packages/oslo/config/cfg.py:2000
2018-02-15 06:52:19.410 93 DEBUG nova.openstack.common.service [-] cells.name                     = nova log_opt_values /usr/lib/python2.7/dist-packages/oslo/config/cfg.py:2000
2018-02-15 06:52:19.413 93 DEBUG nova.openstack.common.service [-] cells.reserve_percent          = 10.0 log_opt_values /usr/lib/python2.7/dist-packages/oslo/config/cfg.py:2000
2018-02-15 06:52:19.416 93 DEBUG nova.openstack.common.service [-] cells.topic                    = cells log_opt_values /usr/lib/python2.7/dist-packages/oslo/config/cfg.py:2000
2018-02-15 06:52:19.418 93 DEBUG nova.openstack.common.service [-] keymgr.api_class               = nova.keymgr.conf_key_mgr.ConfKeyManager log_opt_values /usr/lib/python2.7/dist-packages/oslo/config/cfg.py:2000
2018-02-15 06:52:19.420 93 DEBUG nova.openstack.common.service [-] serial_console.base_url        = ws://127.0.0.1:6083/ log_opt_values /usr/lib/python2.7/dist-packages/oslo/config/cfg.py:2000
2018-02-15 06:52:19.422 93 DEBUG nova.openstack.common.service [-] serial_console.enabled         = False log_opt_values /usr/lib/python2.7/dist-packages/oslo/config/cfg.py:2000
2018-02-15 06:52:19.424 93 DEBUG nova.openstack.common.service [-] serial_console.listen          = 127.0.0.1 log_opt_values /usr/lib/python2.7/dist-packages/oslo/config/cfg.py:2000
2018-02-15 06:52:19.426 93 DEBUG nova.openstack.common.service [-] serial_console.port_range      = 10000:20000 log_opt_values /usr/lib/python2.7/dist-packages/oslo/config/cfg.py:2000
2018-02-15 06:52:19.427 93 DEBUG nova.openstack.common.service [-] serial_console.proxyclient_address = 127.0.0.1 log_opt_values /usr/lib/python2.7/dist-packages/oslo/config/cfg.py:2000
2018-02-15 06:52:19.430 93 DEBUG nova.openstack.common.service [-] ssl.ca_file                    = None log_opt_values /usr/lib/python2.7/dist-packages/oslo/config/cfg.py:2000
2018-02-15 06:52:19.431 93 DEBUG nova.openstack.common.service [-] ssl.cert_file                  = None log_opt_values /usr/lib/python2.7/dist-packages/oslo/config/cfg.py:2000
2018-02-15 06:52:19.433 93 DEBUG nova.openstack.common.service [-] ssl.key_file                   = None log_opt_values /usr/lib/python2.7/dist-packages/oslo/config/cfg.py:2000
2018-02-15 06:52:19.435 93 DEBUG nova.openstack.common.service [-] glance.allowed_direct_url_schemes = [] log_opt_values /usr/lib/python2.7/dist-packages/oslo/config/cfg.py:2000
2018-02-15 06:52:19.436 93 DEBUG nova.openstack.common.service [-] glance.api_insecure            = False log_opt_values /usr/lib/python2.7/dist-packages/oslo/config/cfg.py:2000
2018-02-15 06:52:19.438 93 DEBUG nova.openstack.common.service [-] glance.api_servers             = None log_opt_values /usr/lib/python2.7/dist-packages/oslo/config/cfg.py:2000
2018-02-15 06:52:19.440 93 DEBUG nova.openstack.common.service [-] glance.host                    = glance-server.monitoringrefactordocker_default log_opt_values /usr/lib/python2.7/dist-packages/oslo/config/cfg.py:2000
2018-02-15 06:52:19.441 93 DEBUG nova.openstack.common.service [-] glance.num_retries             = 0 log_opt_values /usr/lib/python2.7/dist-packages/oslo/config/cfg.py:2000
2018-02-15 06:52:19.442 93 DEBUG nova.openstack.common.service [-] glance.port                    = 9292 log_opt_values /usr/lib/python2.7/dist-packages/oslo/config/cfg.py:2000
2018-02-15 06:52:19.444 93 DEBUG nova.openstack.common.service [-] glance.protocol                = http log_opt_values /usr/lib/python2.7/dist-packages/oslo/config/cfg.py:2000
2018-02-15 06:52:19.446 93 DEBUG nova.openstack.common.service [-] workarounds.destroy_after_evacuate = True log_opt_values /usr/lib/python2.7/dist-packages/oslo/config/cfg.py:2000
2018-02-15 06:52:19.447 93 DEBUG nova.openstack.common.service [-] remote_debug.host              = None log_opt_values /usr/lib/python2.7/dist-packages/oslo/config/cfg.py:2000
2018-02-15 06:52:19.449 93 DEBUG nova.openstack.common.service [-] remote_debug.port              = None log_opt_values /usr/lib/python2.7/dist-packages/oslo/config/cfg.py:2000
2018-02-15 06:52:19.450 93 DEBUG nova.openstack.common.service [-] spice.agent_enabled            = True log_opt_values /usr/lib/python2.7/dist-packages/oslo/config/cfg.py:2000
2018-02-15 06:52:19.452 93 DEBUG nova.openstack.common.service [-] spice.enabled                  = False log_opt_values /usr/lib/python2.7/dist-packages/oslo/config/cfg.py:2000
2018-02-15 06:52:19.453 93 DEBUG nova.openstack.common.service [-] spice.html5proxy_base_url      = http://127.0.0.1:6082/spice_auto.html log_opt_values /usr/lib/python2.7/dist-packages/oslo/config/cfg.py:2000
2018-02-15 06:52:19.454 93 DEBUG nova.openstack.common.service [-] spice.keymap                   = en-us log_opt_values /usr/lib/python2.7/dist-packages/oslo/config/cfg.py:2000
2018-02-15 06:52:19.455 93 DEBUG nova.openstack.common.service [-] spice.server_listen            = 127.0.0.1 log_opt_values /usr/lib/python2.7/dist-packages/oslo/config/cfg.py:2000
2018-02-15 06:52:19.456 93 DEBUG nova.openstack.common.service [-] spice.server_proxyclient_address = 127.0.0.1 log_opt_values /usr/lib/python2.7/dist-packages/oslo/config/cfg.py:2000
2018-02-15 06:52:19.458 93 DEBUG nova.openstack.common.service [-] ******************************************************************************** log_opt_values /usr/lib/python2.7/dist-packages/oslo/config/cfg.py:2002
2018-02-15 06:52:19.765 170 DEBUG oslo.db.sqlalchemy.session [req-0a72703d-d79d-463d-970e-aea117e59d7f ] MySQL server mode set to STRICT_TRANS_TABLES,STRICT_ALL_TABLES,NO_ZERO_IN_DATE,NO_ZERO_DATE,ERROR_FOR_DIVISION_BY_ZERO,TRADITIONAL,NO_AUTO_CREATE_USER,NO_ENGINE_SUBSTITUTION _init_events /usr/lib/python2.7/dist-packages/oslo/db/sqlalchemy/session.py:461
2018-02-15 06:52:20.051 171 DEBUG oslo.db.sqlalchemy.session [req-a3c3aa23-ea9b-4a40-8fe2-404eab7ab0f8 ] MySQL server mode set to STRICT_TRANS_TABLES,STRICT_ALL_TABLES,NO_ZERO_IN_DATE,NO_ZERO_DATE,ERROR_FOR_DIVISION_BY_ZERO,TRADITIONAL,NO_AUTO_CREATE_USER,NO_ENGINE_SUBSTITUTION _init_events /usr/lib/python2.7/dist-packages/oslo/db/sqlalchemy/session.py:461
2018-02-15 06:52:20.056 172 DEBUG oslo.db.sqlalchemy.session [req-587f4f2c-9d06-421b-8719-4e3e44a61c43 ] MySQL server mode set to STRICT_TRANS_TABLES,STRICT_ALL_TABLES,NO_ZERO_IN_DATE,NO_ZERO_DATE,ERROR_FOR_DIVISION_BY_ZERO,TRADITIONAL,NO_AUTO_CREATE_USER,NO_ENGINE_SUBSTITUTION _init_events /usr/lib/python2.7/dist-packages/oslo/db/sqlalchemy/session.py:461
2018-02-15 06:52:20.110 170 DEBUG nova.service [req-0a72703d-d79d-463d-970e-aea117e59d7f None] Creating RPC server for service conductor start /usr/lib/python2.7/dist-packages/nova/service.py:186
2018-02-15 06:52:20.114 170 INFO oslo.messaging._drivers.impl_rabbit [req-0a72703d-d79d-463d-970e-aea117e59d7f ] Connecting to AMQP server on 127.0.0.1:5672
2018-02-15 06:52:20.120 170 ERROR oslo.messaging._drivers.impl_rabbit [req-0a72703d-d79d-463d-970e-aea117e59d7f ] AMQP server on 127.0.0.1:5672 is unreachable: [Errno 111] ECONNREFUSED. Trying again in 1 seconds.
2018-02-15 06:52:20.180 169 DEBUG oslo.db.sqlalchemy.session [req-a88a8aac-65fa-4e5e-91c7-daff55976534 ] MySQL server mode set to STRICT_TRANS_TABLES,STRICT_ALL_TABLES,NO_ZERO_IN_DATE,NO_ZERO_DATE,ERROR_FOR_DIVISION_BY_ZERO,TRADITIONAL,NO_AUTO_CREATE_USER,NO_ENGINE_SUBSTITUTION _init_events /usr/lib/python2.7/dist-packages/oslo/db/sqlalchemy/session.py:461
2018-02-15 06:52:20.277 172 DEBUG nova.service [req-587f4f2c-9d06-421b-8719-4e3e44a61c43 None] Creating RPC server for service conductor start /usr/lib/python2.7/dist-packages/nova/service.py:186
2018-02-15 06:52:20.284 172 INFO oslo.messaging._drivers.impl_rabbit [req-587f4f2c-9d06-421b-8719-4e3e44a61c43 ] Connecting to AMQP server on 127.0.0.1:5672
2018-02-15 06:52:20.307 172 ERROR oslo.messaging._drivers.impl_rabbit [req-587f4f2c-9d06-421b-8719-4e3e44a61c43 ] AMQP server on 127.0.0.1:5672 is unreachable: [Errno 111] ECONNREFUSED. Trying again in 1 seconds.
2018-02-15 06:52:20.483 169 DEBUG nova.service [req-a88a8aac-65fa-4e5e-91c7-daff55976534 None] Creating RPC server for service conductor start /usr/lib/python2.7/dist-packages/nova/service.py:186
2018-02-15 06:52:20.487 169 INFO oslo.messaging._drivers.impl_rabbit [req-a88a8aac-65fa-4e5e-91c7-daff55976534 ] Connecting to AMQP server on 127.0.0.1:5672
2018-02-15 06:52:20.495 169 ERROR oslo.messaging._drivers.impl_rabbit [req-a88a8aac-65fa-4e5e-91c7-daff55976534 ] AMQP server on 127.0.0.1:5672 is unreachable: [Errno 111] ECONNREFUSED. Trying again in 1 seconds.
2018-02-15 06:52:20.561 171 DEBUG nova.service [req-a3c3aa23-ea9b-4a40-8fe2-404eab7ab0f8 None] Creating RPC server for service conductor start /usr/lib/python2.7/dist-packages/nova/service.py:186
2018-02-15 06:52:20.566 171 INFO oslo.messaging._drivers.impl_rabbit [req-a3c3aa23-ea9b-4a40-8fe2-404eab7ab0f8 ] Connecting to AMQP server on 127.0.0.1:5672
2018-02-15 06:52:20.575 171 ERROR oslo.messaging._drivers.impl_rabbit [req-a3c3aa23-ea9b-4a40-8fe2-404eab7ab0f8 ] AMQP server on 127.0.0.1:5672 is unreachable: [Errno 111] ECONNREFUSED. Trying again in 1 seconds.
2018-02-15 06:52:21.121 170 INFO oslo.messaging._drivers.impl_rabbit [req-0a72703d-d79d-463d-970e-aea117e59d7f ] Delaying reconnect for 1.0 seconds...
2018-02-15 06:52:21.310 172 INFO oslo.messaging._drivers.impl_rabbit [req-587f4f2c-9d06-421b-8719-4e3e44a61c43 ] Delaying reconnect for 1.0 seconds...
2018-02-15 06:52:21.498 169 INFO oslo.messaging._drivers.impl_rabbit [req-a88a8aac-65fa-4e5e-91c7-daff55976534 ] Delaying reconnect for 1.0 seconds...
2018-02-15 06:52:21.577 171 INFO oslo.messaging._drivers.impl_rabbit [req-a3c3aa23-ea9b-4a40-8fe2-404eab7ab0f8 ] Delaying reconnect for 1.0 seconds...
2018-02-15 06:52:22.123 170 INFO oslo.messaging._drivers.impl_rabbit [req-0a72703d-d79d-463d-970e-aea117e59d7f ] Connecting to AMQP server on 127.0.0.1:5672
2018-02-15 06:52:22.129 170 ERROR oslo.messaging._drivers.impl_rabbit [req-0a72703d-d79d-463d-970e-aea117e59d7f ] AMQP server on 127.0.0.1:5672 is unreachable: [Errno 111] ECONNREFUSED. Trying again in 3 seconds.
2018-02-15 06:52:22.312 172 INFO oslo.messaging._drivers.impl_rabbit [req-587f4f2c-9d06-421b-8719-4e3e44a61c43 ] Connecting to AMQP server on 127.0.0.1:5672
2018-02-15 06:52:22.318 172 ERROR oslo.messaging._drivers.impl_rabbit [req-587f4f2c-9d06-421b-8719-4e3e44a61c43 ] AMQP server on 127.0.0.1:5672 is unreachable: [Errno 111] ECONNREFUSED. Trying again in 3 seconds.
2018-02-15 06:52:22.500 169 INFO oslo.messaging._drivers.impl_rabbit [req-a88a8aac-65fa-4e5e-91c7-daff55976534 ] Connecting to AMQP server on 127.0.0.1:5672
2018-02-15 06:52:22.508 169 INFO oslo.messaging._drivers.impl_rabbit [req-a88a8aac-65fa-4e5e-91c7-daff55976534 ] Connected to AMQP server on 127.0.0.1:5672
2018-02-15 06:52:22.515 169 DEBUG nova.service [req-a88a8aac-65fa-4e5e-91c7-daff55976534 None] Join ServiceGroup membership for this service conductor start /usr/lib/python2.7/dist-packages/nova/service.py:204
2018-02-15 06:52:22.517 169 DEBUG nova.servicegroup.api [req-a88a8aac-65fa-4e5e-91c7-daff55976534 None] Join new ServiceGroup member nova-server to the conductor group, service = <nova.service.Service object at 0x7fe78dada2d0> join /usr/lib/python2.7/dist-packages/nova/servicegroup/api.py:109
2018-02-15 06:52:22.518 169 DEBUG nova.servicegroup.drivers.db [req-a88a8aac-65fa-4e5e-91c7-daff55976534 None] DB_Driver: join new ServiceGroup member nova-server to the conductor group, service = <nova.service.Service object at 0x7fe78dada2d0> join /usr/lib/python2.7/dist-packages/nova/servicegroup/drivers/db.py:46
2018-02-15 06:52:22.579 171 INFO oslo.messaging._drivers.impl_rabbit [req-a3c3aa23-ea9b-4a40-8fe2-404eab7ab0f8 ] Connecting to AMQP server on 127.0.0.1:5672
2018-02-15 06:52:22.587 171 INFO oslo.messaging._drivers.impl_rabbit [req-a3c3aa23-ea9b-4a40-8fe2-404eab7ab0f8 ] Connected to AMQP server on 127.0.0.1:5672
2018-02-15 06:52:22.592 171 DEBUG nova.service [req-a3c3aa23-ea9b-4a40-8fe2-404eab7ab0f8 None] Join ServiceGroup membership for this service conductor start /usr/lib/python2.7/dist-packages/nova/service.py:204
2018-02-15 06:52:22.594 171 DEBUG nova.servicegroup.api [req-a3c3aa23-ea9b-4a40-8fe2-404eab7ab0f8 None] Join new ServiceGroup member nova-server to the conductor group, service = <nova.service.Service object at 0x7fe78dada2d0> join /usr/lib/python2.7/dist-packages/nova/servicegroup/api.py:109
2018-02-15 06:52:22.596 171 DEBUG nova.servicegroup.drivers.db [req-a3c3aa23-ea9b-4a40-8fe2-404eab7ab0f8 None] DB_Driver: join new ServiceGroup member nova-server to the conductor group, service = <nova.service.Service object at 0x7fe78dada2d0> join /usr/lib/python2.7/dist-packages/nova/servicegroup/drivers/db.py:46
2018-02-15 06:52:24.883 169 INFO oslo.messaging._drivers.impl_rabbit [-] Connecting to AMQP server on 127.0.0.1:5672
2018-02-15 06:52:24.891 169 INFO oslo.messaging._drivers.impl_rabbit [-] Connected to AMQP server on 127.0.0.1:5672
2018-02-15 06:52:25.131 170 INFO oslo.messaging._drivers.impl_rabbit [req-0a72703d-d79d-463d-970e-aea117e59d7f ] Delaying reconnect for 1.0 seconds...
2018-02-15 06:52:25.206 171 INFO oslo.messaging._drivers.impl_rabbit [-] Connecting to AMQP server on 127.0.0.1:5672
2018-02-15 06:52:25.214 171 INFO oslo.messaging._drivers.impl_rabbit [-] Connected to AMQP server on 127.0.0.1:5672
2018-02-15 06:52:25.319 172 INFO oslo.messaging._drivers.impl_rabbit [req-587f4f2c-9d06-421b-8719-4e3e44a61c43 ] Delaying reconnect for 1.0 seconds...
2018-02-15 06:52:26.133 170 INFO oslo.messaging._drivers.impl_rabbit [req-0a72703d-d79d-463d-970e-aea117e59d7f ] Connecting to AMQP server on 127.0.0.1:5672
2018-02-15 06:52:26.144 170 INFO oslo.messaging._drivers.impl_rabbit [req-0a72703d-d79d-463d-970e-aea117e59d7f ] Connected to AMQP server on 127.0.0.1:5672
2018-02-15 06:52:26.150 170 DEBUG nova.service [req-0a72703d-d79d-463d-970e-aea117e59d7f None] Join ServiceGroup membership for this service conductor start /usr/lib/python2.7/dist-packages/nova/service.py:204
2018-02-15 06:52:26.152 170 DEBUG nova.servicegroup.api [req-0a72703d-d79d-463d-970e-aea117e59d7f None] Join new ServiceGroup member nova-server to the conductor group, service = <nova.service.Service object at 0x7fe78dada2d0> join /usr/lib/python2.7/dist-packages/nova/servicegroup/api.py:109
2018-02-15 06:52:26.153 170 DEBUG nova.servicegroup.drivers.db [req-0a72703d-d79d-463d-970e-aea117e59d7f None] DB_Driver: join new ServiceGroup member nova-server to the conductor group, service = <nova.service.Service object at 0x7fe78dada2d0> join /usr/lib/python2.7/dist-packages/nova/servicegroup/drivers/db.py:46
2018-02-15 06:52:26.321 172 INFO oslo.messaging._drivers.impl_rabbit [req-587f4f2c-9d06-421b-8719-4e3e44a61c43 ] Connecting to AMQP server on 127.0.0.1:5672
2018-02-15 06:52:26.333 172 INFO oslo.messaging._drivers.impl_rabbit [req-587f4f2c-9d06-421b-8719-4e3e44a61c43 ] Connected to AMQP server on 127.0.0.1:5672
2018-02-15 06:52:26.340 172 DEBUG nova.service [req-587f4f2c-9d06-421b-8719-4e3e44a61c43 None] Join ServiceGroup membership for this service conductor start /usr/lib/python2.7/dist-packages/nova/service.py:204
2018-02-15 06:52:26.342 172 DEBUG nova.servicegroup.api [req-587f4f2c-9d06-421b-8719-4e3e44a61c43 None] Join new ServiceGroup member nova-server to the conductor group, service = <nova.service.Service object at 0x7fe78dada2d0> join /usr/lib/python2.7/dist-packages/nova/servicegroup/api.py:109
2018-02-15 06:52:26.343 172 DEBUG nova.servicegroup.drivers.db [req-587f4f2c-9d06-421b-8719-4e3e44a61c43 None] DB_Driver: join new ServiceGroup member nova-server to the conductor group, service = <nova.service.Service object at 0x7fe78dada2d0> join /usr/lib/python2.7/dist-packages/nova/servicegroup/drivers/db.py:46
2018-02-15 06:52:50.406 170 INFO oslo.messaging._drivers.impl_rabbit [-] Connecting to AMQP server on 127.0.0.1:5672
2018-02-15 06:52:50.415 170 INFO oslo.messaging._drivers.impl_rabbit [-] Connected to AMQP server on 127.0.0.1:5672
2018-02-15 06:53:00.345 172 DEBUG nova.openstack.common.loopingcall [-] Dynamic looping call <bound method Service.periodic_tasks of <nova.service.Service object at 0x7fe78dada2d0>> sleeping for 60.00 seconds _inner /usr/lib/python2.7/dist-packages/nova/openstack/common/loopingcall.py:132
2018-02-15 06:53:00.408 172 INFO oslo.messaging._drivers.impl_rabbit [-] Connecting to AMQP server on 127.0.0.1:5672
2018-02-15 06:53:00.416 172 INFO oslo.messaging._drivers.impl_rabbit [-] Connected to AMQP server on 127.0.0.1:5672
2018-02-15 06:53:01.156 170 DEBUG nova.openstack.common.loopingcall [-] Dynamic looping call <bound method Service.periodic_tasks of <nova.service.Service object at 0x7fe78dada2d0>> sleeping for 60.00 seconds _inner /usr/lib/python2.7/dist-packages/nova/openstack/common/loopingcall.py:132
2018-02-15 06:53:04.520 169 DEBUG nova.openstack.common.loopingcall [-] Dynamic looping call <bound method Service.periodic_tasks of <nova.service.Service object at 0x7fe78dada2d0>> sleeping for 60.00 seconds _inner /usr/lib/python2.7/dist-packages/nova/openstack/common/loopingcall.py:132
2018-02-15 06:53:05.598 171 DEBUG nova.openstack.common.loopingcall [-] Dynamic looping call <bound method Service.periodic_tasks of <nova.service.Service object at 0x7fe78dada2d0>> sleeping for 60.00 seconds _inner /usr/lib/python2.7/dist-packages/nova/openstack/common/loopingcall.py:132
2018-02-15 06:54:00.349 172 DEBUG nova.openstack.common.loopingcall [-] Dynamic looping call <bound method Service.periodic_tasks of <nova.service.Service object at 0x7fe78dada2d0>> sleeping for 60.00 seconds _inner /usr/lib/python2.7/dist-packages/nova/openstack/common/loopingcall.py:132
2018-02-15 06:54:01.158 170 DEBUG nova.openstack.common.loopingcall [-] Dynamic looping call <bound method Service.periodic_tasks of <nova.service.Service object at 0x7fe78dada2d0>> sleeping for 60.00 seconds _inner /usr/lib/python2.7/dist-packages/nova/openstack/common/loopingcall.py:132
2018-02-15 06:54:04.523 169 DEBUG nova.openstack.common.loopingcall [-] Dynamic looping call <bound method Service.periodic_tasks of <nova.service.Service object at 0x7fe78dada2d0>> sleeping for 60.00 seconds _inner /usr/lib/python2.7/dist-packages/nova/openstack/common/loopingcall.py:132
2018-02-15 06:54:05.601 171 DEBUG nova.openstack.common.loopingcall [-] Dynamic looping call <bound method Service.periodic_tasks of <nova.service.Service object at 0x7fe78dada2d0>> sleeping for 60.00 seconds _inner /usr/lib/python2.7/dist-packages/nova/openstack/common/loopingcall.py:132
2018-02-15 06:55:00.355 172 DEBUG nova.openstack.common.loopingcall [-] Dynamic looping call <bound method Service.periodic_tasks of <nova.service.Service object at 0x7fe78dada2d0>> sleeping for 60.00 seconds _inner /usr/lib/python2.7/dist-packages/nova/openstack/common/loopingcall.py:132
2018-02-15 06:55:01.161 170 DEBUG nova.openstack.common.loopingcall [-] Dynamic looping call <bound method Service.periodic_tasks of <nova.service.Service object at 0x7fe78dada2d0>> sleeping for 60.00 seconds _inner /usr/lib/python2.7/dist-packages/nova/openstack/common/loopingcall.py:132
2018-02-15 06:55:04.526 169 DEBUG nova.openstack.common.loopingcall [-] Dynamic looping call <bound method Service.periodic_tasks of <nova.service.Service object at 0x7fe78dada2d0>> sleeping for 60.00 seconds _inner /usr/lib/python2.7/dist-packages/nova/openstack/common/loopingcall.py:132
2018-02-15 06:55:05.604 171 DEBUG nova.openstack.common.loopingcall [-] Dynamic looping call <bound method Service.periodic_tasks of <nova.service.Service object at 0x7fe78dada2d0>> sleeping for 60.00 seconds _inner /usr/lib/python2.7/dist-packages/nova/openstack/common/loopingcall.py:132
2018-02-15 06:56:00.360 172 DEBUG nova.openstack.common.loopingcall [-] Dynamic looping call <bound method Service.periodic_tasks of <nova.service.Service object at 0x7fe78dada2d0>> sleeping for 60.00 seconds _inner /usr/lib/python2.7/dist-packages/nova/openstack/common/loopingcall.py:132
2018-02-15 06:56:01.163 170 DEBUG nova.openstack.common.loopingcall [-] Dynamic looping call <bound method Service.periodic_tasks of <nova.service.Service object at 0x7fe78dada2d0>> sleeping for 60.00 seconds _inner /usr/lib/python2.7/dist-packages/nova/openstack/common/loopingcall.py:132
2018-02-15 06:56:04.528 169 DEBUG nova.openstack.common.loopingcall [-] Dynamic looping call <bound method Service.periodic_tasks of <nova.service.Service object at 0x7fe78dada2d0>> sleeping for 60.00 seconds _inner /usr/lib/python2.7/dist-packages/nova/openstack/common/loopingcall.py:132
2018-02-15 06:56:05.607 171 DEBUG nova.openstack.common.loopingcall [-] Dynamic looping call <bound method Service.periodic_tasks of <nova.service.Service object at 0x7fe78dada2d0>> sleeping for 60.00 seconds _inner /usr/lib/python2.7/dist-packages/nova/openstack/common/loopingcall.py:132
2018-02-15 06:57:00.367 172 DEBUG nova.openstack.common.loopingcall [-] Dynamic looping call <bound method Service.periodic_tasks of <nova.service.Service object at 0x7fe78dada2d0>> sleeping for 60.00 seconds _inner /usr/lib/python2.7/dist-packages/nova/openstack/common/loopingcall.py:132
2018-02-15 06:57:01.167 170 DEBUG nova.openstack.common.loopingcall [-] Dynamic looping call <bound method Service.periodic_tasks of <nova.service.Service object at 0x7fe78dada2d0>> sleeping for 60.00 seconds _inner /usr/lib/python2.7/dist-packages/nova/openstack/common/loopingcall.py:132
2018-02-15 06:57:04.532 169 DEBUG nova.openstack.common.loopingcall [-] Dynamic looping call <bound method Service.periodic_tasks of <nova.service.Service object at 0x7fe78dada2d0>> sleeping for 60.00 seconds _inner /usr/lib/python2.7/dist-packages/nova/openstack/common/loopingcall.py:132
2018-02-15 06:57:05.610 171 DEBUG nova.openstack.common.loopingcall [-] Dynamic looping call <bound method Service.periodic_tasks of <nova.service.Service object at 0x7fe78dada2d0>> sleeping for 60.00 seconds _inner /usr/lib/python2.7/dist-packages/nova/openstack/common/loopingcall.py:132
2018-02-15 06:58:00.372 172 DEBUG nova.openstack.common.loopingcall [-] Dynamic looping call <bound method Service.periodic_tasks of <nova.service.Service object at 0x7fe78dada2d0>> sleeping for 60.00 seconds _inner /usr/lib/python2.7/dist-packages/nova/openstack/common/loopingcall.py:132
2018-02-15 06:58:01.169 170 DEBUG nova.openstack.common.loopingcall [-] Dynamic looping call <bound method Service.periodic_tasks of <nova.service.Service object at 0x7fe78dada2d0>> sleeping for 60.00 seconds _inner /usr/lib/python2.7/dist-packages/nova/openstack/common/loopingcall.py:132
2018-02-15 06:58:04.535 169 DEBUG nova.openstack.common.loopingcall [-] Dynamic looping call <bound method Service.periodic_tasks of <nova.service.Service object at 0x7fe78dada2d0>> sleeping for 60.00 seconds _inner /usr/lib/python2.7/dist-packages/nova/openstack/common/loopingcall.py:132
2018-02-15 06:58:05.612 171 DEBUG nova.openstack.common.loopingcall [-] Dynamic looping call <bound method Service.periodic_tasks of <nova.service.Service object at 0x7fe78dada2d0>> sleeping for 60.00 seconds _inner /usr/lib/python2.7/dist-packages/nova/openstack/common/loopingcall.py:132
2018-02-15 06:59:00.378 172 DEBUG nova.openstack.common.loopingcall [-] Dynamic looping call <bound method Service.periodic_tasks of <nova.service.Service object at 0x7fe78dada2d0>> sleeping for 60.00 seconds _inner /usr/lib/python2.7/dist-packages/nova/openstack/common/loopingcall.py:132
2018-02-15 06:59:01.172 170 DEBUG nova.openstack.common.loopingcall [-] Dynamic looping call <bound method Service.periodic_tasks of <nova.service.Service object at 0x7fe78dada2d0>> sleeping for 60.00 seconds _inner /usr/lib/python2.7/dist-packages/nova/openstack/common/loopingcall.py:132
2018-02-15 06:59:04.539 169 DEBUG nova.openstack.common.loopingcall [-] Dynamic looping call <bound method Service.periodic_tasks of <nova.service.Service object at 0x7fe78dada2d0>> sleeping for 60.00 seconds _inner /usr/lib/python2.7/dist-packages/nova/openstack/common/loopingcall.py:132
2018-02-15 06:59:05.614 171 DEBUG nova.openstack.common.loopingcall [-] Dynamic looping call <bound method Service.periodic_tasks of <nova.service.Service object at 0x7fe78dada2d0>> sleeping for 60.00 seconds _inner /usr/lib/python2.7/dist-packages/nova/openstack/common/loopingcall.py:132
2018-02-15 06:59:27.577 169 ERROR oslo.db.sqlalchemy.exc_filters [-] DB exception wrapped.
2018-02-15 06:59:27.577 169 TRACE oslo.db.sqlalchemy.exc_filters Traceback (most recent call last):
2018-02-15 06:59:27.577 169 TRACE oslo.db.sqlalchemy.exc_filters   File "/usr/lib/python2.7/dist-packages/sqlalchemy/engine/base.py", line 887, in _execute_context
2018-02-15 06:59:27.577 169 TRACE oslo.db.sqlalchemy.exc_filters     conn = self._revalidate_connection()
2018-02-15 06:59:27.577 169 TRACE oslo.db.sqlalchemy.exc_filters   File "/usr/lib/python2.7/dist-packages/sqlalchemy/engine/base.py", line 244, in _revalidate_connection
2018-02-15 06:59:27.577 169 TRACE oslo.db.sqlalchemy.exc_filters     self.__connection = self.engine.raw_connection()
2018-02-15 06:59:27.577 169 TRACE oslo.db.sqlalchemy.exc_filters   File "/usr/lib/python2.7/dist-packages/sqlalchemy/engine/base.py", line 1848, in raw_connection
2018-02-15 06:59:27.577 169 TRACE oslo.db.sqlalchemy.exc_filters     return self.pool.unique_connection()
2018-02-15 06:59:27.577 169 TRACE oslo.db.sqlalchemy.exc_filters   File "/usr/lib/python2.7/dist-packages/sqlalchemy/pool.py", line 280, in unique_connection
2018-02-15 06:59:27.577 169 TRACE oslo.db.sqlalchemy.exc_filters     return _ConnectionFairy._checkout(self)
2018-02-15 06:59:27.577 169 TRACE oslo.db.sqlalchemy.exc_filters   File "/usr/lib/python2.7/dist-packages/sqlalchemy/pool.py", line 641, in _checkout
2018-02-15 06:59:27.577 169 TRACE oslo.db.sqlalchemy.exc_filters     fairy = _ConnectionRecord.checkout(pool)
2018-02-15 06:59:27.577 169 TRACE oslo.db.sqlalchemy.exc_filters   File "/usr/lib/python2.7/dist-packages/sqlalchemy/pool.py", line 442, in checkout
2018-02-15 06:59:27.577 169 TRACE oslo.db.sqlalchemy.exc_filters     dbapi_connection = rec.get_connection()
2018-02-15 06:59:27.577 169 TRACE oslo.db.sqlalchemy.exc_filters   File "/usr/lib/python2.7/dist-packages/sqlalchemy/pool.py", line 505, in get_connection
2018-02-15 06:59:27.577 169 TRACE oslo.db.sqlalchemy.exc_filters     self.connection = self.__connect()
2018-02-15 06:59:27.577 169 TRACE oslo.db.sqlalchemy.exc_filters   File "/usr/lib/python2.7/dist-packages/sqlalchemy/pool.py", line 537, in __connect
2018-02-15 06:59:27.577 169 TRACE oslo.db.sqlalchemy.exc_filters     connection = self.__pool._creator()
2018-02-15 06:59:27.577 169 TRACE oslo.db.sqlalchemy.exc_filters   File "/usr/lib/python2.7/dist-packages/sqlalchemy/engine/strategies.py", line 96, in connect
2018-02-15 06:59:27.577 169 TRACE oslo.db.sqlalchemy.exc_filters     connection_invalidated=invalidated
