2019-02-01 00:27:13.345 97 DEBUG nova.openstack.common.service [-] quota_server_groups            = 10 log_opt_values /usr/lib/python2.7/dist-packages/oslo/config/cfg.py:1992
2019-02-01 00:27:13.346 97 DEBUG nova.openstack.common.service [-] rabbit_ha_queues               = False log_opt_values /usr/lib/python2.7/dist-packages/oslo/config/cfg.py:1992
2019-02-01 00:27:13.346 97 DEBUG nova.openstack.common.service [-] rabbit_host                    = 127.0.0.1 log_opt_values /usr/lib/python2.7/dist-packages/oslo/config/cfg.py:1992
2019-02-01 00:27:13.347 97 DEBUG nova.openstack.common.service [-] rabbit_hosts                   = ['127.0.0.1:5672'] log_opt_values /usr/lib/python2.7/dist-packages/oslo/config/cfg.py:1992
2019-02-01 00:27:13.348 97 DEBUG nova.openstack.common.service [-] rabbit_login_method            = AMQPLAIN log_opt_values /usr/lib/python2.7/dist-packages/oslo/config/cfg.py:1992
2019-02-01 00:27:13.364 97 DEBUG nova.openstack.common.service [-] rabbit_max_retries             = 0 log_opt_values /usr/lib/python2.7/dist-packages/oslo/config/cfg.py:1992
2019-02-01 00:27:13.368 97 DEBUG nova.openstack.common.service [-] rabbit_password                = **** log_opt_values /usr/lib/python2.7/dist-packages/oslo/config/cfg.py:1992
2019-02-01 00:27:13.368 97 DEBUG nova.openstack.common.service [-] rabbit_port                    = 5672 log_opt_values /usr/lib/python2.7/dist-packages/oslo/config/cfg.py:1992
2019-02-01 00:27:13.370 97 DEBUG nova.openstack.common.service [-] rabbit_retry_backoff           = 2 log_opt_values /usr/lib/python2.7/dist-packages/oslo/config/cfg.py:1992
2019-02-01 00:27:13.371 97 DEBUG nova.openstack.common.service [-] rabbit_retry_interval          = 1 log_opt_values /usr/lib/python2.7/dist-packages/oslo/config/cfg.py:1992
2019-02-01 00:27:13.371 97 DEBUG nova.openstack.common.service [-] rabbit_use_ssl                 = False log_opt_values /usr/lib/python2.7/dist-packages/oslo/config/cfg.py:1992
2019-02-01 00:27:13.374 97 DEBUG nova.openstack.common.service [-] rabbit_userid                  = guest log_opt_values /usr/lib/python2.7/dist-packages/oslo/config/cfg.py:1992
2019-02-01 00:27:13.379 97 DEBUG nova.openstack.common.service [-] rabbit_virtual_host            = / log_opt_values /usr/lib/python2.7/dist-packages/oslo/config/cfg.py:1992
2019-02-01 00:27:13.380 97 DEBUG nova.openstack.common.service [-] reboot_timeout                 = 0 log_opt_values /usr/lib/python2.7/dist-packages/oslo/config/cfg.py:1992
2019-02-01 00:27:13.381 97 DEBUG nova.openstack.common.service [-] reclaim_instance_interval      = 0 log_opt_values /usr/lib/python2.7/dist-packages/oslo/config/cfg.py:1992
2019-02-01 00:27:13.381 97 DEBUG nova.openstack.common.service [-] remove_unused_base_images      = True log_opt_values /usr/lib/python2.7/dist-packages/oslo/config/cfg.py:1992
2019-02-01 00:27:13.382 97 DEBUG nova.openstack.common.service [-] remove_unused_original_minimum_age_seconds = 86400 log_opt_values /usr/lib/python2.7/dist-packages/oslo/config/cfg.py:1992
2019-02-01 00:27:13.385 97 DEBUG nova.openstack.common.service [-] report_interval                = 10 log_opt_values /usr/lib/python2.7/dist-packages/oslo/config/cfg.py:1992
2019-02-01 00:27:13.385 97 DEBUG nova.openstack.common.service [-] rescue_timeout                 = 0 log_opt_values /usr/lib/python2.7/dist-packages/oslo/config/cfg.py:1992
2019-02-01 00:27:13.386 97 DEBUG nova.openstack.common.service [-] reservation_expire             = 86400 log_opt_values /usr/lib/python2.7/dist-packages/oslo/config/cfg.py:1992
2019-02-01 00:27:13.386 97 DEBUG nova.openstack.common.service [-] reserved_host_disk_mb          = 0 log_opt_values /usr/lib/python2.7/dist-packages/oslo/config/cfg.py:1992
2019-02-01 00:27:13.387 97 DEBUG nova.openstack.common.service [-] reserved_host_memory_mb        = 512 log_opt_values /usr/lib/python2.7/dist-packages/oslo/config/cfg.py:1992
2019-02-01 00:27:13.389 97 DEBUG nova.openstack.common.service [-] resize_confirm_window          = 0 log_opt_values /usr/lib/python2.7/dist-packages/oslo/config/cfg.py:1992
2019-02-01 00:27:13.390 97 DEBUG nova.openstack.common.service [-] resume_guests_state_on_host_boot = False log_opt_values /usr/lib/python2.7/dist-packages/oslo/config/cfg.py:1992
2019-02-01 00:27:13.390 97 DEBUG nova.openstack.common.service [-] rootwrap_config                = /etc/nova/rootwrap.conf log_opt_values /usr/lib/python2.7/dist-packages/oslo/config/cfg.py:1992
2019-02-01 00:27:13.391 97 DEBUG nova.openstack.common.service [-] rpc_backend                    = rabbit log_opt_values /usr/lib/python2.7/dist-packages/oslo/config/cfg.py:1992
2019-02-01 00:27:13.399 97 DEBUG nova.openstack.common.service [-] rpc_conn_pool_size             = 30 log_opt_values /usr/lib/python2.7/dist-packages/oslo/config/cfg.py:1992
2019-02-01 00:27:13.400 97 DEBUG nova.openstack.common.service [-] rpc_response_timeout           = 60 log_opt_values /usr/lib/python2.7/dist-packages/oslo/config/cfg.py:1992
2019-02-01 00:27:13.400 97 DEBUG nova.openstack.common.service [-] run_external_periodic_tasks    = True log_opt_values /usr/lib/python2.7/dist-packages/oslo/config/cfg.py:1992
2019-02-01 00:27:13.401 97 DEBUG nova.openstack.common.service [-] running_deleted_instance_action = reap log_opt_values /usr/lib/python2.7/dist-packages/oslo/config/cfg.py:1992
2019-02-01 00:27:13.401 97 DEBUG nova.openstack.common.service [-] running_deleted_instance_poll_interval = 1800 log_opt_values /usr/lib/python2.7/dist-packages/oslo/config/cfg.py:1992
2019-02-01 00:27:13.402 97 DEBUG nova.openstack.common.service [-] running_deleted_instance_timeout = 0 log_opt_values /usr/lib/python2.7/dist-packages/oslo/config/cfg.py:1992
2019-02-01 00:27:13.402 97 DEBUG nova.openstack.common.service [-] scheduler_host_manager         = nova.scheduler.host_manager.HostManager log_opt_values /usr/lib/python2.7/dist-packages/oslo/config/cfg.py:1992
2019-02-01 00:27:13.403 97 DEBUG nova.openstack.common.service [-] scheduler_manager              = nova.scheduler.manager.SchedulerManager log_opt_values /usr/lib/python2.7/dist-packages/oslo/config/cfg.py:1992
2019-02-01 00:27:13.403 97 DEBUG nova.openstack.common.service [-] scheduler_max_attempts         = 3 log_opt_values /usr/lib/python2.7/dist-packages/oslo/config/cfg.py:1992
2019-02-01 00:27:13.404 97 DEBUG nova.openstack.common.service [-] scheduler_topic                = scheduler log_opt_values /usr/lib/python2.7/dist-packages/oslo/config/cfg.py:1992
2019-02-01 00:27:13.405 97 DEBUG nova.openstack.common.service [-] security_group_api             = nova log_opt_values /usr/lib/python2.7/dist-packages/oslo/config/cfg.py:1992
2019-02-01 00:27:13.405 97 DEBUG nova.openstack.common.service [-] service_down_time              = 60 log_opt_values /usr/lib/python2.7/dist-packages/oslo/config/cfg.py:1992
2019-02-01 00:27:13.406 97 DEBUG nova.openstack.common.service [-] servicegroup_driver            = db log_opt_values /usr/lib/python2.7/dist-packages/oslo/config/cfg.py:1992
2019-02-01 00:27:13.406 97 DEBUG nova.openstack.common.service [-] share_dhcp_address             = False log_opt_values /usr/lib/python2.7/dist-packages/oslo/config/cfg.py:1992
2019-02-01 00:27:13.407 97 DEBUG nova.openstack.common.service [-] shelved_offload_time           = 0 log_opt_values /usr/lib/python2.7/dist-packages/oslo/config/cfg.py:1992
2019-02-01 00:27:13.408 97 DEBUG nova.openstack.common.service [-] shelved_poll_interval          = 3600 log_opt_values /usr/lib/python2.7/dist-packages/oslo/config/cfg.py:1992
2019-02-01 00:27:13.415 97 DEBUG nova.openstack.common.service [-] shutdown_timeout               = 60 log_opt_values /usr/lib/python2.7/dist-packages/oslo/config/cfg.py:1992
2019-02-01 00:27:13.415 97 DEBUG nova.openstack.common.service [-] snapshot_name_template         = snapshot-%s log_opt_values /usr/lib/python2.7/dist-packages/oslo/config/cfg.py:1992
2019-02-01 00:27:13.416 97 DEBUG nova.openstack.common.service [-] ssl_ca_file                    = None log_opt_values /usr/lib/python2.7/dist-packages/oslo/config/cfg.py:1992
2019-02-01 00:27:13.416 97 DEBUG nova.openstack.common.service [-] ssl_cert_file                  = None log_opt_values /usr/lib/python2.7/dist-packages/oslo/config/cfg.py:1992
2019-02-01 00:27:13.417 97 DEBUG nova.openstack.common.service [-] ssl_key_file                   = None log_opt_values /usr/lib/python2.7/dist-packages/oslo/config/cfg.py:1992
2019-02-01 00:27:13.417 97 DEBUG nova.openstack.common.service [-] state_path                     = /usr/lib/python2.7/dist-packages log_opt_values /usr/lib/python2.7/dist-packages/oslo/config/cfg.py:1992
2019-02-01 00:27:13.418 97 DEBUG nova.openstack.common.service [-] sync_power_state_concurrency   = 20 log_opt_values /usr/lib/python2.7/dist-packages/oslo/config/cfg.py:1992
2019-02-01 00:27:13.419 97 DEBUG nova.openstack.common.service [-] sync_power_state_interval      = 600 log_opt_values /usr/lib/python2.7/dist-packages/oslo/config/cfg.py:1992
2019-02-01 00:27:13.419 97 DEBUG nova.openstack.common.service [-] syslog_connect_retries         = 3 log_opt_values /usr/lib/python2.7/dist-packages/oslo/config/cfg.py:1992
2019-02-01 00:27:13.420 97 DEBUG nova.openstack.common.service [-] syslog_log_facility            = LOG_USER log_opt_values /usr/lib/python2.7/dist-packages/oslo/config/cfg.py:1992
2019-02-01 00:27:13.420 97 DEBUG nova.openstack.common.service [-] tcp_keepidle                   = 600 log_opt_values /usr/lib/python2.7/dist-packages/oslo/config/cfg.py:1992
2019-02-01 00:27:13.421 97 DEBUG nova.openstack.common.service [-] tempdir                        = None log_opt_values /usr/lib/python2.7/dist-packages/oslo/config/cfg.py:1992
2019-02-01 00:27:13.421 97 DEBUG nova.openstack.common.service [-] transport_url                  = None log_opt_values /usr/lib/python2.7/dist-packages/oslo/config/cfg.py:1992
2019-02-01 00:27:13.422 97 DEBUG nova.openstack.common.service [-] until_refresh                  = 0 log_opt_values /usr/lib/python2.7/dist-packages/oslo/config/cfg.py:1992
2019-02-01 00:27:13.422 97 DEBUG nova.openstack.common.service [-] use_cow_images                 = True log_opt_values /usr/lib/python2.7/dist-packages/oslo/config/cfg.py:1992
2019-02-01 00:27:13.423 97 DEBUG nova.openstack.common.service [-] use_forwarded_for              = False log_opt_values /usr/lib/python2.7/dist-packages/oslo/config/cfg.py:1992
2019-02-01 00:27:13.424 97 DEBUG nova.openstack.common.service [-] use_ipv6                       = False log_opt_values /usr/lib/python2.7/dist-packages/oslo/config/cfg.py:1992
2019-02-01 00:27:13.424 97 DEBUG nova.openstack.common.service [-] use_project_ca                 = False log_opt_values /usr/lib/python2.7/dist-packages/oslo/config/cfg.py:1992
2019-02-01 00:27:13.426 97 DEBUG nova.openstack.common.service [-] use_stderr                     = True log_opt_values /usr/lib/python2.7/dist-packages/oslo/config/cfg.py:1992
2019-02-01 00:27:13.427 97 DEBUG nova.openstack.common.service [-] use_syslog                     = False log_opt_values /usr/lib/python2.7/dist-packages/oslo/config/cfg.py:1992
2019-02-01 00:27:13.427 97 DEBUG nova.openstack.common.service [-] use_syslog_rfc_format          = False log_opt_values /usr/lib/python2.7/dist-packages/oslo/config/cfg.py:1992
2019-02-01 00:27:13.428 97 DEBUG nova.openstack.common.service [-] user_cert_subject              = /C=US/ST=California/O=OpenStack/OU=NovaDev/CN=%.16s-%.16s-%s log_opt_values /usr/lib/python2.7/dist-packages/oslo/config/cfg.py:1992
2019-02-01 00:27:13.439 97 DEBUG nova.openstack.common.service [-] vcpu_pin_set                   = None log_opt_values /usr/lib/python2.7/dist-packages/oslo/config/cfg.py:1992
2019-02-01 00:27:13.440 97 DEBUG nova.openstack.common.service [-] verbose                        = True log_opt_values /usr/lib/python2.7/dist-packages/oslo/config/cfg.py:1992
2019-02-01 00:27:13.440 97 DEBUG nova.openstack.common.service [-] vif_plugging_is_fatal          = True log_opt_values /usr/lib/python2.7/dist-packages/oslo/config/cfg.py:1992
2019-02-01 00:27:13.441 97 DEBUG nova.openstack.common.service [-] vif_plugging_timeout           = 300 log_opt_values /usr/lib/python2.7/dist-packages/oslo/config/cfg.py:1992
2019-02-01 00:27:13.441 97 DEBUG nova.openstack.common.service [-] vnc_enabled                    = True log_opt_values /usr/lib/python2.7/dist-packages/oslo/config/cfg.py:1992
2019-02-01 00:27:13.442 97 DEBUG nova.openstack.common.service [-] vnc_keymap                     = en-us log_opt_values /usr/lib/python2.7/dist-packages/oslo/config/cfg.py:1992
2019-02-01 00:27:13.443 97 DEBUG nova.openstack.common.service [-] vncserver_listen               = 127.0.0.1 log_opt_values /usr/lib/python2.7/dist-packages/oslo/config/cfg.py:1992
2019-02-01 00:27:13.443 97 DEBUG nova.openstack.common.service [-] vncserver_proxyclient_address  = 127.0.0.1 log_opt_values /usr/lib/python2.7/dist-packages/oslo/config/cfg.py:1992
2019-02-01 00:27:13.444 97 DEBUG nova.openstack.common.service [-] volume_api_class               = nova.volume.cinder.API log_opt_values /usr/lib/python2.7/dist-packages/oslo/config/cfg.py:1992
2019-02-01 00:27:13.444 97 DEBUG nova.openstack.common.service [-] volume_usage_poll_interval     = 0 log_opt_values /usr/lib/python2.7/dist-packages/oslo/config/cfg.py:1992
2019-02-01 00:27:13.445 97 DEBUG nova.openstack.common.service [-] vpn_flavor                     = m1.tiny log_opt_values /usr/lib/python2.7/dist-packages/oslo/config/cfg.py:1992
2019-02-01 00:27:13.445 97 DEBUG nova.openstack.common.service [-] vpn_image_id                   = 0 log_opt_values /usr/lib/python2.7/dist-packages/oslo/config/cfg.py:1992
2019-02-01 00:27:13.446 97 DEBUG nova.openstack.common.service [-] vpn_key_suffix                 = -vpn log_opt_values /usr/lib/python2.7/dist-packages/oslo/config/cfg.py:1992
2019-02-01 00:27:13.446 97 DEBUG nova.openstack.common.service [-] wsgi_default_pool_size         = 1000 log_opt_values /usr/lib/python2.7/dist-packages/oslo/config/cfg.py:1992
2019-02-01 00:27:13.447 97 DEBUG nova.openstack.common.service [-] wsgi_keep_alive                = True log_opt_values /usr/lib/python2.7/dist-packages/oslo/config/cfg.py:1992
2019-02-01 00:27:13.448 97 DEBUG nova.openstack.common.service [-] wsgi_log_format                = %(client_ip)s "%(request_line)s" status: %(status_code)s len: %(body_length)s time: %(wall_seconds).7f log_opt_values /usr/lib/python2.7/dist-packages/oslo/config/cfg.py:1992
2019-02-01 00:27:13.448 97 DEBUG nova.openstack.common.service [-] xvpvncproxy_base_url           = http://127.0.0.1:6081/console log_opt_values /usr/lib/python2.7/dist-packages/oslo/config/cfg.py:1992
2019-02-01 00:27:13.449 97 DEBUG nova.openstack.common.service [-] ephemeral_storage_encryption.cipher = aes-xts-plain64 log_opt_values /usr/lib/python2.7/dist-packages/oslo/config/cfg.py:2000
2019-02-01 00:27:13.449 97 DEBUG nova.openstack.common.service [-] ephemeral_storage_encryption.enabled = False log_opt_values /usr/lib/python2.7/dist-packages/oslo/config/cfg.py:2000
2019-02-01 00:27:13.450 97 DEBUG nova.openstack.common.service [-] ephemeral_storage_encryption.key_size = 512 log_opt_values /usr/lib/python2.7/dist-packages/oslo/config/cfg.py:2000
2019-02-01 00:27:13.450 97 DEBUG nova.openstack.common.service [-] osapi_v3.enabled               = False log_opt_values /usr/lib/python2.7/dist-packages/oslo/config/cfg.py:2000
2019-02-01 00:27:13.451 97 DEBUG nova.openstack.common.service [-] osapi_v3.extensions_blacklist  = [] log_opt_values /usr/lib/python2.7/dist-packages/oslo/config/cfg.py:2000
2019-02-01 00:27:13.451 97 DEBUG nova.openstack.common.service [-] osapi_v3.extensions_whitelist  = [] log_opt_values /usr/lib/python2.7/dist-packages/oslo/config/cfg.py:2000
2019-02-01 00:27:13.452 97 DEBUG nova.openstack.common.service [-] rdp.enabled                    = False log_opt_values /usr/lib/python2.7/dist-packages/oslo/config/cfg.py:2000
2019-02-01 00:27:13.453 97 DEBUG nova.openstack.common.service [-] rdp.html5_proxy_base_url       = http://127.0.0.1:6083/ log_opt_values /usr/lib/python2.7/dist-packages/oslo/config/cfg.py:2000
2019-02-01 00:27:13.453 97 DEBUG nova.openstack.common.service [-] conductor.manager              = nova.conductor.manager.ConductorManager log_opt_values /usr/lib/python2.7/dist-packages/oslo/config/cfg.py:2000
2019-02-01 00:27:13.456 97 DEBUG nova.openstack.common.service [-] conductor.topic                = conductor log_opt_values /usr/lib/python2.7/dist-packages/oslo/config/cfg.py:2000
2019-02-01 00:27:13.456 97 DEBUG nova.openstack.common.service [-] conductor.use_local            = False log_opt_values /usr/lib/python2.7/dist-packages/oslo/config/cfg.py:2000
2019-02-01 00:27:13.457 97 DEBUG nova.openstack.common.service [-] conductor.workers              = 4 log_opt_values /usr/lib/python2.7/dist-packages/oslo/config/cfg.py:2000
2019-02-01 00:27:13.459 97 DEBUG nova.openstack.common.service [-] database.backend               = sqlalchemy log_opt_values /usr/lib/python2.7/dist-packages/oslo/config/cfg.py:2000
2019-02-01 00:27:13.465 97 DEBUG nova.openstack.common.service [-] database.connection            = **** log_opt_values /usr/lib/python2.7/dist-packages/oslo/config/cfg.py:2000
2019-02-01 00:27:13.465 97 DEBUG nova.openstack.common.service [-] database.connection_debug      = 0 log_opt_values /usr/lib/python2.7/dist-packages/oslo/config/cfg.py:2000
2019-02-01 00:27:13.466 97 DEBUG nova.openstack.common.service [-] database.connection_trace      = False log_opt_values /usr/lib/python2.7/dist-packages/oslo/config/cfg.py:2000
2019-02-01 00:27:13.467 97 DEBUG nova.openstack.common.service [-] database.db_inc_retry_interval = True log_opt_values /usr/lib/python2.7/dist-packages/oslo/config/cfg.py:2000
2019-02-01 00:27:13.467 97 DEBUG nova.openstack.common.service [-] database.db_max_retries        = 20 log_opt_values /usr/lib/python2.7/dist-packages/oslo/config/cfg.py:2000
2019-02-01 00:27:13.468 97 DEBUG nova.openstack.common.service [-] database.db_max_retry_interval = 10 log_opt_values /usr/lib/python2.7/dist-packages/oslo/config/cfg.py:2000
2019-02-01 00:27:13.468 97 DEBUG nova.openstack.common.service [-] database.db_retry_interval     = 1 log_opt_values /usr/lib/python2.7/dist-packages/oslo/config/cfg.py:2000
2019-02-01 00:27:13.469 97 DEBUG nova.openstack.common.service [-] database.idle_timeout          = 3600 log_opt_values /usr/lib/python2.7/dist-packages/oslo/config/cfg.py:2000
2019-02-01 00:27:13.469 97 DEBUG nova.openstack.common.service [-] database.max_overflow          = None log_opt_values /usr/lib/python2.7/dist-packages/oslo/config/cfg.py:2000
2019-02-01 00:27:13.470 97 DEBUG nova.openstack.common.service [-] database.max_pool_size         = None log_opt_values /usr/lib/python2.7/dist-packages/oslo/config/cfg.py:2000
2019-02-01 00:27:13.471 97 DEBUG nova.openstack.common.service [-] database.max_retries           = 10 log_opt_values /usr/lib/python2.7/dist-packages/oslo/config/cfg.py:2000
2019-02-01 00:27:13.471 97 DEBUG nova.openstack.common.service [-] database.min_pool_size         = 1 log_opt_values /usr/lib/python2.7/dist-packages/oslo/config/cfg.py:2000
2019-02-01 00:27:13.472 97 DEBUG nova.openstack.common.service [-] database.mysql_sql_mode        = TRADITIONAL log_opt_values /usr/lib/python2.7/dist-packages/oslo/config/cfg.py:2000
2019-02-01 00:27:13.472 97 DEBUG nova.openstack.common.service [-] database.pool_timeout          = None log_opt_values /usr/lib/python2.7/dist-packages/oslo/config/cfg.py:2000
2019-02-01 00:27:13.475 97 DEBUG nova.openstack.common.service [-] database.retry_interval        = 10 log_opt_values /usr/lib/python2.7/dist-packages/oslo/config/cfg.py:2000
2019-02-01 00:27:13.475 97 DEBUG nova.openstack.common.service [-] database.slave_connection      = **** log_opt_values /usr/lib/python2.7/dist-packages/oslo/config/cfg.py:2000
2019-02-01 00:27:13.476 97 DEBUG nova.openstack.common.service [-] database.sqlite_db             = nova.sqlite log_opt_values /usr/lib/python2.7/dist-packages/oslo/config/cfg.py:2000
2019-02-01 00:27:13.477 97 DEBUG nova.openstack.common.service [-] database.sqlite_synchronous    = True log_opt_values /usr/lib/python2.7/dist-packages/oslo/config/cfg.py:2000
2019-02-01 00:27:13.478 97 DEBUG nova.openstack.common.service [-] database.use_db_reconnect      = False log_opt_values /usr/lib/python2.7/dist-packages/oslo/config/cfg.py:2000
2019-02-01 00:27:13.479 97 DEBUG nova.openstack.common.service [-] database.use_tpool             = False log_opt_values /usr/lib/python2.7/dist-packages/oslo/config/cfg.py:2000
2019-02-01 00:27:13.480 97 DEBUG nova.openstack.common.service [-] upgrade_levels.baseapi         = None log_opt_values /usr/lib/python2.7/dist-packages/oslo/config/cfg.py:2000
2019-02-01 00:27:13.480 97 DEBUG nova.openstack.common.service [-] upgrade_levels.cells           = None log_opt_values /usr/lib/python2.7/dist-packages/oslo/config/cfg.py:2000
2019-02-01 00:27:13.485 97 DEBUG nova.openstack.common.service [-] upgrade_levels.compute         = None log_opt_values /usr/lib/python2.7/dist-packages/oslo/config/cfg.py:2000
2019-02-01 00:27:13.485 97 DEBUG nova.openstack.common.service [-] upgrade_levels.conductor       = None log_opt_values /usr/lib/python2.7/dist-packages/oslo/config/cfg.py:2000
2019-02-01 00:27:13.486 97 DEBUG nova.openstack.common.service [-] upgrade_levels.console         = None log_opt_values /usr/lib/python2.7/dist-packages/oslo/config/cfg.py:2000
2019-02-01 00:27:13.487 97 DEBUG nova.openstack.common.service [-] upgrade_levels.consoleauth     = None log_opt_values /usr/lib/python2.7/dist-packages/oslo/config/cfg.py:2000
2019-02-01 00:27:13.488 97 DEBUG nova.openstack.common.service [-] upgrade_levels.scheduler       = None log_opt_values /usr/lib/python2.7/dist-packages/oslo/config/cfg.py:2000
2019-02-01 00:27:13.488 97 DEBUG nova.openstack.common.service [-] cells.bandwidth_update_interval = 600 log_opt_values /usr/lib/python2.7/dist-packages/oslo/config/cfg.py:2000
2019-02-01 00:27:13.489 97 DEBUG nova.openstack.common.service [-] cells.call_timeout             = 60 log_opt_values /usr/lib/python2.7/dist-packages/oslo/config/cfg.py:2000
2019-02-01 00:27:13.489 97 DEBUG nova.openstack.common.service [-] cells.capabilities             = ['hypervisor=xenserver;kvm', 'os=linux;windows'] log_opt_values /usr/lib/python2.7/dist-packages/oslo/config/cfg.py:2000
2019-02-01 00:27:13.490 97 DEBUG nova.openstack.common.service [-] cells.cell_type                = compute log_opt_values /usr/lib/python2.7/dist-packages/oslo/config/cfg.py:2000
2019-02-01 00:27:13.491 97 DEBUG nova.openstack.common.service [-] cells.enable                   = False log_opt_values /usr/lib/python2.7/dist-packages/oslo/config/cfg.py:2000
2019-02-01 00:27:13.494 97 DEBUG nova.openstack.common.service [-] cells.manager                  = nova.cells.manager.CellsManager log_opt_values /usr/lib/python2.7/dist-packages/oslo/config/cfg.py:2000
2019-02-01 00:27:13.500 97 DEBUG nova.openstack.common.service [-] cells.mute_child_interval      = 300 log_opt_values /usr/lib/python2.7/dist-packages/oslo/config/cfg.py:2000
2019-02-01 00:27:13.500 97 DEBUG nova.openstack.common.service [-] cells.name                     = nova log_opt_values /usr/lib/python2.7/dist-packages/oslo/config/cfg.py:2000
2019-02-01 00:27:13.501 97 DEBUG nova.openstack.common.service [-] cells.reserve_percent          = 10.0 log_opt_values /usr/lib/python2.7/dist-packages/oslo/config/cfg.py:2000
2019-02-01 00:27:13.502 97 DEBUG nova.openstack.common.service [-] cells.topic                    = cells log_opt_values /usr/lib/python2.7/dist-packages/oslo/config/cfg.py:2000
2019-02-01 00:27:13.502 97 DEBUG nova.openstack.common.service [-] keymgr.api_class               = nova.keymgr.conf_key_mgr.ConfKeyManager log_opt_values /usr/lib/python2.7/dist-packages/oslo/config/cfg.py:2000
2019-02-01 00:27:13.503 97 DEBUG nova.openstack.common.service [-] serial_console.base_url        = ws://127.0.0.1:6083/ log_opt_values /usr/lib/python2.7/dist-packages/oslo/config/cfg.py:2000
2019-02-01 00:27:13.503 97 DEBUG nova.openstack.common.service [-] serial_console.enabled         = False log_opt_values /usr/lib/python2.7/dist-packages/oslo/config/cfg.py:2000
2019-02-01 00:27:13.504 97 DEBUG nova.openstack.common.service [-] serial_console.listen          = 127.0.0.1 log_opt_values /usr/lib/python2.7/dist-packages/oslo/config/cfg.py:2000
2019-02-01 00:27:13.504 97 DEBUG nova.openstack.common.service [-] serial_console.port_range      = 10000:20000 log_opt_values /usr/lib/python2.7/dist-packages/oslo/config/cfg.py:2000
2019-02-01 00:27:13.505 97 DEBUG nova.openstack.common.service [-] serial_console.proxyclient_address = 127.0.0.1 log_opt_values /usr/lib/python2.7/dist-packages/oslo/config/cfg.py:2000
2019-02-01 00:27:13.506 97 DEBUG nova.openstack.common.service [-] ssl.ca_file                    = None log_opt_values /usr/lib/python2.7/dist-packages/oslo/config/cfg.py:2000
2019-02-01 00:27:13.506 97 DEBUG nova.openstack.common.service [-] ssl.cert_file                  = None log_opt_values /usr/lib/python2.7/dist-packages/oslo/config/cfg.py:2000
2019-02-01 00:27:13.507 97 DEBUG nova.openstack.common.service [-] ssl.key_file                   = None log_opt_values /usr/lib/python2.7/dist-packages/oslo/config/cfg.py:2000
2019-02-01 00:27:13.509 97 DEBUG nova.openstack.common.service [-] glance.allowed_direct_url_schemes = [] log_opt_values /usr/lib/python2.7/dist-packages/oslo/config/cfg.py:2000
2019-02-01 00:27:13.510 97 DEBUG nova.openstack.common.service [-] glance.api_insecure            = False log_opt_values /usr/lib/python2.7/dist-packages/oslo/config/cfg.py:2000
2019-02-01 00:27:13.513 97 DEBUG nova.openstack.common.service [-] glance.api_servers             = None log_opt_values /usr/lib/python2.7/dist-packages/oslo/config/cfg.py:2000
2019-02-01 00:27:13.514 97 DEBUG nova.openstack.common.service [-] glance.host                    = glance-server log_opt_values /usr/lib/python2.7/dist-packages/oslo/config/cfg.py:2000
2019-02-01 00:27:13.514 97 DEBUG nova.openstack.common.service [-] glance.num_retries             = 0 log_opt_values /usr/lib/python2.7/dist-packages/oslo/config/cfg.py:2000
2019-02-01 00:27:13.515 97 DEBUG nova.openstack.common.service [-] glance.port                    = 9292 log_opt_values /usr/lib/python2.7/dist-packages/oslo/config/cfg.py:2000
2019-02-01 00:27:13.517 97 DEBUG nova.openstack.common.service [-] glance.protocol                = http log_opt_values /usr/lib/python2.7/dist-packages/oslo/config/cfg.py:2000
2019-02-01 00:27:13.517 97 DEBUG nova.openstack.common.service [-] workarounds.destroy_after_evacuate = True log_opt_values /usr/lib/python2.7/dist-packages/oslo/config/cfg.py:2000
2019-02-01 00:27:13.518 97 DEBUG nova.openstack.common.service [-] remote_debug.host              = None log_opt_values /usr/lib/python2.7/dist-packages/oslo/config/cfg.py:2000
2019-02-01 00:27:13.518 97 DEBUG nova.openstack.common.service [-] remote_debug.port              = None log_opt_values /usr/lib/python2.7/dist-packages/oslo/config/cfg.py:2000
2019-02-01 00:27:13.519 97 DEBUG nova.openstack.common.service [-] spice.agent_enabled            = True log_opt_values /usr/lib/python2.7/dist-packages/oslo/config/cfg.py:2000
2019-02-01 00:27:13.520 97 DEBUG nova.openstack.common.service [-] spice.enabled                  = False log_opt_values /usr/lib/python2.7/dist-packages/oslo/config/cfg.py:2000
2019-02-01 00:27:13.521 97 DEBUG nova.openstack.common.service [-] spice.html5proxy_base_url      = http://127.0.0.1:6082/spice_auto.html log_opt_values /usr/lib/python2.7/dist-packages/oslo/config/cfg.py:2000
2019-02-01 00:27:13.521 97 DEBUG nova.openstack.common.service [-] spice.keymap                   = en-us log_opt_values /usr/lib/python2.7/dist-packages/oslo/config/cfg.py:2000
2019-02-01 00:27:13.522 97 DEBUG nova.openstack.common.service [-] spice.server_listen            = 127.0.0.1 log_opt_values /usr/lib/python2.7/dist-packages/oslo/config/cfg.py:2000
2019-02-01 00:27:13.523 97 DEBUG nova.openstack.common.service [-] spice.server_proxyclient_address = 127.0.0.1 log_opt_values /usr/lib/python2.7/dist-packages/oslo/config/cfg.py:2000
2019-02-01 00:27:13.530 97 DEBUG nova.openstack.common.service [-] ******************************************************************************** log_opt_values /usr/lib/python2.7/dist-packages/oslo/config/cfg.py:2002
2019-02-01 00:27:14.351 226 DEBUG oslo.db.sqlalchemy.session [req-332f7c36-9752-4044-a71a-695d01106bf1 ] MySQL server mode set to STRICT_TRANS_TABLES,STRICT_ALL_TABLES,NO_ZERO_IN_DATE,NO_ZERO_DATE,ERROR_FOR_DIVISION_BY_ZERO,TRADITIONAL,NO_AUTO_CREATE_USER,NO_ENGINE_SUBSTITUTION _init_events /usr/lib/python2.7/dist-packages/oslo/db/sqlalchemy/session.py:461
2019-02-01 00:27:14.415 223 DEBUG oslo.db.sqlalchemy.session [req-5fba05d3-e66b-4e1a-adf1-087f78c726f6 ] MySQL server mode set to STRICT_TRANS_TABLES,STRICT_ALL_TABLES,NO_ZERO_IN_DATE,NO_ZERO_DATE,ERROR_FOR_DIVISION_BY_ZERO,TRADITIONAL,NO_AUTO_CREATE_USER,NO_ENGINE_SUBSTITUTION _init_events /usr/lib/python2.7/dist-packages/oslo/db/sqlalchemy/session.py:461
2019-02-01 00:27:14.510 225 DEBUG oslo.db.sqlalchemy.session [req-26dd6623-03c7-452d-b249-70542d75f7d9 ] MySQL server mode set to STRICT_TRANS_TABLES,STRICT_ALL_TABLES,NO_ZERO_IN_DATE,NO_ZERO_DATE,ERROR_FOR_DIVISION_BY_ZERO,TRADITIONAL,NO_AUTO_CREATE_USER,NO_ENGINE_SUBSTITUTION _init_events /usr/lib/python2.7/dist-packages/oslo/db/sqlalchemy/session.py:461
2019-02-01 00:27:14.580 224 DEBUG oslo.db.sqlalchemy.session [req-b10c8911-1851-4c7e-bdaf-b4e2330c7c39 ] MySQL server mode set to STRICT_TRANS_TABLES,STRICT_ALL_TABLES,NO_ZERO_IN_DATE,NO_ZERO_DATE,ERROR_FOR_DIVISION_BY_ZERO,TRADITIONAL,NO_AUTO_CREATE_USER,NO_ENGINE_SUBSTITUTION _init_events /usr/lib/python2.7/dist-packages/oslo/db/sqlalchemy/session.py:461
2019-02-01 00:27:15.091 223 DEBUG nova.service [req-5fba05d3-e66b-4e1a-adf1-087f78c726f6 None] Creating RPC server for service conductor start /usr/lib/python2.7/dist-packages/nova/service.py:186
2019-02-01 00:27:15.094 223 INFO oslo.messaging._drivers.impl_rabbit [req-5fba05d3-e66b-4e1a-adf1-087f78c726f6 ] Connecting to AMQP server on 127.0.0.1:5672
2019-02-01 00:27:15.113 223 ERROR oslo.messaging._drivers.impl_rabbit [req-5fba05d3-e66b-4e1a-adf1-087f78c726f6 ] AMQP server on 127.0.0.1:5672 is unreachable: [Errno 111] ECONNREFUSED. Trying again in 1 seconds.
2019-02-01 00:27:15.138 226 DEBUG nova.service [req-332f7c36-9752-4044-a71a-695d01106bf1 None] Creating RPC server for service conductor start /usr/lib/python2.7/dist-packages/nova/service.py:186
2019-02-01 00:27:15.152 226 INFO oslo.messaging._drivers.impl_rabbit [req-332f7c36-9752-4044-a71a-695d01106bf1 ] Connecting to AMQP server on 127.0.0.1:5672
2019-02-01 00:27:15.172 226 ERROR oslo.messaging._drivers.impl_rabbit [req-332f7c36-9752-4044-a71a-695d01106bf1 ] AMQP server on 127.0.0.1:5672 is unreachable: [Errno 111] ECONNREFUSED. Trying again in 1 seconds.
2019-02-01 00:27:15.221 225 DEBUG nova.service [req-26dd6623-03c7-452d-b249-70542d75f7d9 None] Creating RPC server for service conductor start /usr/lib/python2.7/dist-packages/nova/service.py:186
2019-02-01 00:27:15.225 225 INFO oslo.messaging._drivers.impl_rabbit [req-26dd6623-03c7-452d-b249-70542d75f7d9 ] Connecting to AMQP server on 127.0.0.1:5672
2019-02-01 00:27:15.233 225 ERROR oslo.messaging._drivers.impl_rabbit [req-26dd6623-03c7-452d-b249-70542d75f7d9 ] AMQP server on 127.0.0.1:5672 is unreachable: [Errno 111] ECONNREFUSED. Trying again in 1 seconds.
2019-02-01 00:27:15.288 224 DEBUG nova.service [req-b10c8911-1851-4c7e-bdaf-b4e2330c7c39 None] Creating RPC server for service conductor start /usr/lib/python2.7/dist-packages/nova/service.py:186
2019-02-01 00:27:15.304 224 INFO oslo.messaging._drivers.impl_rabbit [req-b10c8911-1851-4c7e-bdaf-b4e2330c7c39 ] Connecting to AMQP server on 127.0.0.1:5672
2019-02-01 00:27:15.331 224 ERROR oslo.messaging._drivers.impl_rabbit [req-b10c8911-1851-4c7e-bdaf-b4e2330c7c39 ] AMQP server on 127.0.0.1:5672 is unreachable: [Errno 111] ECONNREFUSED. Trying again in 1 seconds.
2019-02-01 00:27:16.114 223 INFO oslo.messaging._drivers.impl_rabbit [req-5fba05d3-e66b-4e1a-adf1-087f78c726f6 ] Delaying reconnect for 1.0 seconds...
2019-02-01 00:27:16.173 226 INFO oslo.messaging._drivers.impl_rabbit [req-332f7c36-9752-4044-a71a-695d01106bf1 ] Delaying reconnect for 1.0 seconds...
2019-02-01 00:27:16.234 225 INFO oslo.messaging._drivers.impl_rabbit [req-26dd6623-03c7-452d-b249-70542d75f7d9 ] Delaying reconnect for 1.0 seconds...
2019-02-01 00:27:16.333 224 INFO oslo.messaging._drivers.impl_rabbit [req-b10c8911-1851-4c7e-bdaf-b4e2330c7c39 ] Delaying reconnect for 1.0 seconds...
2019-02-01 00:27:17.114 223 INFO oslo.messaging._drivers.impl_rabbit [req-5fba05d3-e66b-4e1a-adf1-087f78c726f6 ] Connecting to AMQP server on 127.0.0.1:5672
2019-02-01 00:27:17.126 223 INFO oslo.messaging._drivers.impl_rabbit [req-5fba05d3-e66b-4e1a-adf1-087f78c726f6 ] Connected to AMQP server on 127.0.0.1:5672
2019-02-01 00:27:17.148 223 DEBUG nova.service [req-5fba05d3-e66b-4e1a-adf1-087f78c726f6 None] Join ServiceGroup membership for this service conductor start /usr/lib/python2.7/dist-packages/nova/service.py:204
2019-02-01 00:27:17.149 223 DEBUG nova.servicegroup.api [req-5fba05d3-e66b-4e1a-adf1-087f78c726f6 None] Join new ServiceGroup member nova-server to the conductor group, service = <nova.service.Service object at 0x7f32c7463d90> join /usr/lib/python2.7/dist-packages/nova/servicegroup/api.py:109
2019-02-01 00:27:17.151 223 DEBUG nova.servicegroup.drivers.db [req-5fba05d3-e66b-4e1a-adf1-087f78c726f6 None] DB_Driver: join new ServiceGroup member nova-server to the conductor group, service = <nova.service.Service object at 0x7f32c7463d90> join /usr/lib/python2.7/dist-packages/nova/servicegroup/drivers/db.py:46
2019-02-01 00:27:17.174 226 INFO oslo.messaging._drivers.impl_rabbit [req-332f7c36-9752-4044-a71a-695d01106bf1 ] Connecting to AMQP server on 127.0.0.1:5672
2019-02-01 00:27:17.189 226 INFO oslo.messaging._drivers.impl_rabbit [req-332f7c36-9752-4044-a71a-695d01106bf1 ] Connected to AMQP server on 127.0.0.1:5672
2019-02-01 00:27:17.205 226 DEBUG nova.service [req-332f7c36-9752-4044-a71a-695d01106bf1 None] Join ServiceGroup membership for this service conductor start /usr/lib/python2.7/dist-packages/nova/service.py:204
2019-02-01 00:27:17.206 226 DEBUG nova.servicegroup.api [req-332f7c36-9752-4044-a71a-695d01106bf1 None] Join new ServiceGroup member nova-server to the conductor group, service = <nova.service.Service object at 0x7f32c7463d90> join /usr/lib/python2.7/dist-packages/nova/servicegroup/api.py:109
2019-02-01 00:27:17.206 226 DEBUG nova.servicegroup.drivers.db [req-332f7c36-9752-4044-a71a-695d01106bf1 None] DB_Driver: join new ServiceGroup member nova-server to the conductor group, service = <nova.service.Service object at 0x7f32c7463d90> join /usr/lib/python2.7/dist-packages/nova/servicegroup/drivers/db.py:46
2019-02-01 00:27:17.234 225 INFO oslo.messaging._drivers.impl_rabbit [req-26dd6623-03c7-452d-b249-70542d75f7d9 ] Connecting to AMQP server on 127.0.0.1:5672
2019-02-01 00:27:17.243 225 INFO oslo.messaging._drivers.impl_rabbit [req-26dd6623-03c7-452d-b249-70542d75f7d9 ] Connected to AMQP server on 127.0.0.1:5672
2019-02-01 00:27:17.249 225 DEBUG nova.service [req-26dd6623-03c7-452d-b249-70542d75f7d9 None] Join ServiceGroup membership for this service conductor start /usr/lib/python2.7/dist-packages/nova/service.py:204
2019-02-01 00:27:17.250 225 DEBUG nova.servicegroup.api [req-26dd6623-03c7-452d-b249-70542d75f7d9 None] Join new ServiceGroup member nova-server to the conductor group, service = <nova.service.Service object at 0x7f32c7463d90> join /usr/lib/python2.7/dist-packages/nova/servicegroup/api.py:109
2019-02-01 00:27:17.250 225 DEBUG nova.servicegroup.drivers.db [req-26dd6623-03c7-452d-b249-70542d75f7d9 None] DB_Driver: join new ServiceGroup member nova-server to the conductor group, service = <nova.service.Service object at 0x7f32c7463d90> join /usr/lib/python2.7/dist-packages/nova/servicegroup/drivers/db.py:46
2019-02-01 00:27:17.333 224 INFO oslo.messaging._drivers.impl_rabbit [req-b10c8911-1851-4c7e-bdaf-b4e2330c7c39 ] Connecting to AMQP server on 127.0.0.1:5672
2019-02-01 00:27:17.344 224 INFO oslo.messaging._drivers.impl_rabbit [req-b10c8911-1851-4c7e-bdaf-b4e2330c7c39 ] Connected to AMQP server on 127.0.0.1:5672
2019-02-01 00:27:17.350 224 DEBUG nova.service [req-b10c8911-1851-4c7e-bdaf-b4e2330c7c39 None] Join ServiceGroup membership for this service conductor start /usr/lib/python2.7/dist-packages/nova/service.py:204
2019-02-01 00:27:17.351 224 DEBUG nova.servicegroup.api [req-b10c8911-1851-4c7e-bdaf-b4e2330c7c39 None] Join new ServiceGroup member nova-server to the conductor group, service = <nova.service.Service object at 0x7f32c7463d90> join /usr/lib/python2.7/dist-packages/nova/servicegroup/api.py:109
2019-02-01 00:27:17.351 224 DEBUG nova.servicegroup.drivers.db [req-b10c8911-1851-4c7e-bdaf-b4e2330c7c39 None] DB_Driver: join new ServiceGroup member nova-server to the conductor group, service = <nova.service.Service object at 0x7f32c7463d90> join /usr/lib/python2.7/dist-packages/nova/servicegroup/drivers/db.py:46
2019-02-01 00:27:18.252 225 DEBUG nova.openstack.common.loopingcall [-] Dynamic looping call <bound method Service.periodic_tasks of <nova.service.Service object at 0x7f32c7463d90>> sleeping for 60.00 seconds _inner /usr/lib/python2.7/dist-packages/nova/openstack/common/loopingcall.py:132
2019-02-01 00:27:19.667 223 INFO oslo.messaging._drivers.impl_rabbit [-] Connecting to AMQP server on 127.0.0.1:5672
2019-02-01 00:27:19.676 223 INFO oslo.messaging._drivers.impl_rabbit [-] Connected to AMQP server on 127.0.0.1:5672
2019-02-01 00:27:19.973 226 INFO oslo.messaging._drivers.impl_rabbit [-] Connecting to AMQP server on 127.0.0.1:5672
2019-02-01 00:27:19.982 226 INFO oslo.messaging._drivers.impl_rabbit [-] Connected to AMQP server on 127.0.0.1:5672
2019-02-01 00:27:20.016 225 INFO oslo.messaging._drivers.impl_rabbit [req-70f1a2b8-5b37-4253-88d9-d2f28d1a078b ] Connecting to AMQP server on 127.0.0.1:5672
2019-02-01 00:27:20.036 225 INFO oslo.messaging._drivers.impl_rabbit [req-70f1a2b8-5b37-4253-88d9-d2f28d1a078b ] Connected to AMQP server on 127.0.0.1:5672
2019-02-01 00:27:20.132 224 INFO oslo.messaging._drivers.impl_rabbit [-] Connecting to AMQP server on 127.0.0.1:5672
2019-02-01 00:27:20.142 224 INFO oslo.messaging._drivers.impl_rabbit [-] Connected to AMQP server on 127.0.0.1:5672
2019-02-01 00:27:20.153 223 DEBUG nova.openstack.common.loopingcall [-] Dynamic looping call <bound method Service.periodic_tasks of <nova.service.Service object at 0x7f32c7463d90>> sleeping for 60.00 seconds _inner /usr/lib/python2.7/dist-packages/nova/openstack/common/loopingcall.py:132
2019-02-01 00:27:38.208 226 DEBUG nova.openstack.common.loopingcall [-] Dynamic looping call <bound method Service.periodic_tasks of <nova.service.Service object at 0x7f32c7463d90>> sleeping for 60.00 seconds _inner /usr/lib/python2.7/dist-packages/nova/openstack/common/loopingcall.py:132
2019-02-01 00:27:48.353 224 DEBUG nova.openstack.common.loopingcall [-] Dynamic looping call <bound method Service.periodic_tasks of <nova.service.Service object at 0x7f32c7463d90>> sleeping for 60.00 seconds _inner /usr/lib/python2.7/dist-packages/nova/openstack/common/loopingcall.py:132
2019-02-01 00:28:18.254 225 DEBUG nova.openstack.common.loopingcall [-] Dynamic looping call <bound method Service.periodic_tasks of <nova.service.Service object at 0x7f32c7463d90>> sleeping for 60.00 seconds _inner /usr/lib/python2.7/dist-packages/nova/openstack/common/loopingcall.py:132
2019-02-01 00:28:20.154 223 DEBUG nova.openstack.common.loopingcall [-] Dynamic looping call <bound method Service.periodic_tasks of <nova.service.Service object at 0x7f32c7463d90>> sleeping for 60.00 seconds _inner /usr/lib/python2.7/dist-packages/nova/openstack/common/loopingcall.py:132
2019-02-01 00:28:38.209 226 DEBUG nova.openstack.common.loopingcall [-] Dynamic looping call <bound method Service.periodic_tasks of <nova.service.Service object at 0x7f32c7463d90>> sleeping for 60.00 seconds _inner /usr/lib/python2.7/dist-packages/nova/openstack/common/loopingcall.py:132
2019-02-01 00:28:48.354 224 DEBUG nova.openstack.common.loopingcall [-] Dynamic looping call <bound method Service.periodic_tasks of <nova.service.Service object at 0x7f32c7463d90>> sleeping for 60.00 seconds _inner /usr/lib/python2.7/dist-packages/nova/openstack/common/loopingcall.py:132
2019-02-01 00:29:18.255 225 DEBUG nova.openstack.common.loopingcall [-] Dynamic looping call <bound method Service.periodic_tasks of <nova.service.Service object at 0x7f32c7463d90>> sleeping for 60.00 seconds _inner /usr/lib/python2.7/dist-packages/nova/openstack/common/loopingcall.py:132
2019-02-01 00:29:20.155 223 DEBUG nova.openstack.common.loopingcall [-] Dynamic looping call <bound method Service.periodic_tasks of <nova.service.Service object at 0x7f32c7463d90>> sleeping for 60.00 seconds _inner /usr/lib/python2.7/dist-packages/nova/openstack/common/loopingcall.py:132
2019-02-01 00:29:38.211 226 DEBUG nova.openstack.common.loopingcall [-] Dynamic looping call <bound method Service.periodic_tasks of <nova.service.Service object at 0x7f32c7463d90>> sleeping for 60.00 seconds _inner /usr/lib/python2.7/dist-packages/nova/openstack/common/loopingcall.py:132
2019-02-01 00:29:48.356 224 DEBUG nova.openstack.common.loopingcall [-] Dynamic looping call <bound method Service.periodic_tasks of <nova.service.Service object at 0x7f32c7463d90>> sleeping for 60.00 seconds _inner /usr/lib/python2.7/dist-packages/nova/openstack/common/loopingcall.py:132
2019-02-01 00:30:18.256 225 DEBUG nova.openstack.common.loopingcall [-] Dynamic looping call <bound method Service.periodic_tasks of <nova.service.Service object at 0x7f32c7463d90>> sleeping for 60.00 seconds _inner /usr/lib/python2.7/dist-packages/nova/openstack/common/loopingcall.py:132
2019-02-01 00:30:20.156 223 DEBUG nova.openstack.common.loopingcall [-] Dynamic looping call <bound method Service.periodic_tasks of <nova.service.Service object at 0x7f32c7463d90>> sleeping for 60.00 seconds _inner /usr/lib/python2.7/dist-packages/nova/openstack/common/loopingcall.py:132
2019-02-01 00:30:38.212 226 DEBUG nova.openstack.common.loopingcall [-] Dynamic looping call <bound method Service.periodic_tasks of <nova.service.Service object at 0x7f32c7463d90>> sleeping for 60.00 seconds _inner /usr/lib/python2.7/dist-packages/nova/openstack/common/loopingcall.py:132
2019-02-01 00:30:48.357 224 DEBUG nova.openstack.common.loopingcall [-] Dynamic looping call <bound method Service.periodic_tasks of <nova.service.Service object at 0x7f32c7463d90>> sleeping for 60.00 seconds _inner /usr/lib/python2.7/dist-packages/nova/openstack/common/loopingcall.py:132
2019-02-01 00:31:18.257 225 DEBUG nova.openstack.common.loopingcall [-] Dynamic looping call <bound method Service.periodic_tasks of <nova.service.Service object at 0x7f32c7463d90>> sleeping for 60.00 seconds _inner /usr/lib/python2.7/dist-packages/nova/openstack/common/loopingcall.py:132
2019-02-01 00:31:20.157 223 DEBUG nova.openstack.common.loopingcall [-] Dynamic looping call <bound method Service.periodic_tasks of <nova.service.Service object at 0x7f32c7463d90>> sleeping for 60.00 seconds _inner /usr/lib/python2.7/dist-packages/nova/openstack/common/loopingcall.py:132
2019-02-01 00:31:38.213 226 DEBUG nova.openstack.common.loopingcall [-] Dynamic looping call <bound method Service.periodic_tasks of <nova.service.Service object at 0x7f32c7463d90>> sleeping for 60.00 seconds _inner /usr/lib/python2.7/dist-packages/nova/openstack/common/loopingcall.py:132
2019-02-01 00:31:48.358 224 DEBUG nova.openstack.common.loopingcall [-] Dynamic looping call <bound method Service.periodic_tasks of <nova.service.Service object at 0x7f32c7463d90>> sleeping for 60.00 seconds _inner /usr/lib/python2.7/dist-packages/nova/openstack/common/loopingcall.py:132
2019-02-01 00:32:18.258 225 DEBUG nova.openstack.common.loopingcall [-] Dynamic looping call <bound method Service.periodic_tasks of <nova.service.Service object at 0x7f32c7463d90>> sleeping for 60.00 seconds _inner /usr/lib/python2.7/dist-packages/nova/openstack/common/loopingcall.py:132
2019-02-01 00:32:20.159 223 DEBUG nova.openstack.common.loopingcall [-] Dynamic looping call <bound method Service.periodic_tasks of <nova.service.Service object at 0x7f32c7463d90>> sleeping for 60.00 seconds _inner /usr/lib/python2.7/dist-packages/nova/openstack/common/loopingcall.py:132
2019-02-01 00:32:38.214 226 DEBUG nova.openstack.common.loopingcall [-] Dynamic looping call <bound method Service.periodic_tasks of <nova.service.Service object at 0x7f32c7463d90>> sleeping for 60.00 seconds _inner /usr/lib/python2.7/dist-packages/nova/openstack/common/loopingcall.py:132
2019-02-01 00:32:48.360 224 DEBUG nova.openstack.common.loopingcall [-] Dynamic looping call <bound method Service.periodic_tasks of <nova.service.Service object at 0x7f32c7463d90>> sleeping for 60.00 seconds _inner /usr/lib/python2.7/dist-packages/nova/openstack/common/loopingcall.py:132
2019-02-01 00:33:18.259 225 DEBUG nova.openstack.common.loopingcall [-] Dynamic looping call <bound method Service.periodic_tasks of <nova.service.Service object at 0x7f32c7463d90>> sleeping for 60.00 seconds _inner /usr/lib/python2.7/dist-packages/nova/openstack/common/loopingcall.py:132
2019-02-01 00:33:20.160 223 DEBUG nova.openstack.common.loopingcall [-] Dynamic looping call <bound method Service.periodic_tasks of <nova.service.Service object at 0x7f32c7463d90>> sleeping for 60.00 seconds _inner /usr/lib/python2.7/dist-packages/nova/openstack/common/loopingcall.py:132
2019-02-01 00:33:38.215 226 DEBUG nova.openstack.common.loopingcall [-] Dynamic looping call <bound method Service.periodic_tasks of <nova.service.Service object at 0x7f32c7463d90>> sleeping for 60.00 seconds _inner /usr/lib/python2.7/dist-packages/nova/openstack/common/loopingcall.py:132
2019-02-01 00:33:48.360 224 DEBUG nova.openstack.common.loopingcall [-] Dynamic looping call <bound method Service.periodic_tasks of <nova.service.Service object at 0x7f32c7463d90>> sleeping for 60.00 seconds _inner /usr/lib/python2.7/dist-packages/nova/openstack/common/loopingcall.py:132
2019-02-01 00:34:12.179 223 ERROR oslo.db.sqlalchemy.exc_filters [-] DB exception wrapped.
2019-02-01 00:34:12.179 223 TRACE oslo.db.sqlalchemy.exc_filters Traceback (most recent call last):
2019-02-01 00:34:12.179 223 TRACE oslo.db.sqlalchemy.exc_filters   File "/usr/lib/python2.7/dist-packages/sqlalchemy/engine/base.py", line 887, in _execute_context
2019-02-01 00:34:12.179 223 TRACE oslo.db.sqlalchemy.exc_filters     conn = self._revalidate_connection()
2019-02-01 00:34:12.179 223 TRACE oslo.db.sqlalchemy.exc_filters   File "/usr/lib/python2.7/dist-packages/sqlalchemy/engine/base.py", line 244, in _revalidate_connection
2019-02-01 00:34:12.179 223 TRACE oslo.db.sqlalchemy.exc_filters     self.__connection = self.engine.raw_connection()
2019-02-01 00:34:12.179 223 TRACE oslo.db.sqlalchemy.exc_filters   File "/usr/lib/python2.7/dist-packages/sqlalchemy/engine/base.py", line 1848, in raw_connection
2019-02-01 00:34:12.179 223 TRACE oslo.db.sqlalchemy.exc_filters     return self.pool.unique_connection()
2019-02-01 00:34:12.179 223 TRACE oslo.db.sqlalchemy.exc_filters   File "/usr/lib/python2.7/dist-packages/sqlalchemy/pool.py", line 280, in unique_connection
2019-02-01 00:34:12.179 223 TRACE oslo.db.sqlalchemy.exc_filters     return _ConnectionFairy._checkout(self)
2019-02-01 00:34:12.179 223 TRACE oslo.db.sqlalchemy.exc_filters   File "/usr/lib/python2.7/dist-packages/sqlalchemy/pool.py", line 641, in _checkout
2019-02-01 00:34:12.179 223 TRACE oslo.db.sqlalchemy.exc_filters     fairy = _ConnectionRecord.checkout(pool)
2019-02-01 00:34:12.179 223 TRACE oslo.db.sqlalchemy.exc_filters   File "/usr/lib/python2.7/dist-packages/sqlalchemy/pool.py", line 442, in checkout
2019-02-01 00:34:12.179 223 TRACE oslo.db.sqlalchemy.exc_filters     dbapi_connection = rec.get_connection()
2019-02-01 00:34:12.179 223 TRACE oslo.db.sqlalchemy.exc_filters   File "/usr/lib/python2.7/dist-packages/sqlalchemy/pool.py", line 505, in get_connection
2019-02-01 00:34:12.179 223 TRACE oslo.db.sqlalchemy.exc_filters     self.connection = self.__connect()
2019-02-01 00:34:12.179 223 TRACE oslo.db.sqlalchemy.exc_filters   File "/usr/lib/python2.7/dist-packages/sqlalchemy/pool.py", line 537, in __connect
2019-02-01 00:34:12.179 223 TRACE oslo.db.sqlalchemy.exc_filters     connection = self.__pool._creator()
2019-02-01 00:34:12.179 223 TRACE oslo.db.sqlalchemy.exc_filters   File "/usr/lib/python2.7/dist-packages/sqlalchemy/engine/strategies.py", line 96, in connect
2019-02-01 00:34:12.179 223 TRACE oslo.db.sqlalchemy.exc_filters     connection_invalidated=invalidated
2019-02-01 00:34:12.179 223 TRACE oslo.db.sqlalchemy.exc_filters   File "/usr/lib/python2.7/dist-packages/sqlalchemy/util/compat.py", line 199, in raise_from_cause
2019-02-01 00:34:12.179 223 TRACE oslo.db.sqlalchemy.exc_filters     reraise(type(exception), exception, tb=exc_tb)
2019-02-01 00:34:12.179 223 TRACE oslo.db.sqlalchemy.exc_filters   File "/usr/lib/python2.7/dist-packages/sqlalchemy/engine/strategies.py", line 90, in connect
2019-02-01 00:34:12.179 223 TRACE oslo.db.sqlalchemy.exc_filters     return dialect.connect(*cargs, **cparams)
2019-02-01 00:34:12.179 223 TRACE oslo.db.sqlalchemy.exc_filters   File "/usr/lib/python2.7/dist-packages/sqlalchemy/engine/default.py", line 377, in connect
2019-02-01 00:34:12.179 223 TRACE oslo.db.sqlalchemy.exc_filters     return self.dbapi.connect(*cargs, **cparams)
2019-02-01 00:34:12.179 223 TRACE oslo.db.sqlalchemy.exc_filters   File "/usr/lib/python2.7/dist-packages/MySQLdb/__init__.py", line 81, in Connect
