2019-04-02 03:01:37.397 21 INFO glance.common.wsgi [-] Starting 4 workers
2019-04-02 03:01:37.402 21 INFO glance.common.wsgi [-] Started child 40
2019-04-02 03:01:37.403 40 INFO eventlet.wsgi.server [-] (40) wsgi starting up on http://0.0.0.0:9292
2019-04-02 03:01:37.408 21 INFO glance.common.wsgi [-] Started child 41
2019-04-02 03:01:37.409 41 INFO eventlet.wsgi.server [-] (41) wsgi starting up on http://0.0.0.0:9292
2019-04-02 03:01:37.413 21 INFO glance.common.wsgi [-] Started child 42
2019-04-02 03:01:37.414 42 INFO eventlet.wsgi.server [-] (42) wsgi starting up on http://0.0.0.0:9292
2019-04-02 03:01:37.418 21 INFO glance.common.wsgi [-] Started child 43
2019-04-02 03:01:37.419 43 INFO eventlet.wsgi.server [-] (43) wsgi starting up on http://0.0.0.0:9292
2019-04-02 03:01:39.851 43 WARNING keystonemiddleware.auth_token [-] Using the in-process token cache is deprecated as of the 4.2.0 release and may be removed in the 5.0.0 release or the 'O' development cycle. The in-process cache causes inconsistent results and high memory usage. When the feature is removed the auth_token middleware will not cache tokens by default which may result in performance issues. It is recommended to use  memcache for the auth_token token cache by setting the memcached_servers option.
2019-04-02 03:01:40.167 43 INFO eventlet.wsgi.server [req-9a62b7c4-d0ea-4af1-a377-8d541c2f6ecd 4763e26949b143fcab1ea1b20e9a8490 d2a4608bbd28402196acdba7a1632daf - - -] 172.18.0.17 - - [02/Apr/2019 03:01:40] "GET /v2/schemas/image HTTP/1.1" 200 4356 0.316998
2019-04-02 03:01:40.350 43 INFO eventlet.wsgi.server [req-09955fcc-d9e6-4415-9083-da79dff10be9 4763e26949b143fcab1ea1b20e9a8490 d2a4608bbd28402196acdba7a1632daf - - -] 172.18.0.17 - - [02/Apr/2019 03:01:40] "POST /v2/images HTTP/1.1" 201 863 0.165571
2019-04-02 03:01:40.502 43 INFO eventlet.wsgi.server [req-53d9ee25-5c58-486d-b844-4845efbd8393 4763e26949b143fcab1ea1b20e9a8490 d2a4608bbd28402196acdba7a1632daf - - -] 172.18.0.17 - - [02/Apr/2019 03:01:40] "PUT /v2/images/9fc4bb4b-a95d-4d86-8510-8679969d969b/file HTTP/1.1" 204 213 0.145721
2019-04-02 03:01:40.521 43 INFO eventlet.wsgi.server [req-a2c5f5af-66bd-4472-95e6-78b13ed9d39e 4763e26949b143fcab1ea1b20e9a8490 d2a4608bbd28402196acdba7a1632daf - - -] 172.18.0.17 - - [02/Apr/2019 03:01:40] "GET /v2/images/9fc4bb4b-a95d-4d86-8510-8679969d969b HTTP/1.1" 200 808 0.015369
2019-04-02 03:01:40.526 43 INFO eventlet.wsgi.server [req-be4a86a4-94ad-48ef-b29a-3f59310991e4 4763e26949b143fcab1ea1b20e9a8490 d2a4608bbd28402196acdba7a1632daf - - -] 172.18.0.17 - - [02/Apr/2019 03:01:40] "GET /v2/schemas/image HTTP/1.1" 200 4356 0.001899
2019-04-02 03:01:41.423 41 WARNING keystonemiddleware.auth_token [-] Using the in-process token cache is deprecated as of the 4.2.0 release and may be removed in the 5.0.0 release or the 'O' development cycle. The in-process cache causes inconsistent results and high memory usage. When the feature is removed the auth_token middleware will not cache tokens by default which may result in performance issues. It is recommended to use  memcache for the auth_token token cache by setting the memcached_servers option.
2019-04-02 03:01:41.573 41 INFO eventlet.wsgi.server [req-9aef040c-6ece-4cdb-87f2-dce9661195a1 4763e26949b143fcab1ea1b20e9a8490 d2a4608bbd28402196acdba7a1632daf - - -] 172.18.0.17 - - [02/Apr/2019 03:01:41] "GET /v2/schemas/image HTTP/1.1" 200 4356 0.152052
2019-04-02 03:01:41.753 41 INFO eventlet.wsgi.server [req-a8911640-d55d-476d-8ea1-3479176e3301 4763e26949b143fcab1ea1b20e9a8490 d2a4608bbd28402196acdba7a1632daf - - -] 172.18.0.17 - - [02/Apr/2019 03:01:41] "POST /v2/images HTTP/1.1" 201 869 0.162353
2019-04-02 03:01:41.894 41 INFO eventlet.wsgi.server [req-ad768f62-eeb5-4632-8ea0-f85d177a5b45 4763e26949b143fcab1ea1b20e9a8490 d2a4608bbd28402196acdba7a1632daf - - -] 172.18.0.17 - - [02/Apr/2019 03:01:41] "PUT /v2/images/dbd0ea86-f0f6-4f77-9c1f-568830b93da0/file HTTP/1.1" 204 213 0.135066
2019-04-02 03:01:41.911 41 INFO eventlet.wsgi.server [req-03436254-031a-44cb-bb93-becba52e5c96 4763e26949b143fcab1ea1b20e9a8490 d2a4608bbd28402196acdba7a1632daf - - -] 172.18.0.17 - - [02/Apr/2019 03:01:41] "GET /v2/images/dbd0ea86-f0f6-4f77-9c1f-568830b93da0 HTTP/1.1" 200 814 0.014471
2019-04-02 03:01:41.915 41 INFO eventlet.wsgi.server [req-30f1cad1-81c9-4751-b999-b2c9a6d4d972 4763e26949b143fcab1ea1b20e9a8490 d2a4608bbd28402196acdba7a1632daf - - -] 172.18.0.17 - - [02/Apr/2019 03:01:41] "GET /v2/schemas/image HTTP/1.1" 200 4356 0.002084
2019-04-02 03:01:41.960 21 INFO glance.common.wsgi [-] Removed dead child 40
2019-04-02 03:01:41.965 21 INFO glance.common.wsgi [-] Started child 61
2019-04-02 03:01:41.966 61 INFO eventlet.wsgi.server [-] (61) wsgi starting up on http://0.0.0.0:9292
2019-04-02 03:01:41.968 61 INFO eventlet.wsgi.server [-] (61) wsgi exited, is_accepting=True
2019-04-02 03:01:41.969 61 INFO glance.common.wsgi [-] Child 61 exiting normally
2019-04-02 03:01:44.332 64 INFO glance.common.wsgi [-] Starting 4 workers
2019-04-02 03:01:44.339 82 INFO eventlet.wsgi.server [-] (82) wsgi starting up on http://0.0.0.0:9292
2019-04-02 03:01:44.338 64 INFO glance.common.wsgi [-] Started child 82
2019-04-02 03:01:44.344 64 INFO glance.common.wsgi [-] Started child 83
2019-04-02 03:01:44.345 83 INFO eventlet.wsgi.server [-] (83) wsgi starting up on http://0.0.0.0:9292
2019-04-02 03:01:44.349 64 INFO glance.common.wsgi [-] Started child 84
2019-04-02 03:01:44.349 84 INFO eventlet.wsgi.server [-] (84) wsgi starting up on http://0.0.0.0:9292
2019-04-02 03:01:44.353 64 INFO glance.common.wsgi [-] Started child 85
2019-04-02 03:01:44.354 85 INFO eventlet.wsgi.server [-] (85) wsgi starting up on http://0.0.0.0:9292
2019-04-02 03:03:34.526 84 WARNING keystonemiddleware.auth_token [-] Using the in-process token cache is deprecated as of the 4.2.0 release and may be removed in the 5.0.0 release or the 'O' development cycle. The in-process cache causes inconsistent results and high memory usage. When the feature is removed the auth_token middleware will not cache tokens by default which may result in performance issues. It is recommended to use  memcache for the auth_token token cache by setting the memcached_servers option.
2019-04-02 03:03:35.074 84 INFO eventlet.wsgi.server [req-72f2661f-0dea-4cf2-9a38-9f44a5746e8e 4763e26949b143fcab1ea1b20e9a8490 d2a4608bbd28402196acdba7a1632daf - - -] 172.18.0.19 - - [02/Apr/2019 03:03:35] "GET /v1/images/detail?limit=20&name=vyatta-0108-2016 HTTP/1.1" 200 719 0.550060
2019-04-02 03:03:36.747 84 INFO eventlet.wsgi.server [req-fe04f483-bffd-463e-9974-c521227d6bd8 4763e26949b143fcab1ea1b20e9a8490 d2a4608bbd28402196acdba7a1632daf - - -] 172.18.0.19 - - [02/Apr/2019 03:03:36] "GET /v1/images/detail?limit=20&name=vyatta-0108-2016 HTTP/1.1" 200 719 0.198051
2019-04-02 03:03:36.915 84 INFO eventlet.wsgi.server [req-9bc7b388-54c6-415b-81ce-9a173b7cf752 4763e26949b143fcab1ea1b20e9a8490 d2a4608bbd28402196acdba7a1632daf - - -] 172.18.0.19 - - [02/Apr/2019 03:03:36] "GET /v1/images/detail?limit=20&name=vyatta-0108-2016 HTTP/1.1" 200 719 0.061677
2019-04-02 03:03:37.253 84 INFO eventlet.wsgi.server [req-fc6c0c87-2646-4b3f-aeff-0f3aecbd7ed3 4763e26949b143fcab1ea1b20e9a8490 d2a4608bbd28402196acdba7a1632daf - - -] 172.18.0.19 - - [02/Apr/2019 03:03:37] "GET /v1/images/detail?limit=20&name=vyatta-0108-2016 HTTP/1.1" 200 719 0.314320
2019-04-02 03:03:41.011 85 WARNING keystonemiddleware.auth_token [-] Using the in-process token cache is deprecated as of the 4.2.0 release and may be removed in the 5.0.0 release or the 'O' development cycle. The in-process cache causes inconsistent results and high memory usage. When the feature is removed the auth_token middleware will not cache tokens by default which may result in performance issues. It is recommended to use  memcache for the auth_token token cache by setting the memcached_servers option.
2019-04-02 03:03:41.427 85 INFO eventlet.wsgi.server [req-f5bea0d4-96b8-4227-9ba6-9cc416c04d4e 4763e26949b143fcab1ea1b20e9a8490 d2a4608bbd28402196acdba7a1632daf - - -] 172.18.0.5 - - [02/Apr/2019 03:03:41] "HEAD /v1/images/9fc4bb4b-a95d-4d86-8510-8679969d969b HTTP/1.1" 200 823 0.421181
2019-04-02 03:10:05.478 82 WARNING keystonemiddleware.auth_token [-] Using the in-process token cache is deprecated as of the 4.2.0 release and may be removed in the 5.0.0 release or the 'O' development cycle. The in-process cache causes inconsistent results and high memory usage. When the feature is removed the auth_token middleware will not cache tokens by default which may result in performance issues. It is recommended to use  memcache for the auth_token token cache by setting the memcached_servers option.
2019-04-02 03:10:05.684 82 INFO eventlet.wsgi.server [req-11922afd-313c-489f-9076-a46a14175507 4763e26949b143fcab1ea1b20e9a8490 d2a4608bbd28402196acdba7a1632daf - - -] 172.18.0.5 - - [02/Apr/2019 03:10:05] "HEAD /v1/images/9fc4bb4b-a95d-4d86-8510-8679969d969b HTTP/1.1" 200 823 0.209700
2019-04-02 03:10:34.107 84 INFO eventlet.wsgi.server [req-cb447922-b8f8-46f8-8cd5-d4fff7462036 4763e26949b143fcab1ea1b20e9a8490 d2a4608bbd28402196acdba7a1632daf - - -] 172.18.0.19 - - [02/Apr/2019 03:10:34] "GET /v1/images/detail?limit=20&name=vyatta-0108-2016 HTTP/1.1" 200 719 0.089707
2019-04-02 03:10:34.286 84 INFO eventlet.wsgi.server [req-c8dfe73c-c257-4dff-a68d-5e4f7542b51f 4763e26949b143fcab1ea1b20e9a8490 d2a4608bbd28402196acdba7a1632daf - - -] 172.18.0.19 - - [02/Apr/2019 03:10:34] "GET /v1/images/detail?limit=20&name=vyatta-0108-2016 HTTP/1.1" 200 719 0.062452
2019-04-02 03:10:36.520 84 INFO eventlet.wsgi.server [req-f0eb58d0-ee79-469f-bfec-995f9ca402a7 4763e26949b143fcab1ea1b20e9a8490 d2a4608bbd28402196acdba7a1632daf - - -] 172.18.0.19 - - [02/Apr/2019 03:10:36] "GET /v1/images/detail?limit=20&name=vyatta-0108-2016 HTTP/1.1" 200 719 0.059216
2019-04-02 03:15:08.759 85 INFO eventlet.wsgi.server [req-8e1e67e6-e0f1-4809-afed-209cef9b12f6 4763e26949b143fcab1ea1b20e9a8490 d2a4608bbd28402196acdba7a1632daf - - -] 172.18.0.5 - - [02/Apr/2019 03:15:08] "HEAD /v1/images/9fc4bb4b-a95d-4d86-8510-8679969d969b HTTP/1.1" 200 823 0.098757
