2018-02-12 07:39:09.366 94 DEBUG nova.openstack.common.service [-] quota_server_groups            = 10 log_opt_values /usr/lib/python2.7/dist-packages/oslo/config/cfg.py:1992
2018-02-12 07:39:09.367 94 DEBUG nova.openstack.common.service [-] rabbit_ha_queues               = False log_opt_values /usr/lib/python2.7/dist-packages/oslo/config/cfg.py:1992
2018-02-12 07:39:09.369 94 DEBUG nova.openstack.common.service [-] rabbit_host                    = 127.0.0.1 log_opt_values /usr/lib/python2.7/dist-packages/oslo/config/cfg.py:1992
2018-02-12 07:39:09.371 94 DEBUG nova.openstack.common.service [-] rabbit_hosts                   = ['127.0.0.1:5672'] log_opt_values /usr/lib/python2.7/dist-packages/oslo/config/cfg.py:1992
2018-02-12 07:39:09.372 94 DEBUG nova.openstack.common.service [-] rabbit_login_method            = AMQPLAIN log_opt_values /usr/lib/python2.7/dist-packages/oslo/config/cfg.py:1992
2018-02-12 07:39:09.374 94 DEBUG nova.openstack.common.service [-] rabbit_max_retries             = 0 log_opt_values /usr/lib/python2.7/dist-packages/oslo/config/cfg.py:1992
2018-02-12 07:39:09.376 94 DEBUG nova.openstack.common.service [-] rabbit_password                = **** log_opt_values /usr/lib/python2.7/dist-packages/oslo/config/cfg.py:1992
2018-02-12 07:39:09.377 94 DEBUG nova.openstack.common.service [-] rabbit_port                    = 5672 log_opt_values /usr/lib/python2.7/dist-packages/oslo/config/cfg.py:1992
2018-02-12 07:39:09.379 94 DEBUG nova.openstack.common.service [-] rabbit_retry_backoff           = 2 log_opt_values /usr/lib/python2.7/dist-packages/oslo/config/cfg.py:1992
2018-02-12 07:39:09.380 94 DEBUG nova.openstack.common.service [-] rabbit_retry_interval          = 1 log_opt_values /usr/lib/python2.7/dist-packages/oslo/config/cfg.py:1992
2018-02-12 07:39:09.382 94 DEBUG nova.openstack.common.service [-] rabbit_use_ssl                 = False log_opt_values /usr/lib/python2.7/dist-packages/oslo/config/cfg.py:1992
2018-02-12 07:39:09.384 94 DEBUG nova.openstack.common.service [-] rabbit_userid                  = guest log_opt_values /usr/lib/python2.7/dist-packages/oslo/config/cfg.py:1992
2018-02-12 07:39:09.385 94 DEBUG nova.openstack.common.service [-] rabbit_virtual_host            = / log_opt_values /usr/lib/python2.7/dist-packages/oslo/config/cfg.py:1992
2018-02-12 07:39:09.387 94 DEBUG nova.openstack.common.service [-] reboot_timeout                 = 0 log_opt_values /usr/lib/python2.7/dist-packages/oslo/config/cfg.py:1992
2018-02-12 07:39:09.388 94 DEBUG nova.openstack.common.service [-] reclaim_instance_interval      = 0 log_opt_values /usr/lib/python2.7/dist-packages/oslo/config/cfg.py:1992
2018-02-12 07:39:09.390 94 DEBUG nova.openstack.common.service [-] remove_unused_base_images      = True log_opt_values /usr/lib/python2.7/dist-packages/oslo/config/cfg.py:1992
2018-02-12 07:39:09.391 94 DEBUG nova.openstack.common.service [-] remove_unused_original_minimum_age_seconds = 86400 log_opt_values /usr/lib/python2.7/dist-packages/oslo/config/cfg.py:1992
2018-02-12 07:39:09.393 94 DEBUG nova.openstack.common.service [-] report_interval                = 10 log_opt_values /usr/lib/python2.7/dist-packages/oslo/config/cfg.py:1992
2018-02-12 07:39:09.395 94 DEBUG nova.openstack.common.service [-] rescue_timeout                 = 0 log_opt_values /usr/lib/python2.7/dist-packages/oslo/config/cfg.py:1992
2018-02-12 07:39:09.396 94 DEBUG nova.openstack.common.service [-] reservation_expire             = 86400 log_opt_values /usr/lib/python2.7/dist-packages/oslo/config/cfg.py:1992
2018-02-12 07:39:09.397 94 DEBUG nova.openstack.common.service [-] reserved_host_disk_mb          = 0 log_opt_values /usr/lib/python2.7/dist-packages/oslo/config/cfg.py:1992
2018-02-12 07:39:09.398 94 DEBUG nova.openstack.common.service [-] reserved_host_memory_mb        = 512 log_opt_values /usr/lib/python2.7/dist-packages/oslo/config/cfg.py:1992
2018-02-12 07:39:09.399 94 DEBUG nova.openstack.common.service [-] resize_confirm_window          = 0 log_opt_values /usr/lib/python2.7/dist-packages/oslo/config/cfg.py:1992
2018-02-12 07:39:09.400 94 DEBUG nova.openstack.common.service [-] resume_guests_state_on_host_boot = False log_opt_values /usr/lib/python2.7/dist-packages/oslo/config/cfg.py:1992
2018-02-12 07:39:09.401 94 DEBUG nova.openstack.common.service [-] rootwrap_config                = /etc/nova/rootwrap.conf log_opt_values /usr/lib/python2.7/dist-packages/oslo/config/cfg.py:1992
2018-02-12 07:39:09.403 94 DEBUG nova.openstack.common.service [-] rpc_backend                    = rabbit log_opt_values /usr/lib/python2.7/dist-packages/oslo/config/cfg.py:1992
2018-02-12 07:39:09.404 94 DEBUG nova.openstack.common.service [-] rpc_conn_pool_size             = 30 log_opt_values /usr/lib/python2.7/dist-packages/oslo/config/cfg.py:1992
2018-02-12 07:39:09.406 94 DEBUG nova.openstack.common.service [-] rpc_response_timeout           = 60 log_opt_values /usr/lib/python2.7/dist-packages/oslo/config/cfg.py:1992
2018-02-12 07:39:09.407 94 DEBUG nova.openstack.common.service [-] run_external_periodic_tasks    = True log_opt_values /usr/lib/python2.7/dist-packages/oslo/config/cfg.py:1992
2018-02-12 07:39:09.408 94 DEBUG nova.openstack.common.service [-] running_deleted_instance_action = reap log_opt_values /usr/lib/python2.7/dist-packages/oslo/config/cfg.py:1992
2018-02-12 07:39:09.410 94 DEBUG nova.openstack.common.service [-] running_deleted_instance_poll_interval = 1800 log_opt_values /usr/lib/python2.7/dist-packages/oslo/config/cfg.py:1992
2018-02-12 07:39:09.411 94 DEBUG nova.openstack.common.service [-] running_deleted_instance_timeout = 0 log_opt_values /usr/lib/python2.7/dist-packages/oslo/config/cfg.py:1992
2018-02-12 07:39:09.412 94 DEBUG nova.openstack.common.service [-] scheduler_host_manager         = nova.scheduler.host_manager.HostManager log_opt_values /usr/lib/python2.7/dist-packages/oslo/config/cfg.py:1992
2018-02-12 07:39:09.413 94 DEBUG nova.openstack.common.service [-] scheduler_manager              = nova.scheduler.manager.SchedulerManager log_opt_values /usr/lib/python2.7/dist-packages/oslo/config/cfg.py:1992
2018-02-12 07:39:09.415 94 DEBUG nova.openstack.common.service [-] scheduler_max_attempts         = 3 log_opt_values /usr/lib/python2.7/dist-packages/oslo/config/cfg.py:1992
2018-02-12 07:39:09.417 94 DEBUG nova.openstack.common.service [-] scheduler_topic                = scheduler log_opt_values /usr/lib/python2.7/dist-packages/oslo/config/cfg.py:1992
2018-02-12 07:39:09.419 94 DEBUG nova.openstack.common.service [-] security_group_api             = nova log_opt_values /usr/lib/python2.7/dist-packages/oslo/config/cfg.py:1992
2018-02-12 07:39:09.421 94 DEBUG nova.openstack.common.service [-] service_down_time              = 60 log_opt_values /usr/lib/python2.7/dist-packages/oslo/config/cfg.py:1992
2018-02-12 07:39:09.423 94 DEBUG nova.openstack.common.service [-] servicegroup_driver            = db log_opt_values /usr/lib/python2.7/dist-packages/oslo/config/cfg.py:1992
2018-02-12 07:39:09.425 94 DEBUG nova.openstack.common.service [-] share_dhcp_address             = False log_opt_values /usr/lib/python2.7/dist-packages/oslo/config/cfg.py:1992
2018-02-12 07:39:09.426 94 DEBUG nova.openstack.common.service [-] shelved_offload_time           = 0 log_opt_values /usr/lib/python2.7/dist-packages/oslo/config/cfg.py:1992
2018-02-12 07:39:09.433 94 DEBUG nova.openstack.common.service [-] shelved_poll_interval          = 3600 log_opt_values /usr/lib/python2.7/dist-packages/oslo/config/cfg.py:1992
2018-02-12 07:39:09.435 94 DEBUG nova.openstack.common.service [-] shutdown_timeout               = 60 log_opt_values /usr/lib/python2.7/dist-packages/oslo/config/cfg.py:1992
2018-02-12 07:39:09.436 94 DEBUG nova.openstack.common.service [-] snapshot_name_template         = snapshot-%s log_opt_values /usr/lib/python2.7/dist-packages/oslo/config/cfg.py:1992
2018-02-12 07:39:09.437 94 DEBUG nova.openstack.common.service [-] ssl_ca_file                    = None log_opt_values /usr/lib/python2.7/dist-packages/oslo/config/cfg.py:1992
2018-02-12 07:39:09.439 94 DEBUG nova.openstack.common.service [-] ssl_cert_file                  = None log_opt_values /usr/lib/python2.7/dist-packages/oslo/config/cfg.py:1992
2018-02-12 07:39:09.441 94 DEBUG nova.openstack.common.service [-] ssl_key_file                   = None log_opt_values /usr/lib/python2.7/dist-packages/oslo/config/cfg.py:1992
2018-02-12 07:39:09.442 94 DEBUG nova.openstack.common.service [-] state_path                     = /usr/lib/python2.7/dist-packages log_opt_values /usr/lib/python2.7/dist-packages/oslo/config/cfg.py:1992
2018-02-12 07:39:09.444 94 DEBUG nova.openstack.common.service [-] sync_power_state_concurrency   = 20 log_opt_values /usr/lib/python2.7/dist-packages/oslo/config/cfg.py:1992
2018-02-12 07:39:09.446 94 DEBUG nova.openstack.common.service [-] sync_power_state_interval      = 600 log_opt_values /usr/lib/python2.7/dist-packages/oslo/config/cfg.py:1992
2018-02-12 07:39:09.447 94 DEBUG nova.openstack.common.service [-] syslog_connect_retries         = 3 log_opt_values /usr/lib/python2.7/dist-packages/oslo/config/cfg.py:1992
2018-02-12 07:39:09.448 94 DEBUG nova.openstack.common.service [-] syslog_log_facility            = LOG_USER log_opt_values /usr/lib/python2.7/dist-packages/oslo/config/cfg.py:1992
2018-02-12 07:39:09.450 94 DEBUG nova.openstack.common.service [-] tcp_keepidle                   = 600 log_opt_values /usr/lib/python2.7/dist-packages/oslo/config/cfg.py:1992
2018-02-12 07:39:09.451 94 DEBUG nova.openstack.common.service [-] tempdir                        = None log_opt_values /usr/lib/python2.7/dist-packages/oslo/config/cfg.py:1992
2018-02-12 07:39:09.453 94 DEBUG nova.openstack.common.service [-] transport_url                  = None log_opt_values /usr/lib/python2.7/dist-packages/oslo/config/cfg.py:1992
2018-02-12 07:39:09.455 94 DEBUG nova.openstack.common.service [-] until_refresh                  = 0 log_opt_values /usr/lib/python2.7/dist-packages/oslo/config/cfg.py:1992
2018-02-12 07:39:09.463 94 DEBUG nova.openstack.common.service [-] use_cow_images                 = True log_opt_values /usr/lib/python2.7/dist-packages/oslo/config/cfg.py:1992
2018-02-12 07:39:09.464 94 DEBUG nova.openstack.common.service [-] use_forwarded_for              = False log_opt_values /usr/lib/python2.7/dist-packages/oslo/config/cfg.py:1992
2018-02-12 07:39:09.466 94 DEBUG nova.openstack.common.service [-] use_ipv6                       = False log_opt_values /usr/lib/python2.7/dist-packages/oslo/config/cfg.py:1992
2018-02-12 07:39:09.467 94 DEBUG nova.openstack.common.service [-] use_project_ca                 = False log_opt_values /usr/lib/python2.7/dist-packages/oslo/config/cfg.py:1992
2018-02-12 07:39:09.468 94 DEBUG nova.openstack.common.service [-] use_stderr                     = True log_opt_values /usr/lib/python2.7/dist-packages/oslo/config/cfg.py:1992
2018-02-12 07:39:09.470 94 DEBUG nova.openstack.common.service [-] use_syslog                     = False log_opt_values /usr/lib/python2.7/dist-packages/oslo/config/cfg.py:1992
2018-02-12 07:39:09.471 94 DEBUG nova.openstack.common.service [-] use_syslog_rfc_format          = False log_opt_values /usr/lib/python2.7/dist-packages/oslo/config/cfg.py:1992
2018-02-12 07:39:09.472 94 DEBUG nova.openstack.common.service [-] user_cert_subject              = /C=US/ST=California/O=OpenStack/OU=NovaDev/CN=%.16s-%.16s-%s log_opt_values /usr/lib/python2.7/dist-packages/oslo/config/cfg.py:1992
2018-02-12 07:39:09.474 94 DEBUG nova.openstack.common.service [-] vcpu_pin_set                   = None log_opt_values /usr/lib/python2.7/dist-packages/oslo/config/cfg.py:1992
2018-02-12 07:39:09.476 94 DEBUG nova.openstack.common.service [-] verbose                        = True log_opt_values /usr/lib/python2.7/dist-packages/oslo/config/cfg.py:1992
2018-02-12 07:39:09.477 94 DEBUG nova.openstack.common.service [-] vif_plugging_is_fatal          = True log_opt_values /usr/lib/python2.7/dist-packages/oslo/config/cfg.py:1992
2018-02-12 07:39:09.479 94 DEBUG nova.openstack.common.service [-] vif_plugging_timeout           = 300 log_opt_values /usr/lib/python2.7/dist-packages/oslo/config/cfg.py:1992
2018-02-12 07:39:09.480 94 DEBUG nova.openstack.common.service [-] vnc_enabled                    = True log_opt_values /usr/lib/python2.7/dist-packages/oslo/config/cfg.py:1992
2018-02-12 07:39:09.482 94 DEBUG nova.openstack.common.service [-] vnc_keymap                     = en-us log_opt_values /usr/lib/python2.7/dist-packages/oslo/config/cfg.py:1992
2018-02-12 07:39:09.483 94 DEBUG nova.openstack.common.service [-] vncserver_listen               = 127.0.0.1 log_opt_values /usr/lib/python2.7/dist-packages/oslo/config/cfg.py:1992
2018-02-12 07:39:09.485 94 DEBUG nova.openstack.common.service [-] vncserver_proxyclient_address  = 127.0.0.1 log_opt_values /usr/lib/python2.7/dist-packages/oslo/config/cfg.py:1992
2018-02-12 07:39:09.487 94 DEBUG nova.openstack.common.service [-] volume_api_class               = nova.volume.cinder.API log_opt_values /usr/lib/python2.7/dist-packages/oslo/config/cfg.py:1992
2018-02-12 07:39:09.489 94 DEBUG nova.openstack.common.service [-] volume_usage_poll_interval     = 0 log_opt_values /usr/lib/python2.7/dist-packages/oslo/config/cfg.py:1992
2018-02-12 07:39:09.492 94 DEBUG nova.openstack.common.service [-] vpn_flavor                     = m1.tiny log_opt_values /usr/lib/python2.7/dist-packages/oslo/config/cfg.py:1992
2018-02-12 07:39:09.496 94 DEBUG nova.openstack.common.service [-] vpn_image_id                   = 0 log_opt_values /usr/lib/python2.7/dist-packages/oslo/config/cfg.py:1992
2018-02-12 07:39:09.501 94 DEBUG nova.openstack.common.service [-] vpn_key_suffix                 = -vpn log_opt_values /usr/lib/python2.7/dist-packages/oslo/config/cfg.py:1992
2018-02-12 07:39:09.503 94 DEBUG nova.openstack.common.service [-] wsgi_default_pool_size         = 1000 log_opt_values /usr/lib/python2.7/dist-packages/oslo/config/cfg.py:1992
2018-02-12 07:39:09.504 94 DEBUG nova.openstack.common.service [-] wsgi_keep_alive                = True log_opt_values /usr/lib/python2.7/dist-packages/oslo/config/cfg.py:1992
2018-02-12 07:39:09.505 94 DEBUG nova.openstack.common.service [-] wsgi_log_format                = %(client_ip)s "%(request_line)s" status: %(status_code)s len: %(body_length)s time: %(wall_seconds).7f log_opt_values /usr/lib/python2.7/dist-packages/oslo/config/cfg.py:1992
2018-02-12 07:39:09.507 94 DEBUG nova.openstack.common.service [-] xvpvncproxy_base_url           = http://127.0.0.1:6081/console log_opt_values /usr/lib/python2.7/dist-packages/oslo/config/cfg.py:1992
2018-02-12 07:39:09.508 94 DEBUG nova.openstack.common.service [-] ephemeral_storage_encryption.cipher = aes-xts-plain64 log_opt_values /usr/lib/python2.7/dist-packages/oslo/config/cfg.py:2000
2018-02-12 07:39:09.510 94 DEBUG nova.openstack.common.service [-] ephemeral_storage_encryption.enabled = False log_opt_values /usr/lib/python2.7/dist-packages/oslo/config/cfg.py:2000
2018-02-12 07:39:09.512 94 DEBUG nova.openstack.common.service [-] ephemeral_storage_encryption.key_size = 512 log_opt_values /usr/lib/python2.7/dist-packages/oslo/config/cfg.py:2000
2018-02-12 07:39:09.514 94 DEBUG nova.openstack.common.service [-] osapi_v3.enabled               = False log_opt_values /usr/lib/python2.7/dist-packages/oslo/config/cfg.py:2000
2018-02-12 07:39:09.515 94 DEBUG nova.openstack.common.service [-] osapi_v3.extensions_blacklist  = [] log_opt_values /usr/lib/python2.7/dist-packages/oslo/config/cfg.py:2000
2018-02-12 07:39:09.517 94 DEBUG nova.openstack.common.service [-] osapi_v3.extensions_whitelist  = [] log_opt_values /usr/lib/python2.7/dist-packages/oslo/config/cfg.py:2000
2018-02-12 07:39:09.521 94 DEBUG nova.openstack.common.service [-] rdp.enabled                    = False log_opt_values /usr/lib/python2.7/dist-packages/oslo/config/cfg.py:2000
2018-02-12 07:39:09.527 94 DEBUG nova.openstack.common.service [-] rdp.html5_proxy_base_url       = http://127.0.0.1:6083/ log_opt_values /usr/lib/python2.7/dist-packages/oslo/config/cfg.py:2000
2018-02-12 07:39:09.528 94 DEBUG nova.openstack.common.service [-] conductor.manager              = nova.conductor.manager.ConductorManager log_opt_values /usr/lib/python2.7/dist-packages/oslo/config/cfg.py:2000
2018-02-12 07:39:09.530 94 DEBUG nova.openstack.common.service [-] conductor.topic                = conductor log_opt_values /usr/lib/python2.7/dist-packages/oslo/config/cfg.py:2000
2018-02-12 07:39:09.531 94 DEBUG nova.openstack.common.service [-] conductor.use_local            = False log_opt_values /usr/lib/python2.7/dist-packages/oslo/config/cfg.py:2000
2018-02-12 07:39:09.533 94 DEBUG nova.openstack.common.service [-] conductor.workers              = 4 log_opt_values /usr/lib/python2.7/dist-packages/oslo/config/cfg.py:2000
2018-02-12 07:39:09.534 94 DEBUG nova.openstack.common.service [-] database.backend               = sqlalchemy log_opt_values /usr/lib/python2.7/dist-packages/oslo/config/cfg.py:2000
2018-02-12 07:39:09.536 94 DEBUG nova.openstack.common.service [-] database.connection            = **** log_opt_values /usr/lib/python2.7/dist-packages/oslo/config/cfg.py:2000
2018-02-12 07:39:09.538 94 DEBUG nova.openstack.common.service [-] database.connection_debug      = 0 log_opt_values /usr/lib/python2.7/dist-packages/oslo/config/cfg.py:2000
2018-02-12 07:39:09.543 94 DEBUG nova.openstack.common.service [-] database.connection_trace      = False log_opt_values /usr/lib/python2.7/dist-packages/oslo/config/cfg.py:2000
2018-02-12 07:39:09.554 94 DEBUG nova.openstack.common.service [-] database.db_inc_retry_interval = True log_opt_values /usr/lib/python2.7/dist-packages/oslo/config/cfg.py:2000
2018-02-12 07:39:09.556 94 DEBUG nova.openstack.common.service [-] database.db_max_retries        = 20 log_opt_values /usr/lib/python2.7/dist-packages/oslo/config/cfg.py:2000
2018-02-12 07:39:09.558 94 DEBUG nova.openstack.common.service [-] database.db_max_retry_interval = 10 log_opt_values /usr/lib/python2.7/dist-packages/oslo/config/cfg.py:2000
2018-02-12 07:39:09.559 94 DEBUG nova.openstack.common.service [-] database.db_retry_interval     = 1 log_opt_values /usr/lib/python2.7/dist-packages/oslo/config/cfg.py:2000
2018-02-12 07:39:09.561 94 DEBUG nova.openstack.common.service [-] database.idle_timeout          = 3600 log_opt_values /usr/lib/python2.7/dist-packages/oslo/config/cfg.py:2000
2018-02-12 07:39:09.562 94 DEBUG nova.openstack.common.service [-] database.max_overflow          = None log_opt_values /usr/lib/python2.7/dist-packages/oslo/config/cfg.py:2000
2018-02-12 07:39:09.564 94 DEBUG nova.openstack.common.service [-] database.max_pool_size         = None log_opt_values /usr/lib/python2.7/dist-packages/oslo/config/cfg.py:2000
2018-02-12 07:39:09.565 94 DEBUG nova.openstack.common.service [-] database.max_retries           = 10 log_opt_values /usr/lib/python2.7/dist-packages/oslo/config/cfg.py:2000
2018-02-12 07:39:09.567 94 DEBUG nova.openstack.common.service [-] database.min_pool_size         = 1 log_opt_values /usr/lib/python2.7/dist-packages/oslo/config/cfg.py:2000
2018-02-12 07:39:09.568 94 DEBUG nova.openstack.common.service [-] database.mysql_sql_mode        = TRADITIONAL log_opt_values /usr/lib/python2.7/dist-packages/oslo/config/cfg.py:2000
2018-02-12 07:39:09.570 94 DEBUG nova.openstack.common.service [-] database.pool_timeout          = None log_opt_values /usr/lib/python2.7/dist-packages/oslo/config/cfg.py:2000
2018-02-12 07:39:09.572 94 DEBUG nova.openstack.common.service [-] database.retry_interval        = 10 log_opt_values /usr/lib/python2.7/dist-packages/oslo/config/cfg.py:2000
2018-02-12 07:39:09.574 94 DEBUG nova.openstack.common.service [-] database.slave_connection      = **** log_opt_values /usr/lib/python2.7/dist-packages/oslo/config/cfg.py:2000
2018-02-12 07:39:09.576 94 DEBUG nova.openstack.common.service [-] database.sqlite_db             = nova.sqlite log_opt_values /usr/lib/python2.7/dist-packages/oslo/config/cfg.py:2000
2018-02-12 07:39:09.578 94 DEBUG nova.openstack.common.service [-] database.sqlite_synchronous    = True log_opt_values /usr/lib/python2.7/dist-packages/oslo/config/cfg.py:2000
2018-02-12 07:39:09.580 94 DEBUG nova.openstack.common.service [-] database.use_db_reconnect      = False log_opt_values /usr/lib/python2.7/dist-packages/oslo/config/cfg.py:2000
2018-02-12 07:39:09.582 94 DEBUG nova.openstack.common.service [-] database.use_tpool             = False log_opt_values /usr/lib/python2.7/dist-packages/oslo/config/cfg.py:2000
2018-02-12 07:39:09.585 94 DEBUG nova.openstack.common.service [-] upgrade_levels.baseapi         = None log_opt_values /usr/lib/python2.7/dist-packages/oslo/config/cfg.py:2000
2018-02-12 07:39:09.587 94 DEBUG nova.openstack.common.service [-] upgrade_levels.cells           = None log_opt_values /usr/lib/python2.7/dist-packages/oslo/config/cfg.py:2000
2018-02-12 07:39:09.589 94 DEBUG nova.openstack.common.service [-] upgrade_levels.compute         = None log_opt_values /usr/lib/python2.7/dist-packages/oslo/config/cfg.py:2000
2018-02-12 07:39:09.591 94 DEBUG nova.openstack.common.service [-] upgrade_levels.conductor       = None log_opt_values /usr/lib/python2.7/dist-packages/oslo/config/cfg.py:2000
2018-02-12 07:39:09.598 94 DEBUG nova.openstack.common.service [-] upgrade_levels.console         = None log_opt_values /usr/lib/python2.7/dist-packages/oslo/config/cfg.py:2000
2018-02-12 07:39:09.600 94 DEBUG nova.openstack.common.service [-] upgrade_levels.consoleauth     = None log_opt_values /usr/lib/python2.7/dist-packages/oslo/config/cfg.py:2000
2018-02-12 07:39:09.601 94 DEBUG nova.openstack.common.service [-] upgrade_levels.scheduler       = None log_opt_values /usr/lib/python2.7/dist-packages/oslo/config/cfg.py:2000
2018-02-12 07:39:09.602 94 DEBUG nova.openstack.common.service [-] cells.bandwidth_update_interval = 600 log_opt_values /usr/lib/python2.7/dist-packages/oslo/config/cfg.py:2000
2018-02-12 07:39:09.604 94 DEBUG nova.openstack.common.service [-] cells.call_timeout             = 60 log_opt_values /usr/lib/python2.7/dist-packages/oslo/config/cfg.py:2000
2018-02-12 07:39:09.605 94 DEBUG nova.openstack.common.service [-] cells.capabilities             = ['hypervisor=xenserver;kvm', 'os=linux;windows'] log_opt_values /usr/lib/python2.7/dist-packages/oslo/config/cfg.py:2000
2018-02-12 07:39:09.607 94 DEBUG nova.openstack.common.service [-] cells.cell_type                = compute log_opt_values /usr/lib/python2.7/dist-packages/oslo/config/cfg.py:2000
2018-02-12 07:39:09.608 94 DEBUG nova.openstack.common.service [-] cells.enable                   = False log_opt_values /usr/lib/python2.7/dist-packages/oslo/config/cfg.py:2000
2018-02-12 07:39:09.609 94 DEBUG nova.openstack.common.service [-] cells.manager                  = nova.cells.manager.CellsManager log_opt_values /usr/lib/python2.7/dist-packages/oslo/config/cfg.py:2000
2018-02-12 07:39:09.611 94 DEBUG nova.openstack.common.service [-] cells.mute_child_interval      = 300 log_opt_values /usr/lib/python2.7/dist-packages/oslo/config/cfg.py:2000
2018-02-12 07:39:09.612 94 DEBUG nova.openstack.common.service [-] cells.name                     = nova log_opt_values /usr/lib/python2.7/dist-packages/oslo/config/cfg.py:2000
2018-02-12 07:39:09.614 94 DEBUG nova.openstack.common.service [-] cells.reserve_percent          = 10.0 log_opt_values /usr/lib/python2.7/dist-packages/oslo/config/cfg.py:2000
2018-02-12 07:39:09.615 94 DEBUG nova.openstack.common.service [-] cells.topic                    = cells log_opt_values /usr/lib/python2.7/dist-packages/oslo/config/cfg.py:2000
2018-02-12 07:39:09.616 94 DEBUG nova.openstack.common.service [-] keymgr.api_class               = nova.keymgr.conf_key_mgr.ConfKeyManager log_opt_values /usr/lib/python2.7/dist-packages/oslo/config/cfg.py:2000
2018-02-12 07:39:09.618 94 DEBUG nova.openstack.common.service [-] serial_console.base_url        = ws://127.0.0.1:6083/ log_opt_values /usr/lib/python2.7/dist-packages/oslo/config/cfg.py:2000
2018-02-12 07:39:09.619 94 DEBUG nova.openstack.common.service [-] serial_console.enabled         = False log_opt_values /usr/lib/python2.7/dist-packages/oslo/config/cfg.py:2000
2018-02-12 07:39:09.622 94 DEBUG nova.openstack.common.service [-] serial_console.listen          = 127.0.0.1 log_opt_values /usr/lib/python2.7/dist-packages/oslo/config/cfg.py:2000
2018-02-12 07:39:09.628 94 DEBUG nova.openstack.common.service [-] serial_console.port_range      = 10000:20000 log_opt_values /usr/lib/python2.7/dist-packages/oslo/config/cfg.py:2000
2018-02-12 07:39:09.633 94 DEBUG nova.openstack.common.service [-] serial_console.proxyclient_address = 127.0.0.1 log_opt_values /usr/lib/python2.7/dist-packages/oslo/config/cfg.py:2000
2018-02-12 07:39:09.635 94 DEBUG nova.openstack.common.service [-] ssl.ca_file                    = None log_opt_values /usr/lib/python2.7/dist-packages/oslo/config/cfg.py:2000
2018-02-12 07:39:09.636 94 DEBUG nova.openstack.common.service [-] ssl.cert_file                  = None log_opt_values /usr/lib/python2.7/dist-packages/oslo/config/cfg.py:2000
2018-02-12 07:39:09.639 94 DEBUG nova.openstack.common.service [-] ssl.key_file                   = None log_opt_values /usr/lib/python2.7/dist-packages/oslo/config/cfg.py:2000
2018-02-12 07:39:09.641 94 DEBUG nova.openstack.common.service [-] glance.allowed_direct_url_schemes = [] log_opt_values /usr/lib/python2.7/dist-packages/oslo/config/cfg.py:2000
2018-02-12 07:39:09.643 94 DEBUG nova.openstack.common.service [-] glance.api_insecure            = False log_opt_values /usr/lib/python2.7/dist-packages/oslo/config/cfg.py:2000
2018-02-12 07:39:09.645 94 DEBUG nova.openstack.common.service [-] glance.api_servers             = None log_opt_values /usr/lib/python2.7/dist-packages/oslo/config/cfg.py:2000
2018-02-12 07:39:09.646 94 DEBUG nova.openstack.common.service [-] glance.host                    = glance-server.monitoringrefactordocker_default log_opt_values /usr/lib/python2.7/dist-packages/oslo/config/cfg.py:2000
2018-02-12 07:39:09.647 94 DEBUG nova.openstack.common.service [-] glance.num_retries             = 0 log_opt_values /usr/lib/python2.7/dist-packages/oslo/config/cfg.py:2000
2018-02-12 07:39:09.649 94 DEBUG nova.openstack.common.service [-] glance.port                    = 9292 log_opt_values /usr/lib/python2.7/dist-packages/oslo/config/cfg.py:2000
2018-02-12 07:39:09.650 94 DEBUG nova.openstack.common.service [-] glance.protocol                = http log_opt_values /usr/lib/python2.7/dist-packages/oslo/config/cfg.py:2000
2018-02-12 07:39:09.652 94 DEBUG nova.openstack.common.service [-] workarounds.destroy_after_evacuate = True log_opt_values /usr/lib/python2.7/dist-packages/oslo/config/cfg.py:2000
2018-02-12 07:39:09.654 94 DEBUG nova.openstack.common.service [-] remote_debug.host              = None log_opt_values /usr/lib/python2.7/dist-packages/oslo/config/cfg.py:2000
2018-02-12 07:39:09.656 94 DEBUG nova.openstack.common.service [-] remote_debug.port              = None log_opt_values /usr/lib/python2.7/dist-packages/oslo/config/cfg.py:2000
2018-02-12 07:39:09.657 94 DEBUG nova.openstack.common.service [-] spice.agent_enabled            = True log_opt_values /usr/lib/python2.7/dist-packages/oslo/config/cfg.py:2000
2018-02-12 07:39:09.661 94 DEBUG nova.openstack.common.service [-] spice.enabled                  = False log_opt_values /usr/lib/python2.7/dist-packages/oslo/config/cfg.py:2000
2018-02-12 07:39:09.663 94 DEBUG nova.openstack.common.service [-] spice.html5proxy_base_url      = http://127.0.0.1:6082/spice_auto.html log_opt_values /usr/lib/python2.7/dist-packages/oslo/config/cfg.py:2000
2018-02-12 07:39:09.664 94 DEBUG nova.openstack.common.service [-] spice.keymap                   = en-us log_opt_values /usr/lib/python2.7/dist-packages/oslo/config/cfg.py:2000
2018-02-12 07:39:09.666 94 DEBUG nova.openstack.common.service [-] spice.server_listen            = 127.0.0.1 log_opt_values /usr/lib/python2.7/dist-packages/oslo/config/cfg.py:2000
2018-02-12 07:39:09.667 94 DEBUG nova.openstack.common.service [-] spice.server_proxyclient_address = 127.0.0.1 log_opt_values /usr/lib/python2.7/dist-packages/oslo/config/cfg.py:2000
2018-02-12 07:39:09.669 94 DEBUG nova.openstack.common.service [-] ******************************************************************************** log_opt_values /usr/lib/python2.7/dist-packages/oslo/config/cfg.py:2002
2018-02-12 07:39:09.795 220 DEBUG oslo.db.sqlalchemy.session [req-832232f0-8bd8-41ca-8973-c02ef1810476 ] MySQL server mode set to STRICT_TRANS_TABLES,STRICT_ALL_TABLES,NO_ZERO_IN_DATE,NO_ZERO_DATE,ERROR_FOR_DIVISION_BY_ZERO,TRADITIONAL,NO_AUTO_CREATE_USER,NO_ENGINE_SUBSTITUTION _init_events /usr/lib/python2.7/dist-packages/oslo/db/sqlalchemy/session.py:461
2018-02-12 07:39:10.104 221 DEBUG oslo.db.sqlalchemy.session [req-b8285ac2-06b9-455c-9c63-5f4414baf5f0 ] MySQL server mode set to STRICT_TRANS_TABLES,STRICT_ALL_TABLES,NO_ZERO_IN_DATE,NO_ZERO_DATE,ERROR_FOR_DIVISION_BY_ZERO,TRADITIONAL,NO_AUTO_CREATE_USER,NO_ENGINE_SUBSTITUTION _init_events /usr/lib/python2.7/dist-packages/oslo/db/sqlalchemy/session.py:461
2018-02-12 07:39:10.388 220 DEBUG nova.service [req-832232f0-8bd8-41ca-8973-c02ef1810476 None] Creating RPC server for service conductor start /usr/lib/python2.7/dist-packages/nova/service.py:186
2018-02-12 07:39:10.399 220 INFO oslo.messaging._drivers.impl_rabbit [req-832232f0-8bd8-41ca-8973-c02ef1810476 ] Connecting to AMQP server on 127.0.0.1:5672
2018-02-12 07:39:10.417 220 ERROR oslo.messaging._drivers.impl_rabbit [req-832232f0-8bd8-41ca-8973-c02ef1810476 ] AMQP server on 127.0.0.1:5672 is unreachable: [Errno 111] ECONNREFUSED. Trying again in 1 seconds.
2018-02-12 07:39:10.468 219 DEBUG oslo.db.sqlalchemy.session [req-9f01e89e-958f-42b6-ac6b-5de328b55995 ] MySQL server mode set to STRICT_TRANS_TABLES,STRICT_ALL_TABLES,NO_ZERO_IN_DATE,NO_ZERO_DATE,ERROR_FOR_DIVISION_BY_ZERO,TRADITIONAL,NO_AUTO_CREATE_USER,NO_ENGINE_SUBSTITUTION _init_events /usr/lib/python2.7/dist-packages/oslo/db/sqlalchemy/session.py:461
2018-02-12 07:39:10.500 221 DEBUG nova.service [req-b8285ac2-06b9-455c-9c63-5f4414baf5f0 None] Creating RPC server for service conductor start /usr/lib/python2.7/dist-packages/nova/service.py:186
2018-02-12 07:39:10.504 221 INFO oslo.messaging._drivers.impl_rabbit [req-b8285ac2-06b9-455c-9c63-5f4414baf5f0 ] Connecting to AMQP server on 127.0.0.1:5672
2018-02-12 07:39:10.514 221 ERROR oslo.messaging._drivers.impl_rabbit [req-b8285ac2-06b9-455c-9c63-5f4414baf5f0 ] AMQP server on 127.0.0.1:5672 is unreachable: [Errno 111] ECONNREFUSED. Trying again in 1 seconds.
2018-02-12 07:39:10.671 219 DEBUG nova.service [req-9f01e89e-958f-42b6-ac6b-5de328b55995 None] Creating RPC server for service conductor start /usr/lib/python2.7/dist-packages/nova/service.py:186
2018-02-12 07:39:10.675 219 INFO oslo.messaging._drivers.impl_rabbit [req-9f01e89e-958f-42b6-ac6b-5de328b55995 ] Connecting to AMQP server on 127.0.0.1:5672
2018-02-12 07:39:10.680 222 DEBUG oslo.db.sqlalchemy.session [req-aa60dcd7-f7cc-4244-a56a-1f34f7e61bae ] MySQL server mode set to STRICT_TRANS_TABLES,STRICT_ALL_TABLES,NO_ZERO_IN_DATE,NO_ZERO_DATE,ERROR_FOR_DIVISION_BY_ZERO,TRADITIONAL,NO_AUTO_CREATE_USER,NO_ENGINE_SUBSTITUTION _init_events /usr/lib/python2.7/dist-packages/oslo/db/sqlalchemy/session.py:461
2018-02-12 07:39:10.683 219 ERROR oslo.messaging._drivers.impl_rabbit [req-9f01e89e-958f-42b6-ac6b-5de328b55995 ] AMQP server on 127.0.0.1:5672 is unreachable: [Errno 111] ECONNREFUSED. Trying again in 1 seconds.
2018-02-12 07:39:10.917 222 DEBUG nova.service [req-aa60dcd7-f7cc-4244-a56a-1f34f7e61bae None] Creating RPC server for service conductor start /usr/lib/python2.7/dist-packages/nova/service.py:186
2018-02-12 07:39:10.922 222 INFO oslo.messaging._drivers.impl_rabbit [req-aa60dcd7-f7cc-4244-a56a-1f34f7e61bae ] Connecting to AMQP server on 127.0.0.1:5672
2018-02-12 07:39:10.933 222 ERROR oslo.messaging._drivers.impl_rabbit [req-aa60dcd7-f7cc-4244-a56a-1f34f7e61bae ] AMQP server on 127.0.0.1:5672 is unreachable: [Errno 111] ECONNREFUSED. Trying again in 1 seconds.
2018-02-12 07:39:11.425 220 INFO oslo.messaging._drivers.impl_rabbit [req-832232f0-8bd8-41ca-8973-c02ef1810476 ] Delaying reconnect for 1.0 seconds...
2018-02-12 07:39:11.516 221 INFO oslo.messaging._drivers.impl_rabbit [req-b8285ac2-06b9-455c-9c63-5f4414baf5f0 ] Delaying reconnect for 1.0 seconds...
2018-02-12 07:39:11.685 219 INFO oslo.messaging._drivers.impl_rabbit [req-9f01e89e-958f-42b6-ac6b-5de328b55995 ] Delaying reconnect for 1.0 seconds...
2018-02-12 07:39:11.935 222 INFO oslo.messaging._drivers.impl_rabbit [req-aa60dcd7-f7cc-4244-a56a-1f34f7e61bae ] Delaying reconnect for 1.0 seconds...
2018-02-12 07:39:12.426 220 INFO oslo.messaging._drivers.impl_rabbit [req-832232f0-8bd8-41ca-8973-c02ef1810476 ] Connecting to AMQP server on 127.0.0.1:5672
2018-02-12 07:39:12.434 220 INFO oslo.messaging._drivers.impl_rabbit [req-832232f0-8bd8-41ca-8973-c02ef1810476 ] Connected to AMQP server on 127.0.0.1:5672
2018-02-12 07:39:12.441 220 DEBUG nova.service [req-832232f0-8bd8-41ca-8973-c02ef1810476 None] Join ServiceGroup membership for this service conductor start /usr/lib/python2.7/dist-packages/nova/service.py:204
2018-02-12 07:39:12.443 220 DEBUG nova.servicegroup.api [req-832232f0-8bd8-41ca-8973-c02ef1810476 None] Join new ServiceGroup member nova-server to the conductor group, service = <nova.service.Service object at 0x7fa70c8282d0> join /usr/lib/python2.7/dist-packages/nova/servicegroup/api.py:109
2018-02-12 07:39:12.444 220 DEBUG nova.servicegroup.drivers.db [req-832232f0-8bd8-41ca-8973-c02ef1810476 None] DB_Driver: join new ServiceGroup member nova-server to the conductor group, service = <nova.service.Service object at 0x7fa70c8282d0> join /usr/lib/python2.7/dist-packages/nova/servicegroup/drivers/db.py:46
2018-02-12 07:39:12.519 221 INFO oslo.messaging._drivers.impl_rabbit [req-b8285ac2-06b9-455c-9c63-5f4414baf5f0 ] Connecting to AMQP server on 127.0.0.1:5672
2018-02-12 07:39:12.527 221 INFO oslo.messaging._drivers.impl_rabbit [req-b8285ac2-06b9-455c-9c63-5f4414baf5f0 ] Connected to AMQP server on 127.0.0.1:5672
2018-02-12 07:39:12.533 221 DEBUG nova.service [req-b8285ac2-06b9-455c-9c63-5f4414baf5f0 None] Join ServiceGroup membership for this service conductor start /usr/lib/python2.7/dist-packages/nova/service.py:204
2018-02-12 07:39:12.534 221 DEBUG nova.servicegroup.api [req-b8285ac2-06b9-455c-9c63-5f4414baf5f0 None] Join new ServiceGroup member nova-server to the conductor group, service = <nova.service.Service object at 0x7fa70c8282d0> join /usr/lib/python2.7/dist-packages/nova/servicegroup/api.py:109
2018-02-12 07:39:12.535 221 DEBUG nova.servicegroup.drivers.db [req-b8285ac2-06b9-455c-9c63-5f4414baf5f0 None] DB_Driver: join new ServiceGroup member nova-server to the conductor group, service = <nova.service.Service object at 0x7fa70c8282d0> join /usr/lib/python2.7/dist-packages/nova/servicegroup/drivers/db.py:46
2018-02-12 07:39:12.687 219 INFO oslo.messaging._drivers.impl_rabbit [req-9f01e89e-958f-42b6-ac6b-5de328b55995 ] Connecting to AMQP server on 127.0.0.1:5672
2018-02-12 07:39:12.698 219 INFO oslo.messaging._drivers.impl_rabbit [req-9f01e89e-958f-42b6-ac6b-5de328b55995 ] Connected to AMQP server on 127.0.0.1:5672
2018-02-12 07:39:12.705 219 DEBUG nova.service [req-9f01e89e-958f-42b6-ac6b-5de328b55995 None] Join ServiceGroup membership for this service conductor start /usr/lib/python2.7/dist-packages/nova/service.py:204
2018-02-12 07:39:12.707 219 DEBUG nova.servicegroup.api [req-9f01e89e-958f-42b6-ac6b-5de328b55995 None] Join new ServiceGroup member nova-server to the conductor group, service = <nova.service.Service object at 0x7fa70c8282d0> join /usr/lib/python2.7/dist-packages/nova/servicegroup/api.py:109
2018-02-12 07:39:12.708 219 DEBUG nova.servicegroup.drivers.db [req-9f01e89e-958f-42b6-ac6b-5de328b55995 None] DB_Driver: join new ServiceGroup member nova-server to the conductor group, service = <nova.service.Service object at 0x7fa70c8282d0> join /usr/lib/python2.7/dist-packages/nova/servicegroup/drivers/db.py:46
2018-02-12 07:39:12.936 222 INFO oslo.messaging._drivers.impl_rabbit [req-aa60dcd7-f7cc-4244-a56a-1f34f7e61bae ] Connecting to AMQP server on 127.0.0.1:5672
2018-02-12 07:39:12.947 222 INFO oslo.messaging._drivers.impl_rabbit [req-aa60dcd7-f7cc-4244-a56a-1f34f7e61bae ] Connected to AMQP server on 127.0.0.1:5672
2018-02-12 07:39:12.953 222 DEBUG nova.service [req-aa60dcd7-f7cc-4244-a56a-1f34f7e61bae None] Join ServiceGroup membership for this service conductor start /usr/lib/python2.7/dist-packages/nova/service.py:204
2018-02-12 07:39:12.955 222 DEBUG nova.servicegroup.api [req-aa60dcd7-f7cc-4244-a56a-1f34f7e61bae None] Join new ServiceGroup member nova-server to the conductor group, service = <nova.service.Service object at 0x7fa70c8282d0> join /usr/lib/python2.7/dist-packages/nova/servicegroup/api.py:109
2018-02-12 07:39:12.956 222 DEBUG nova.servicegroup.drivers.db [req-aa60dcd7-f7cc-4244-a56a-1f34f7e61bae None] DB_Driver: join new ServiceGroup member nova-server to the conductor group, service = <nova.service.Service object at 0x7fa70c8282d0> join /usr/lib/python2.7/dist-packages/nova/servicegroup/drivers/db.py:46
2018-02-12 07:39:14.843 220 INFO oslo.messaging._drivers.impl_rabbit [-] Connecting to AMQP server on 127.0.0.1:5672
2018-02-12 07:39:14.850 220 INFO oslo.messaging._drivers.impl_rabbit [-] Connected to AMQP server on 127.0.0.1:5672
2018-02-12 07:39:15.205 221 INFO oslo.messaging._drivers.impl_rabbit [-] Connecting to AMQP server on 127.0.0.1:5672
2018-02-12 07:39:15.214 221 INFO oslo.messaging._drivers.impl_rabbit [-] Connected to AMQP server on 127.0.0.1:5672
2018-02-12 07:39:15.223 219 INFO oslo.messaging._drivers.impl_rabbit [req-bbb3b9bb-a86a-413e-808a-93f5d7a0e183 ] Connecting to AMQP server on 127.0.0.1:5672
2018-02-12 07:39:15.233 219 INFO oslo.messaging._drivers.impl_rabbit [req-bbb3b9bb-a86a-413e-808a-93f5d7a0e183 ] Connected to AMQP server on 127.0.0.1:5672
2018-02-12 07:39:15.249 222 INFO oslo.messaging._drivers.impl_rabbit [-] Connecting to AMQP server on 127.0.0.1:5672
2018-02-12 07:39:15.261 222 INFO oslo.messaging._drivers.impl_rabbit [-] Connected to AMQP server on 127.0.0.1:5672
2018-02-12 07:39:22.537 221 DEBUG nova.openstack.common.loopingcall [-] Dynamic looping call <bound method Service.periodic_tasks of <nova.service.Service object at 0x7fa70c8282d0>> sleeping for 60.00 seconds _inner /usr/lib/python2.7/dist-packages/nova/openstack/common/loopingcall.py:132
2018-02-12 07:39:31.710 219 DEBUG nova.openstack.common.loopingcall [-] Dynamic looping call <bound method Service.periodic_tasks of <nova.service.Service object at 0x7fa70c8282d0>> sleeping for 60.00 seconds _inner /usr/lib/python2.7/dist-packages/nova/openstack/common/loopingcall.py:132
2018-02-12 07:39:47.957 222 DEBUG nova.openstack.common.loopingcall [-] Dynamic looping call <bound method Service.periodic_tasks of <nova.service.Service object at 0x7fa70c8282d0>> sleeping for 60.00 seconds _inner /usr/lib/python2.7/dist-packages/nova/openstack/common/loopingcall.py:132
2018-02-12 07:40:08.446 220 DEBUG nova.openstack.common.loopingcall [-] Dynamic looping call <bound method Service.periodic_tasks of <nova.service.Service object at 0x7fa70c8282d0>> sleeping for 60.00 seconds _inner /usr/lib/python2.7/dist-packages/nova/openstack/common/loopingcall.py:132
2018-02-12 07:40:09.722 219 INFO oslo.messaging._drivers.impl_rabbit [req-fdbf7b9c-f9e2-4dba-84d4-5347b92b7c5b ] Connecting to AMQP server on 127.0.0.1:5672
2018-02-12 07:40:09.731 219 INFO oslo.messaging._drivers.impl_rabbit [req-fdbf7b9c-f9e2-4dba-84d4-5347b92b7c5b ] Connected to AMQP server on 127.0.0.1:5672
2018-02-12 07:40:22.542 221 DEBUG nova.openstack.common.loopingcall [-] Dynamic looping call <bound method Service.periodic_tasks of <nova.service.Service object at 0x7fa70c8282d0>> sleeping for 60.00 seconds _inner /usr/lib/python2.7/dist-packages/nova/openstack/common/loopingcall.py:132
2018-02-12 07:40:31.715 219 DEBUG nova.openstack.common.loopingcall [-] Dynamic looping call <bound method Service.periodic_tasks of <nova.service.Service object at 0x7fa70c8282d0>> sleeping for 60.00 seconds _inner /usr/lib/python2.7/dist-packages/nova/openstack/common/loopingcall.py:132
2018-02-12 07:40:47.961 222 DEBUG nova.openstack.common.loopingcall [-] Dynamic looping call <bound method Service.periodic_tasks of <nova.service.Service object at 0x7fa70c8282d0>> sleeping for 60.00 seconds _inner /usr/lib/python2.7/dist-packages/nova/openstack/common/loopingcall.py:132
2018-02-12 07:41:08.448 220 DEBUG nova.openstack.common.loopingcall [-] Dynamic looping call <bound method Service.periodic_tasks of <nova.service.Service object at 0x7fa70c8282d0>> sleeping for 60.00 seconds _inner /usr/lib/python2.7/dist-packages/nova/openstack/common/loopingcall.py:132
2018-02-12 07:41:22.547 221 DEBUG nova.openstack.common.loopingcall [-] Dynamic looping call <bound method Service.periodic_tasks of <nova.service.Service object at 0x7fa70c8282d0>> sleeping for 60.00 seconds _inner /usr/lib/python2.7/dist-packages/nova/openstack/common/loopingcall.py:132
2018-02-12 07:41:31.718 219 DEBUG nova.openstack.common.loopingcall [-] Dynamic looping call <bound method Service.periodic_tasks of <nova.service.Service object at 0x7fa70c8282d0>> sleeping for 60.00 seconds _inner /usr/lib/python2.7/dist-packages/nova/openstack/common/loopingcall.py:132
2018-02-12 07:41:47.966 222 DEBUG nova.openstack.common.loopingcall [-] Dynamic looping call <bound method Service.periodic_tasks of <nova.service.Service object at 0x7fa70c8282d0>> sleeping for 60.00 seconds _inner /usr/lib/python2.7/dist-packages/nova/openstack/common/loopingcall.py:132
2018-02-12 07:42:08.451 220 DEBUG nova.openstack.common.loopingcall [-] Dynamic looping call <bound method Service.periodic_tasks of <nova.service.Service object at 0x7fa70c8282d0>> sleeping for 60.00 seconds _inner /usr/lib/python2.7/dist-packages/nova/openstack/common/loopingcall.py:132
2018-02-12 07:42:22.553 221 DEBUG nova.openstack.common.loopingcall [-] Dynamic looping call <bound method Service.periodic_tasks of <nova.service.Service object at 0x7fa70c8282d0>> sleeping for 60.00 seconds _inner /usr/lib/python2.7/dist-packages/nova/openstack/common/loopingcall.py:132
2018-02-12 07:42:31.723 219 DEBUG nova.openstack.common.loopingcall [-] Dynamic looping call <bound method Service.periodic_tasks of <nova.service.Service object at 0x7fa70c8282d0>> sleeping for 60.00 seconds _inner /usr/lib/python2.7/dist-packages/nova/openstack/common/loopingcall.py:132
2018-02-12 07:42:47.969 222 DEBUG nova.openstack.common.loopingcall [-] Dynamic looping call <bound method Service.periodic_tasks of <nova.service.Service object at 0x7fa70c8282d0>> sleeping for 60.00 seconds _inner /usr/lib/python2.7/dist-packages/nova/openstack/common/loopingcall.py:132
2018-02-12 07:43:08.454 220 DEBUG nova.openstack.common.loopingcall [-] Dynamic looping call <bound method Service.periodic_tasks of <nova.service.Service object at 0x7fa70c8282d0>> sleeping for 60.00 seconds _inner /usr/lib/python2.7/dist-packages/nova/openstack/common/loopingcall.py:132
2018-02-12 07:43:22.558 221 DEBUG nova.openstack.common.loopingcall [-] Dynamic looping call <bound method Service.periodic_tasks of <nova.service.Service object at 0x7fa70c8282d0>> sleeping for 60.00 seconds _inner /usr/lib/python2.7/dist-packages/nova/openstack/common/loopingcall.py:132
2018-02-12 07:43:31.727 219 DEBUG nova.openstack.common.loopingcall [-] Dynamic looping call <bound method Service.periodic_tasks of <nova.service.Service object at 0x7fa70c8282d0>> sleeping for 60.00 seconds _inner /usr/lib/python2.7/dist-packages/nova/openstack/common/loopingcall.py:132
2018-02-12 07:43:47.971 222 DEBUG nova.openstack.common.loopingcall [-] Dynamic looping call <bound method Service.periodic_tasks of <nova.service.Service object at 0x7fa70c8282d0>> sleeping for 60.00 seconds _inner /usr/lib/python2.7/dist-packages/nova/openstack/common/loopingcall.py:132
2018-02-12 07:44:08.460 220 DEBUG nova.openstack.common.loopingcall [-] Dynamic looping call <bound method Service.periodic_tasks of <nova.service.Service object at 0x7fa70c8282d0>> sleeping for 60.00 seconds _inner /usr/lib/python2.7/dist-packages/nova/openstack/common/loopingcall.py:132
2018-02-12 07:44:22.562 221 DEBUG nova.openstack.common.loopingcall [-] Dynamic looping call <bound method Service.periodic_tasks of <nova.service.Service object at 0x7fa70c8282d0>> sleeping for 60.00 seconds _inner /usr/lib/python2.7/dist-packages/nova/openstack/common/loopingcall.py:132
2018-02-12 07:44:31.730 219 DEBUG nova.openstack.common.loopingcall [-] Dynamic looping call <bound method Service.periodic_tasks of <nova.service.Service object at 0x7fa70c8282d0>> sleeping for 60.00 seconds _inner /usr/lib/python2.7/dist-packages/nova/openstack/common/loopingcall.py:132
2018-02-12 07:44:47.974 222 DEBUG nova.openstack.common.loopingcall [-] Dynamic looping call <bound method Service.periodic_tasks of <nova.service.Service object at 0x7fa70c8282d0>> sleeping for 60.00 seconds _inner /usr/lib/python2.7/dist-packages/nova/openstack/common/loopingcall.py:132
2018-02-12 07:45:08.463 220 DEBUG nova.openstack.common.loopingcall [-] Dynamic looping call <bound method Service.periodic_tasks of <nova.service.Service object at 0x7fa70c8282d0>> sleeping for 60.00 seconds _inner /usr/lib/python2.7/dist-packages/nova/openstack/common/loopingcall.py:132
2018-02-12 07:45:22.565 221 DEBUG nova.openstack.common.loopingcall [-] Dynamic looping call <bound method Service.periodic_tasks of <nova.service.Service object at 0x7fa70c8282d0>> sleeping for 60.00 seconds _inner /usr/lib/python2.7/dist-packages/nova/openstack/common/loopingcall.py:132
2018-02-12 07:45:31.733 219 DEBUG nova.openstack.common.loopingcall [-] Dynamic looping call <bound method Service.periodic_tasks of <nova.service.Service object at 0x7fa70c8282d0>> sleeping for 60.00 seconds _inner /usr/lib/python2.7/dist-packages/nova/openstack/common/loopingcall.py:132
2018-02-12 07:45:47.980 222 DEBUG nova.openstack.common.loopingcall [-] Dynamic looping call <bound method Service.periodic_tasks of <nova.service.Service object at 0x7fa70c8282d0>> sleeping for 60.00 seconds _inner /usr/lib/python2.7/dist-packages/nova/openstack/common/loopingcall.py:132
2018-02-12 07:46:08.468 220 DEBUG nova.openstack.common.loopingcall [-] Dynamic looping call <bound method Service.periodic_tasks of <nova.service.Service object at 0x7fa70c8282d0>> sleeping for 60.00 seconds _inner /usr/lib/python2.7/dist-packages/nova/openstack/common/loopingcall.py:132
2018-02-12 07:46:22.570 221 DEBUG nova.openstack.common.loopingcall [-] Dynamic looping call <bound method Service.periodic_tasks of <nova.service.Service object at 0x7fa70c8282d0>> sleeping for 60.00 seconds _inner /usr/lib/python2.7/dist-packages/nova/openstack/common/loopingcall.py:132
2018-02-12 07:46:31.736 219 DEBUG nova.openstack.common.loopingcall [-] Dynamic looping call <bound method Service.periodic_tasks of <nova.service.Service object at 0x7fa70c8282d0>> sleeping for 60.00 seconds _inner /usr/lib/python2.7/dist-packages/nova/openstack/common/loopingcall.py:132
2018-02-12 07:46:47.985 222 DEBUG nova.openstack.common.loopingcall [-] Dynamic looping call <bound method Service.periodic_tasks of <nova.service.Service object at 0x7fa70c8282d0>> sleeping for 60.00 seconds _inner /usr/lib/python2.7/dist-packages/nova/openstack/common/loopingcall.py:132
2018-02-12 07:47:08.471 220 DEBUG nova.openstack.common.loopingcall [-] Dynamic looping call <bound method Service.periodic_tasks of <nova.service.Service object at 0x7fa70c8282d0>> sleeping for 60.00 seconds _inner /usr/lib/python2.7/dist-packages/nova/openstack/common/loopingcall.py:132
2018-02-12 07:47:22.572 221 DEBUG nova.openstack.common.loopingcall [-] Dynamic looping call <bound method Service.periodic_tasks of <nova.service.Service object at 0x7fa70c8282d0>> sleeping for 60.00 seconds _inner /usr/lib/python2.7/dist-packages/nova/openstack/common/loopingcall.py:132
2018-02-12 07:47:31.740 219 DEBUG nova.openstack.common.loopingcall [-] Dynamic looping call <bound method Service.periodic_tasks of <nova.service.Service object at 0x7fa70c8282d0>> sleeping for 60.00 seconds _inner /usr/lib/python2.7/dist-packages/nova/openstack/common/loopingcall.py:132
2018-02-12 07:47:47.987 222 DEBUG nova.openstack.common.loopingcall [-] Dynamic looping call <bound method Service.periodic_tasks of <nova.service.Service object at 0x7fa70c8282d0>> sleeping for 60.00 seconds _inner /usr/lib/python2.7/dist-packages/nova/openstack/common/loopingcall.py:132
2018-02-12 07:48:08.476 220 DEBUG nova.openstack.common.loopingcall [-] Dynamic looping call <bound method Service.periodic_tasks of <nova.service.Service object at 0x7fa70c8282d0>> sleeping for 60.00 seconds _inner /usr/lib/python2.7/dist-packages/nova/openstack/common/loopingcall.py:132
2018-02-12 07:48:22.574 221 DEBUG nova.openstack.common.loopingcall [-] Dynamic looping call <bound method Service.periodic_tasks of <nova.service.Service object at 0x7fa70c8282d0>> sleeping for 60.00 seconds _inner /usr/lib/python2.7/dist-packages/nova/openstack/common/loopingcall.py:132
2018-02-12 07:48:31.745 219 DEBUG nova.openstack.common.loopingcall [-] Dynamic looping call <bound method Service.periodic_tasks of <nova.service.Service object at 0x7fa70c8282d0>> sleeping for 60.00 seconds _inner /usr/lib/python2.7/dist-packages/nova/openstack/common/loopingcall.py:132
2018-02-12 07:48:47.988 222 DEBUG nova.openstack.common.loopingcall [-] Dynamic looping call <bound method Service.periodic_tasks of <nova.service.Service object at 0x7fa70c8282d0>> sleeping for 60.00 seconds _inner /usr/lib/python2.7/dist-packages/nova/openstack/common/loopingcall.py:132
